Archive member included to satisfy reference by file (symbol)

/home/abhishek/Documents/MCUXpresso_10.3.1_2233/workspace/lpcxpresso54114_BB_LPC_code_freertos_usart/libs/libpower_cm4_hardabi.a(fsl_power_lib.o)
                              ./drivers/fsl_clock.o (POWER_SetVoltageForFreq)
/usr/local/mcuxpressoide-10.3.1_2233/ide/plugins/com.nxp.mcuxpresso.tools.linux_10.3.0.201811011841/tools/bin/../lib/gcc/arm-none-eabi/7.3.1/../../../../arm-none-eabi/lib/thumb/v7e-m/fpv4-sp/hard/libcr_semihost_nf.a(_cr__main.o)
                              ./startup/startup_lpc5411x.o (__main)
/usr/local/mcuxpressoide-10.3.1_2233/ide/plugins/com.nxp.mcuxpresso.tools.linux_10.3.0.201811011841/tools/bin/../lib/gcc/arm-none-eabi/7.3.1/../../../../arm-none-eabi/lib/thumb/v7e-m/fpv4-sp/hard/libcr_semihost_nf.a(_cr_assert.o)
                              ./utilities/fsl_debug_console.o (__assertion_failed)
/usr/local/mcuxpressoide-10.3.1_2233/ide/plugins/com.nxp.mcuxpresso.tools.linux_10.3.0.201811011841/tools/bin/../lib/gcc/arm-none-eabi/7.3.1/../../../../arm-none-eabi/lib/thumb/v7e-m/fpv4-sp/hard/libcr_semihost_nf.a(__ciob.o)
                              /usr/local/mcuxpressoide-10.3.1_2233/ide/plugins/com.nxp.mcuxpresso.tools.linux_10.3.0.201811011841/tools/bin/../lib/gcc/arm-none-eabi/7.3.1/../../../../arm-none-eabi/lib/thumb/v7e-m/fpv4-sp/hard/libcr_semihost_nf.a(_cr_assert.o) (__Ciob)
/usr/local/mcuxpressoide-10.3.1_2233/ide/plugins/com.nxp.mcuxpresso.tools.linux_10.3.0.201811011841/tools/bin/../lib/gcc/arm-none-eabi/7.3.1/../../../../arm-none-eabi/lib/thumb/v7e-m/fpv4-sp/hard/libcr_semihost_nf.a(__sys_appexit.o)
                              /usr/local/mcuxpressoide-10.3.1_2233/ide/plugins/com.nxp.mcuxpresso.tools.linux_10.3.0.201811011841/tools/bin/../lib/gcc/arm-none-eabi/7.3.1/../../../../arm-none-eabi/lib/thumb/v7e-m/fpv4-sp/hard/libcr_semihost_nf.a(_cr_assert.o) (__sys_appexit)
/usr/local/mcuxpressoide-10.3.1_2233/ide/plugins/com.nxp.mcuxpresso.tools.linux_10.3.0.201811011841/tools/bin/../lib/gcc/arm-none-eabi/7.3.1/../../../../arm-none-eabi/lib/thumb/v7e-m/fpv4-sp/hard/libcr_c.a(memcpy.o)
                              ./amazon-freertos/FreeRTOS/queue.o (memcpy)
/usr/local/mcuxpressoide-10.3.1_2233/ide/plugins/com.nxp.mcuxpresso.tools.linux_10.3.0.201811011841/tools/bin/../lib/gcc/arm-none-eabi/7.3.1/../../../../arm-none-eabi/lib/thumb/v7e-m/fpv4-sp/hard/libcr_c.a(memset.o)
                              ./utilities/fsl_debug_console.o (memset)
/usr/local/mcuxpressoide-10.3.1_2233/ide/plugins/com.nxp.mcuxpresso.tools.linux_10.3.0.201811011841/tools/bin/../lib/gcc/arm-none-eabi/7.3.1/../../../../arm-none-eabi/lib/thumb/v7e-m/fpv4-sp/hard/libcr_c.a(_deferredlazyseek.o)
                              /usr/local/mcuxpressoide-10.3.1_2233/ide/plugins/com.nxp.mcuxpresso.tools.linux_10.3.0.201811011841/tools/bin/../lib/gcc/arm-none-eabi/7.3.1/../../../../arm-none-eabi/lib/thumb/v7e-m/fpv4-sp/hard/libcr_semihost_nf.a(_cr_assert.o) (__flsbuf)
/usr/local/mcuxpressoide-10.3.1_2233/ide/plugins/com.nxp.mcuxpresso.tools.linux_10.3.0.201811011841/tools/bin/../lib/gcc/arm-none-eabi/7.3.1/../../../../arm-none-eabi/lib/thumb/v7e-m/fpv4-sp/hard/libcr_c.a(_fflush.o)
                              /usr/local/mcuxpressoide-10.3.1_2233/ide/plugins/com.nxp.mcuxpresso.tools.linux_10.3.0.201811011841/tools/bin/../lib/gcc/arm-none-eabi/7.3.1/../../../../arm-none-eabi/lib/thumb/v7e-m/fpv4-sp/hard/libcr_c.a(_deferredlazyseek.o) (_fflush)
/usr/local/mcuxpressoide-10.3.1_2233/ide/plugins/com.nxp.mcuxpresso.tools.linux_10.3.0.201811011841/tools/bin/../lib/gcc/arm-none-eabi/7.3.1/../../../../arm-none-eabi/lib/thumb/v7e-m/fpv4-sp/hard/libcr_c.a(_writebuf.o)
                              /usr/local/mcuxpressoide-10.3.1_2233/ide/plugins/com.nxp.mcuxpresso.tools.linux_10.3.0.201811011841/tools/bin/../lib/gcc/arm-none-eabi/7.3.1/../../../../arm-none-eabi/lib/thumb/v7e-m/fpv4-sp/hard/libcr_c.a(_deferredlazyseek.o) (_Cwritebuf)
/usr/local/mcuxpressoide-10.3.1_2233/ide/plugins/com.nxp.mcuxpresso.tools.linux_10.3.0.201811011841/tools/bin/../lib/gcc/arm-none-eabi/7.3.1/../../../../arm-none-eabi/lib/thumb/v7e-m/fpv4-sp/hard/libcr_c.a(alloc.o)
                              ./drivers/fsl_common.o (malloc)
/usr/local/mcuxpressoide-10.3.1_2233/ide/plugins/com.nxp.mcuxpresso.tools.linux_10.3.0.201811011841/tools/bin/../lib/gcc/arm-none-eabi/7.3.1/../../../../arm-none-eabi/lib/thumb/v7e-m/fpv4-sp/hard/libcr_c.a(fputs.o)
                              /usr/local/mcuxpressoide-10.3.1_2233/ide/plugins/com.nxp.mcuxpresso.tools.linux_10.3.0.201811011841/tools/bin/../lib/gcc/arm-none-eabi/7.3.1/../../../../arm-none-eabi/lib/thumb/v7e-m/fpv4-sp/hard/libcr_semihost_nf.a(_cr_assert.o) (fputs)
/usr/local/mcuxpressoide-10.3.1_2233/ide/plugins/com.nxp.mcuxpresso.tools.linux_10.3.0.201811011841/tools/bin/../lib/gcc/arm-none-eabi/7.3.1/../../../../arm-none-eabi/lib/thumb/v7e-m/fpv4-sp/hard/libcr_c.a(fseek.o)
[...]
Memory Configuration

Name             Origin             Length             Attributes
PROGRAM_FLASH    0x0000000000000000 0x0000000000040000 xr
SRAM1            0x0000000020010000 0x0000000000010000 xrw
SRAM0            0x0000000020000000 0x0000000000010000 xrw
SRAMX            0x0000000004000000 0x0000000000008000 xrw
SRAM2            0x0000000020020000 0x0000000000008000 xrw
*default*        0x0000000000000000 0xffffffffffffffff

Linker script and memory map

LOAD ./utilities/fsl_assert.o
LOAD ./utilities/fsl_debug_console.o
LOAD ./utilities/fsl_str.o
LOAD ./startup/boot_multicore_slave.o
LOAD ./startup/startup_lpc5411x.o
LOAD ./source/BB_LPC_code.o
LOAD ./source/semihost_hardfault.o
LOAD ./drivers/freertos/fsl_usart_freertos.o
LOAD ./drivers/fsl_clock.o
LOAD ./drivers/fsl_common.o
LOAD ./drivers/fsl_ctimer.o
LOAD ./drivers/fsl_flexcomm.o
LOAD ./drivers/fsl_gpio.o
LOAD ./drivers/fsl_inputmux.o
LOAD ./drivers/fsl_power.o
LOAD ./drivers/fsl_reset.o
LOAD ./drivers/fsl_usart.o
LOAD ./device/system_LPC54114_cm4.o
LOAD ./component/uart/usart_adapter.o
LOAD ./component/serial_manager/serial_manager.o
LOAD ./component/serial_manager/serial_port_uart.o
LOAD ./component/lists/generic_list.o
LOAD ./board/board.o
LOAD ./board/clock_config.o
LOAD ./board/peripherals.o
LOAD ./board/pin_mux.o
LOAD ./amazon-freertos/FreeRTOS/portable/fsl_tickless_systick.o
LOAD ./amazon-freertos/FreeRTOS/portable/heap_4.o
LOAD ./amazon-freertos/FreeRTOS/portable/port.o
LOAD ./amazon-freertos/FreeRTOS/event_groups.o
LOAD ./amazon-freertos/FreeRTOS/list.o
LOAD ./amazon-freertos/FreeRTOS/queue.o
LOAD ./amazon-freertos/FreeRTOS/stream_buffer.o
LOAD ./amazon-freertos/FreeRTOS/tasks.o
LOAD ./amazon-freertos/FreeRTOS/timers.o
LOAD /home/abhishek/Documents/MCUXpresso_10.3.1_2233/workspace/lpcxpresso54114_BB_LPC_code_freertos_usart/libs/libpower_cm4_hardabi.a
START GROUP
LOAD /usr/local/mcuxpressoide-10.3.1_2233/ide/plugins/com.nxp.mcuxpresso.tools.linux_10.3.0.201811011841/tools/bin/../lib/gcc/arm-none-eabi/7.3.1/../../../../arm-none-eabi/lib/thumb/v7e-m/fpv4-sp/hard/libcr_semihost_nf.a
LOAD /usr/local/mcuxpressoide-10.3.1_2233/ide/plugins/com.nxp.mcuxpresso.tools.linux_10.3.0.201811011841/tools/bin/../lib/gcc/arm-none-eabi/7.3.1/../../../../arm-none-eabi/lib/thumb/v7e-m/fpv4-sp/hard/libcr_c.a
LOAD /usr/local/mcuxpressoide-10.3.1_2233/ide/plugins/com.nxp.mcuxpresso.tools.linux_10.3.0.201811011841/tools/bin/../lib/gcc/arm-none-eabi/7.3.1/thumb/v7e-m/fpv4-sp/hard/libcr_eabihelpers.a
LOAD /usr/local/mcuxpressoide-10.3.1_2233/ide/plugins/com.nxp.mcuxpresso.tools.linux_10.3.0.201811011841/tools/bin/../lib/gcc/arm-none-eabi/7.3.1/thumb/v7e-m/fpv4-sp/hard/libgcc.a
END GROUP
                0x0000000000000000                __base_PROGRAM_FLASH = 0x0
                0x0000000000000000                __base_Flash = 0x0
                0x0000000000040000                __top_PROGRAM_FLASH = 0x40000
                0x0000000000040000                __top_Flash = 0x40000
                0x0000000020010000                __base_SRAM1 = 0x20010000
                0x0000000020010000                __base_RAM = 0x20010000
                0x0000000020020000                __top_SRAM1 = 0x20020000
                0x0000000020020000                __top_RAM = 0x20020000
                0x0000000020000000                __base_SRAM0 = 0x20000000
                0x0000000020000000                __base_RAM2 = 0x20000000
                0x0000000020010000                __top_SRAM0 = 0x20010000
                0x0000000020010000                __top_RAM2 = 0x20010000
                0x0000000004000000                __base_SRAMX = 0x4000000
                0x0000000004000000                __base_RAM3 = 0x4000000
                0x0000000004008000                __top_SRAMX = 0x4008000
                0x0000000004008000                __top_RAM3 = 0x4008000
                0x0000000020020000                __base_SRAM2 = 0x20020000
                0x0000000020020000                __base_RAM4 = 0x20020000
                0x0000000020028000                __top_SRAM2 = 0x20028000
                0x0000000020028000                __top_RAM4 = 0x20028000

.text           0x0000000000000000     0x874c
 FILL mask 0xff
                0x0000000000000000                __vectors_start__ = ABSOLUTE (.)
 *(SORT_BY_ALIGNMENT(.isr_vector))
 .isr_vector    0x0000000000000000       0xe0 ./startup/startup_lpc5411x.o
                0x0000000000000000                __Vectors
                0x0000000000000000                g_pfnVectors
                0x00000000000000e0                . = ALIGN (0x4)
                0x00000000000000e0                __section_table_start = .
                0x00000000000000e0                __data_section_table = .
                0x00000000000000e0        0x4 LONG 0x874c LOADADDR (.data)
                0x00000000000000e4        0x4 LONG 0x20010000 ADDR (.data)
                0x00000000000000e8        0x4 LONG 0x20 SIZEOF (.data)
                0x00000000000000ec        0x4 LONG 0x874c LOADADDR (.data_RAM2)
                0x00000000000000f0        0x4 LONG 0x20000000 ADDR (.data_RAM2)
                0x00000000000000f4        0x4 LONG 0x0 SIZEOF (.data_RAM2)
                0x00000000000000f8        0x4 LONG 0x874c LOADADDR (.data_RAM3)
                0x00000000000000fc        0x4 LONG 0x4000000 ADDR (.data_RAM3)
                0x0000000000000100        0x4 LONG 0x0 SIZEOF (.data_RAM3)
                0x0000000000000104        0x4 LONG 0x874c LOADADDR (.data_RAM4)
                0x0000000000000108        0x4 LONG 0x20020000 ADDR (.data_RAM4)
                0x000000000000010c        0x4 LONG 0x0 SIZEOF (.data_RAM4)
                0x0000000000000110                __data_section_table_end = .
                0x0000000000000110                __bss_section_table = .
                0x0000000000000110        0x4 LONG 0x20010020 ADDR (.bss)
                0x0000000000000114        0x4 LONG 0x2b68 SIZEOF (.bss)
                0x0000000000000118        0x4 LONG 0x20000000 ADDR (.bss_RAM2)
                0x000000000000011c        0x4 LONG 0x0 SIZEOF (.bss_RAM2)
                0x0000000000000120        0x4 LONG 0x4000000 ADDR (.bss_RAM3)
                0x0000000000000124        0x4 LONG 0x0 SIZEOF (.bss_RAM3)
                0x0000000000000128        0x4 LONG 0x20020000 ADDR (.bss_RAM4)
                0x000000000000012c        0x4 LONG 0x0 SIZEOF (.bss_RAM4)
                0x0000000000000130                __bss_section_table_end = .
                0x0000000000000130                __section_table_end = .
 *(SORT_BY_ALIGNMENT(.after_vectors*))
 .after_vectors.reset
                0x0000000000000130       0x58 ./startup/startup_lpc5411x.o
                0x0000000000000130                ResetISR
 .after_vectors.init_data
                0x0000000000000188       0x1e ./startup/startup_lpc5411x.o
                0x0000000000000188                data_init
 .after_vectors.init_bss
                0x00000000000001a6       0x12 ./startup/startup_lpc5411x.o
                0x00000000000001a6                bss_init
 .after_vectors
                0x00000000000001b8       0x14 ./startup/startup_lpc5411x.o
                0x00000000000001b8                NMI_Handler
                0x00000000000001c2                MemManage_Handler
                0x00000000000001c4                BusFault_Handler
                0x00000000000001c6                UsageFault_Handler
                0x00000000000001c8                DebugMon_Handler
                0x00000000000001ca                DMA0_DriverIRQHandler
                0x00000000000001ca                PIN_INT3_DriverIRQHandler
                0x00000000000001ca                PIN_INT2_DriverIRQHandler
                0x00000000000001ca                PIN_INT0_DriverIRQHandler
                0x00000000000001ca                SPIFI0_DriverIRQHandler
                0x00000000000001ca                IntDefaultHandler
                0x00000000000001ca                USB0_DriverIRQHandler
                0x00000000000001ca                MRT0_DriverIRQHandler
                0x00000000000001ca                UTICK0_DriverIRQHandler
                0x00000000000001ca                DMIC0_DriverIRQHandler
                0x00000000000001ca                PIN_INT4_DriverIRQHandler
                0x00000000000001ca                PIN_INT5_DriverIRQHandler
                0x00000000000001ca                ADC0_THCMP_DriverIRQHandler
                0x00000000000001ca                GINT1_DriverIRQHandler
                0x00000000000001ca                PIN_INT7_DriverIRQHandler
                0x00000000000001ca                IOH_DriverIRQHandler
                0x00000000000001ca                USB0_NEEDCLK_DriverIRQHandler
                0x00000000000001ca                ADC0_SEQB_DriverIRQHandler
                0x00000000000001ca                PIN_INT6_DriverIRQHandler
                0x00000000000001ca                MAILBOX_DriverIRQHandler
                0x00000000000001ca                PIN_INT1_DriverIRQHandler
                0x00000000000001ca                HWVAD0_DriverIRQHandler
                0x00000000000001ca                RTC_DriverIRQHandler
                0x00000000000001ca                Reserved54_DriverIRQHandler
                0x00000000000001ca                ADC0_SEQA_DriverIRQHandler
                0x00000000000001ca                GINT0_DriverIRQHandler
                0x00000000000001ca                WDT_BOD_DriverIRQHandler
                0x00000000000001ca                SCT0_DriverIRQHandler
 *(SORT_BY_ALIGNMENT(.text*))
 *fill*         0x00000000000001cc        0x4 ff
 .text.SVC_Handler
                0x00000000000001d0       0x28 ./amazon-freertos/FreeRTOS/portable/port.o
                0x00000000000001d0                SVC_Handler
 *fill*         0x00000000000001f8        0x8 ff
 .text.PendSV_Handler
                0x0000000000000200       0x68 ./amazon-freertos/FreeRTOS/portable/port.o
                0x0000000000000200                PendSV_Handler
 .text.DbgConsole_Init
                0x0000000000000268       0xf8 ./utilities/fsl_debug_console.o
                0x0000000000000268                DbgConsole_Init
 .text.ResetISR2
                0x0000000000000360       0x78 ./startup/startup_lpc5411x.o
                0x0000000000000360                ResetISR2
 .text.__NVIC_SetPriority
                0x00000000000003d8       0x54 ./source/BB_LPC_code.o
 .text.main     0x000000000000042c      0x134 ./source/BB_LPC_code.o
                0x000000000000042c                main
 .text.uart_task
                0x0000000000000560       0x74 ./source/BB_LPC_code.o
 .text.Drive_task
                0x00000000000005d4       0xa0 ./source/BB_LPC_code.o
 .text.Forward  0x0000000000000674       0x34 ./source/BB_LPC_code.o
                0x0000000000000674                Forward
 .text.Turn_Left
                0x00000000000006a8       0x34 ./source/BB_LPC_code.o
                0x00000000000006a8                Turn_Left
 .text.Turn_Right
                0x00000000000006dc       0x34 ./source/BB_LPC_code.o
                0x00000000000006dc                Turn_Right
 .text.Stop     0x0000000000000710       0x34 ./source/BB_LPC_code.o
                0x0000000000000710                Stop
 .text.Reverse  0x0000000000000744       0x34 ./source/BB_LPC_code.o
                0x0000000000000744                Reverse
 .text.USART_RTOS_Callback
                0x0000000000000778       0x9c ./drivers/freertos/fsl_usart_freertos.o
 .text.USART_RTOS_Init
                0x0000000000000814      0x158 ./drivers/freertos/fsl_usart_freertos.o
                0x0000000000000814                USART_RTOS_Init
 .text.CLOCK_GetAsyncApbClkSrc
                0x000000000000096c       0x20 ./drivers/fsl_clock.o
 .text.CLOCK_AttachClk
                0x000000000000098c       0x88 ./drivers/fsl_clock.o
                0x000000000000098c                CLOCK_AttachClk
 .text.CLOCK_GetFro12MFreq
                0x0000000000000a14       0x28 ./drivers/fsl_clock.o
                0x0000000000000a14                CLOCK_GetFro12MFreq
 .text.CLOCK_GetWdtOscFreq
                0x0000000000000a3c       0x68 ./drivers/fsl_clock.o
                0x0000000000000a3c                CLOCK_GetWdtOscFreq
 .text.CLOCK_GetFroHfFreq
                0x0000000000000aa4       0x50 ./drivers/fsl_clock.o
                0x0000000000000aa4                CLOCK_GetFroHfFreq
 .text.CLOCK_GetPllOutFreq
                0x0000000000000af4       0x18 ./drivers/fsl_clock.o
                0x0000000000000af4                CLOCK_GetPllOutFreq
 .text.CLOCK_GetI2SMClkFreq
                0x0000000000000b0c       0x18 ./drivers/fsl_clock.o
                0x0000000000000b0c                CLOCK_GetI2SMClkFreq
 .text.CLOCK_GetAsyncApbClkFreq
                0x0000000000000b24       0x3c ./drivers/fsl_clock.o
                0x0000000000000b24                CLOCK_GetAsyncApbClkFreq
 .text.CLOCK_GetFlexCommClkFreq
                0x0000000000000b60       0x6c ./drivers/fsl_clock.o
                0x0000000000000b60                CLOCK_GetFlexCommClkFreq
 .text.CLOCK_GetFRGInputClock
                0x0000000000000bcc       0x58 ./drivers/fsl_clock.o
                0x0000000000000bcc                CLOCK_GetFRGInputClock
 .text.CLOCK_GetDmicClkFreq
                0x0000000000000c24       0x80 ./drivers/fsl_clock.o
                0x0000000000000c24                CLOCK_GetDmicClkFreq
 .text.CLOCK_GetFreq
                0x0000000000000ca4      0x134 ./drivers/fsl_clock.o
                0x0000000000000ca4                CLOCK_GetFreq
 .text.__NVIC_EnableIRQ
                0x0000000000000dd8       0x3c ./drivers/fsl_ctimer.o
 .text.CLOCK_EnableClock
                0x0000000000000e14       0x4c ./drivers/fsl_ctimer.o
 .text.CTIMER_GetInstance
                0x0000000000000e60       0x54 ./drivers/fsl_ctimer.o
 .text.CTIMER_Init
                0x0000000000000eb4       0x74 ./drivers/fsl_ctimer.o
                0x0000000000000eb4                CTIMER_Init
 .text.CTIMER_GetDefaultConfig
                0x0000000000000f28       0x3c ./drivers/fsl_ctimer.o
                0x0000000000000f28                CTIMER_GetDefaultConfig
 .text.CTIMER_SetupPwm
                0x0000000000000f64      0x11c ./drivers/fsl_ctimer.o
                0x0000000000000f64                CTIMER_SetupPwm
 .text.CTIMER_UpdatePwmDutycycle
                0x0000000000001080       0x70 ./drivers/fsl_ctimer.o
                0x0000000000001080                CTIMER_UpdatePwmDutycycle
 .text.CTIMER_GenericIRQHandler
                0x00000000000010f0       0xb8 ./drivers/fsl_ctimer.o
                0x00000000000010f0                CTIMER_GenericIRQHandler
 .text.CLOCK_EnableClock
                0x00000000000011a8       0x4c ./drivers/fsl_flexcomm.o
 .text.FLEXCOMM_GetInstance
                0x00000000000011f4       0x44 ./drivers/fsl_flexcomm.o
                0x00000000000011f4                FLEXCOMM_GetInstance
 .text.FLEXCOMM_Init
                0x0000000000001238       0x5c ./drivers/fsl_flexcomm.o
                0x0000000000001238                FLEXCOMM_Init
 .text.FLEXCOMM_SetIRQHandler
                0x0000000000001294       0x48 ./drivers/fsl_flexcomm.o
                0x0000000000001294                FLEXCOMM_SetIRQHandler
 .text.FLEXCOMM0_DriverIRQHandler
                0x00000000000012dc       0x3c ./drivers/fsl_flexcomm.o
                0x00000000000012dc                FLEXCOMM0_DriverIRQHandler
 .text.FLEXCOMM1_DriverIRQHandler
                0x0000000000001318       0x3c ./drivers/fsl_flexcomm.o
                0x0000000000001318                FLEXCOMM1_DriverIRQHandler
 .text.FLEXCOMM2_DriverIRQHandler
                0x0000000000001354       0x3c ./drivers/fsl_flexcomm.o
                0x0000000000001354                FLEXCOMM2_DriverIRQHandler
 .text.FLEXCOMM3_DriverIRQHandler
                0x0000000000001390       0x3c ./drivers/fsl_flexcomm.o
                0x0000000000001390                FLEXCOMM3_DriverIRQHandler
 .text.FLEXCOMM4_DriverIRQHandler
                0x00000000000013cc       0x3c ./drivers/fsl_flexcomm.o
                0x00000000000013cc                FLEXCOMM4_DriverIRQHandler
 .text.FLEXCOMM5_DriverIRQHandler
                0x0000000000001408       0x3c ./drivers/fsl_flexcomm.o
                0x0000000000001408                FLEXCOMM5_DriverIRQHandler
 .text.FLEXCOMM6_DriverIRQHandler
                0x0000000000001444       0x3c ./drivers/fsl_flexcomm.o
                0x0000000000001444                FLEXCOMM6_DriverIRQHandler
 .text.FLEXCOMM7_DriverIRQHandler
                0x0000000000001480       0x3c ./drivers/fsl_flexcomm.o
                0x0000000000001480                FLEXCOMM7_DriverIRQHandler
 .text.RESET_SetPeripheralReset
                0x00000000000014bc       0x7c ./drivers/fsl_reset.o
                0x00000000000014bc                RESET_SetPeripheralReset
 .text.RESET_ClearPeripheralReset
                0x0000000000001538       0x80 ./drivers/fsl_reset.o
                0x0000000000001538                RESET_ClearPeripheralReset
 .text.__NVIC_EnableIRQ
                0x00000000000015b8       0x3c ./drivers/fsl_usart.o
 .text.USART_GetInstance
                0x00000000000015f4       0x44 ./drivers/fsl_usart.o
                0x00000000000015f4                USART_GetInstance
 .text.USART_TransferGetRxRingBufferLength
                0x0000000000001638       0x60 ./drivers/fsl_usart.o
                0x0000000000001638                USART_TransferGetRxRingBufferLength
 .text.USART_TransferIsRxRingBufferFull
                0x0000000000001698       0x40 ./drivers/fsl_usart.o
 .text.USART_TransferStartRingBuffer
                0x00000000000016d8       0x70 ./drivers/fsl_usart.o
                0x00000000000016d8                USART_TransferStartRingBuffer
 .text.USART_Init
                0x0000000000001748      0x14c ./drivers/fsl_usart.o
                0x0000000000001748                USART_Init
 .text.USART_GetDefaultConfig
                0x0000000000001894       0x64 ./drivers/fsl_usart.o
                0x0000000000001894                USART_GetDefaultConfig
 .text.USART_SetBaudRate
                0x00000000000018f8       0xe4 ./drivers/fsl_usart.o
                0x00000000000018f8                USART_SetBaudRate
 .text.USART_TransferCreateHandle
                0x00000000000019dc       0xbc ./drivers/fsl_usart.o
                0x00000000000019dc                USART_TransferCreateHandle
 .text.USART_TransferReceiveNonBlocking
                0x0000000000001a98      0x1ac ./drivers/fsl_usart.o
                0x0000000000001a98                USART_TransferReceiveNonBlocking
 .text.USART_TransferAbortReceive
                0x0000000000001c44       0x50 ./drivers/fsl_usart.o
                0x0000000000001c44                USART_TransferAbortReceive
 .text.USART_TransferHandleIRQ
                0x0000000000001c94      0x304 ./drivers/fsl_usart.o
                0x0000000000001c94                USART_TransferHandleIRQ
 .text.SystemInit
                0x0000000000001f98       0x34 ./device/system_LPC54114_cm4.o
                0x0000000000001f98                SystemInit
 .text.HAL_UartInit
                0x0000000000001fcc      0x108 ./component/uart/usart_adapter.o
                0x0000000000001fcc                HAL_UartInit
 .text.SerialManager_Init
                0x00000000000020d4       0x74 ./component/serial_manager/serial_manager.o
                0x00000000000020d4                SerialManager_Init
 .text.SerialManager_OpenWriteHandle
                0x0000000000002148       0x58 ./component/serial_manager/serial_manager.o
                0x0000000000002148                SerialManager_OpenWriteHandle
 .text.SerialManager_OpenReadHandle
                0x00000000000021a0       0x60 ./component/serial_manager/serial_manager.o
                0x00000000000021a0                SerialManager_OpenReadHandle
 .text.Serial_UartInit
                0x0000000000002200       0x80 ./component/serial_manager/serial_port_uart.o
                0x0000000000002200                Serial_UartInit
 .text.BOARD_InitDebugConsole
                0x0000000000002280       0x48 ./board/board.o
                0x0000000000002280                BOARD_InitDebugConsole
 .text.CLOCK_EnableClock
                0x00000000000022c8       0x4c ./board/pin_mux.o
 .text.BOARD_InitPins
                0x0000000000002314       0x84 ./board/pin_mux.o
                0x0000000000002314                BOARD_InitPins
 .text.vPortSetupTimerInterrupt
                0x0000000000002398       0x48 ./amazon-freertos/FreeRTOS/portable/fsl_tickless_systick.o
                0x0000000000002398                vPortSetupTimerInterrupt
 .text.pvPortMalloc
                0x00000000000023e0      0x184 ./amazon-freertos/FreeRTOS/portable/heap_4.o
                0x00000000000023e0                pvPortMalloc
 .text.vPortFree
                0x0000000000002564       0xb0 ./amazon-freertos/FreeRTOS/portable/heap_4.o
                0x0000000000002564                vPortFree
 .text.prvHeapInit
                0x0000000000002614       0xc4 ./amazon-freertos/FreeRTOS/portable/heap_4.o
 .text.prvInsertBlockIntoFreeList
                0x00000000000026d8       0xb4 ./amazon-freertos/FreeRTOS/portable/heap_4.o
 .text.pxPortInitialiseStack
                0x000000000000278c       0x68 ./amazon-freertos/FreeRTOS/portable/port.o
                0x000000000000278c                pxPortInitialiseStack
 .text.prvTaskExitError
                0x00000000000027f4       0x54 ./amazon-freertos/FreeRTOS/portable/port.o
 .text.prvPortStartFirstTask
                0x0000000000002848       0x28 ./amazon-freertos/FreeRTOS/portable/port.o
 .text.xPortStartScheduler
                0x0000000000002870      0x13c ./amazon-freertos/FreeRTOS/portable/port.o
                0x0000000000002870                xPortStartScheduler
 .text.vPortEnterCritical
                0x00000000000029ac       0x5c ./amazon-freertos/FreeRTOS/portable/port.o
                0x00000000000029ac                vPortEnterCritical
 .text.vPortExitCritical
                0x0000000000002a08       0x50 ./amazon-freertos/FreeRTOS/portable/port.o
                0x0000000000002a08                vPortExitCritical
 .text.SysTick_Handler
                0x0000000000002a58       0x40 ./amazon-freertos/FreeRTOS/portable/port.o
                0x0000000000002a58                SysTick_Handler
 .text.vPortEnableVFP
                0x0000000000002a98       0x14 ./amazon-freertos/FreeRTOS/portable/port.o
 .text.vPortValidateInterruptPriority
                0x0000000000002aac       0x7c ./amazon-freertos/FreeRTOS/portable/port.o
                0x0000000000002aac                vPortValidateInterruptPriority
 .text.xEventGroupWaitBits
                0x0000000000002b28      0x194 ./amazon-freertos/FreeRTOS/event_groups.o
                0x0000000000002b28                xEventGroupWaitBits
 .text.xEventGroupSetBitsFromISR
                0x0000000000002cbc       0x28 ./amazon-freertos/FreeRTOS/event_groups.o
                0x0000000000002cbc                xEventGroupSetBitsFromISR
 .text.xQueueGenericReset
                0x0000000000002ce4       0xd0 ./amazon-freertos/FreeRTOS/queue.o
                0x0000000000002ce4                xQueueGenericReset
 .text.xQueueGenericSend
                0x0000000000002db4      0x1f4 ./amazon-freertos/FreeRTOS/queue.o
                0x0000000000002db4                xQueueGenericSend
 .text.xQueueReceive
                0x0000000000002fa8      0x1b8 ./amazon-freertos/FreeRTOS/queue.o
                0x0000000000002fa8                xQueueReceive
 .text.xQueueSemaphoreTake
                0x0000000000003160      0x214 ./amazon-freertos/FreeRTOS/queue.o
                0x0000000000003160                xQueueSemaphoreTake
 .text.vQueueAddToRegistry
                0x0000000000003374       0x50 ./amazon-freertos/FreeRTOS/queue.o
                0x0000000000003374                vQueueAddToRegistry
 .text.vQueueUnregisterQueue
                0x00000000000033c4       0x54 ./amazon-freertos/FreeRTOS/queue.o
                0x00000000000033c4                vQueueUnregisterQueue
 .text.prvAddNewTaskToReadyList
                0x0000000000003418       0xdc ./amazon-freertos/FreeRTOS/tasks.o
 .text.vTaskStartScheduler
                0x00000000000034f4       0x98 ./amazon-freertos/FreeRTOS/tasks.o
                0x00000000000034f4                vTaskStartScheduler
 .text.vTaskSuspendAll
                0x000000000000358c       0x1c ./amazon-freertos/FreeRTOS/tasks.o
                0x000000000000358c                vTaskSuspendAll
 .text.xTaskResumeAll
                0x00000000000035a8      0x138 ./amazon-freertos/FreeRTOS/tasks.o
                0x00000000000035a8                xTaskResumeAll
 .text.xTaskGetTickCount
                0x00000000000036e0       0x20 ./amazon-freertos/FreeRTOS/tasks.o
                0x00000000000036e0                xTaskGetTickCount
 .text.xTaskIncrementTick
                0x0000000000003700      0x158 ./amazon-freertos/FreeRTOS/tasks.o
                0x0000000000003700                xTaskIncrementTick
 .text.vTaskSwitchContext
                0x0000000000003858       0xb4 ./amazon-freertos/FreeRTOS/tasks.o
                0x0000000000003858                vTaskSwitchContext
 .text.vTaskPlaceOnEventList
                0x000000000000390c       0x48 ./amazon-freertos/FreeRTOS/tasks.o
                0x000000000000390c                vTaskPlaceOnEventList
 .text.vTaskPlaceOnUnorderedEventList
                0x0000000000003954       0x74 ./amazon-freertos/FreeRTOS/tasks.o
                0x0000000000003954                vTaskPlaceOnUnorderedEventList
 .text.vTaskPlaceOnEventListRestricted
                0x00000000000039c8       0x54 ./amazon-freertos/FreeRTOS/tasks.o
                0x00000000000039c8                vTaskPlaceOnEventListRestricted
 .text.xTaskRemoveFromEventList
                0x0000000000003a1c       0xc4 ./amazon-freertos/FreeRTOS/tasks.o
                0x0000000000003a1c                xTaskRemoveFromEventList
 .text.vTaskRemoveFromUnorderedEventList
                0x0000000000003ae0       0xc0 ./amazon-freertos/FreeRTOS/tasks.o
                0x0000000000003ae0                vTaskRemoveFromUnorderedEventList
 .text.vTaskInternalSetTimeOutState
                0x0000000000003ba0       0x2c ./amazon-freertos/FreeRTOS/tasks.o
                0x0000000000003ba0                vTaskInternalSetTimeOutState
 .text.xTaskCheckForTimeOut
                0x0000000000003bcc       0xc0 ./amazon-freertos/FreeRTOS/tasks.o
                0x0000000000003bcc                xTaskCheckForTimeOut
 .text.vTaskMissedYield
                0x0000000000003c8c       0x18 ./amazon-freertos/FreeRTOS/tasks.o
                0x0000000000003c8c                vTaskMissedYield
 .text.prvIdleTask
                0x0000000000003ca4       0x30 ./amazon-freertos/FreeRTOS/tasks.o
 .text.prvInitialiseTaskLists
                0x0000000000003cd4       0x80 ./amazon-freertos/FreeRTOS/tasks.o
 .text.prvCheckTasksWaitingTermination
                0x0000000000003d54       0x58 ./amazon-freertos/FreeRTOS/tasks.o
 .text.prvResetNextTaskUnblockTime
                0x0000000000003dac       0x4c ./amazon-freertos/FreeRTOS/tasks.o
 .text.xTaskGetSchedulerState
                0x0000000000003df8       0x3c ./amazon-freertos/FreeRTOS/tasks.o
                0x0000000000003df8                xTaskGetSchedulerState
 .text.xTaskPriorityInherit
                0x0000000000003e34      0x10c ./amazon-freertos/FreeRTOS/tasks.o
                0x0000000000003e34                xTaskPriorityInherit
 .text.xTaskPriorityDisinherit
                0x0000000000003f40      0x108 ./amazon-freertos/FreeRTOS/tasks.o
                0x0000000000003f40                xTaskPriorityDisinherit
 .text.vTaskPriorityDisinheritAfterTimeout
                0x0000000000004048      0x13c ./amazon-freertos/FreeRTOS/tasks.o
                0x0000000000004048                vTaskPriorityDisinheritAfterTimeout
 .text.uxTaskResetEventItemValue
                0x0000000000004184       0x30 ./amazon-freertos/FreeRTOS/tasks.o
                0x0000000000004184                uxTaskResetEventItemValue
 .text.pvTaskIncrementMutexHeldCount
                0x00000000000041b4       0x28 ./amazon-freertos/FreeRTOS/tasks.o
                0x00000000000041b4                pvTaskIncrementMutexHeldCount
 .text.prvAddCurrentTaskToDelayedList
                0x00000000000041dc       0xcc ./amazon-freertos/FreeRTOS/tasks.o
 .text.xTimerCreateTimerTask
                0x00000000000042a8       0x60 ./amazon-freertos/FreeRTOS/timers.o
                0x00000000000042a8                xTimerCreateTimerTask
 .text.xTimerGenericCommand
                0x0000000000004308       0x98 ./amazon-freertos/FreeRTOS/timers.o
                0x0000000000004308                xTimerGenericCommand
 .text.prvProcessExpiredTimer
                0x00000000000043a0       0x80 ./amazon-freertos/FreeRTOS/timers.o
 .text.prvProcessTimerOrBlockTask
                0x0000000000004420       0x9c ./amazon-freertos/FreeRTOS/timers.o
 .text.prvGetNextExpireTime
                0x00000000000044bc       0x48 ./amazon-freertos/FreeRTOS/timers.o
 .text.prvSampleTimeNow
                0x0000000000004504       0x40 ./amazon-freertos/FreeRTOS/timers.o
 .text.prvInsertTimerInActiveList
                0x0000000000004544       0x84 ./amazon-freertos/FreeRTOS/timers.o
 .text.prvProcessReceivedCommands
                0x00000000000045c8      0x154 ./amazon-freertos/FreeRTOS/timers.o
 .text.prvSwitchTimerLists
                0x000000000000471c       0xc0 ./amazon-freertos/FreeRTOS/timers.o
 .text.prvCheckForValidListAndQueue
                0x00000000000047dc       0x6c ./amazon-freertos/FreeRTOS/timers.o
 .text.xTimerPendFunctionCallFromISR
                0x0000000000004848       0x40 ./amazon-freertos/FreeRTOS/timers.o
                0x0000000000004848                xTimerPendFunctionCallFromISR
 .text.__assertion_failed
                0x0000000000004888       0x4c /usr/local/mcuxpressoide-10.3.1_2233/ide/plugins/com.nxp.mcuxpresso.tools.linux_10.3.0.201811011841/tools/bin/../lib/gcc/arm-none-eabi/7.3.1/../../../../arm-none-eabi/lib/thumb/v7e-m/fpv4-sp/hard/libcr_semihost_nf.a(_cr_assert.o)
                0x0000000000004888                __assertion_failed
 .text.__sys_appexit
                0x00000000000048d4        0xc /usr/local/mcuxpressoide-10.3.1_2233/ide/plugins/com.nxp.mcuxpresso.tools.linux_10.3.0.201811011841/tools/bin/../lib/gcc/arm-none-eabi/7.3.1/../../../../arm-none-eabi/lib/thumb/v7e-m/fpv4-sp/hard/libcr_semihost_nf.a(__sys_appexit.o)
                0x00000000000048d4                __exit
                0x00000000000048d4                __sys_appexit
 .text._Cwritebuf
                0x00000000000048e0       0x6c /usr/local/mcuxpressoide-10.3.1_2233/ide/plugins/com.nxp.mcuxpresso.tools.linux_10.3.0.201811011841/tools/bin/../lib/gcc/arm-none-eabi/7.3.1/../../../../arm-none-eabi/lib/thumb/v7e-m/fpv4-sp/hard/libcr_c.a(_writebuf.o)
                0x00000000000048e0                _Cwritebuf
 .text.malloc   0x000000000000494c       0xc8 /usr/local/mcuxpressoide-10.3.1_2233/ide/plugins/com.nxp.mcuxpresso.tools.linux_10.3.0.201811011841/tools/bin/../lib/gcc/arm-none-eabi/7.3.1/../../../../arm-none-eabi/lib/thumb/v7e-m/fpv4-sp/hard/libcr_c.a(alloc.o)
                0x000000000000494c                malloc
 .text._Csys_alloc
                0x0000000000004a14       0x20 /usr/local/mcuxpressoide-10.3.1_2233/ide/plugins/com.nxp.mcuxpresso.tools.linux_10.3.0.201811011841/tools/bin/../lib/gcc/arm-none-eabi/7.3.1/../../../../arm-none-eabi/lib/thumb/v7e-m/fpv4-sp/hard/libcr_c.a(alloc.o)
                0x0000000000004a14                _Csys_alloc
 .text.fseek    0x0000000000004a34      0x100 /usr/local/mcuxpressoide-10.3.1_2233/ide/plugins/com.nxp.mcuxpresso.tools.linux_10.3.0.201811011841/tools/bin/../lib/gcc/arm-none-eabi/7.3.1/../../../../arm-none-eabi/lib/thumb/v7e-m/fpv4-sp/hard/libcr_c.a(fseek.o)
                0x0000000000004a34                fseek
 .text.ftell    0x0000000000004b34       0x44 /usr/local/mcuxpressoide-10.3.1_2233/ide/plugins/com.nxp.mcuxpresso.tools.linux_10.3.0.201811011841/tools/bin/../lib/gcc/arm-none-eabi/7.3.1/../../../../arm-none-eabi/lib/thumb/v7e-m/fpv4-sp/hard/libcr_c.a(ftell.o)
                0x0000000000004b34                ftell
 .text._initio  0x0000000000004b78       0x78 /usr/local/mcuxpressoide-10.3.1_2233/ide/plugins/com.nxp.mcuxpresso.tools.linux_10.3.0.201811011841/tools/bin/../lib/gcc/arm-none-eabi/7.3.1/../../../../arm-none-eabi/lib/thumb/v7e-m/fpv4-sp/hard/libcr_c.a(initio.o)
                0x0000000000004b78                _initio
 .text.__vfprintf
                0x0000000000004bf0      0xb8c /usr/local/mcuxpressoide-10.3.1_2233/ide/plugins/com.nxp.mcuxpresso.tools.linux_10.3.0.201811011841/tools/bin/../lib/gcc/arm-none-eabi/7.3.1/../../../../arm-none-eabi/lib/thumb/v7e-m/fpv4-sp/hard/libcr_c.a(printf.o)
                0x0000000000004bf0                __vfprintf
 .text._vsnprintf
                0x000000000000577c       0x68 /usr/local/mcuxpressoide-10.3.1_2233/ide/plugins/com.nxp.mcuxpresso.tools.linux_10.3.0.201811011841/tools/bin/../lib/gcc/arm-none-eabi/7.3.1/../../../../arm-none-eabi/lib/thumb/v7e-m/fpv4-sp/hard/libcr_c.a(printf.o)
                0x000000000000577c                _vsnprintf
 .text._printf  0x00000000000057e4       0x54 /usr/local/mcuxpressoide-10.3.1_2233/ide/plugins/com.nxp.mcuxpresso.tools.linux_10.3.0.201811011841/tools/bin/../lib/gcc/arm-none-eabi/7.3.1/../../../../arm-none-eabi/lib/thumb/v7e-m/fpv4-sp/hard/libcr_c.a(printf.o)
                0x00000000000057e4                _printf
 .text.setvbuf  0x0000000000005838       0x40 /usr/local/mcuxpressoide-10.3.1_2233/ide/plugins/com.nxp.mcuxpresso.tools.linux_10.3.0.201811011841/tools/bin/../lib/gcc/arm-none-eabi/7.3.1/../../../../arm-none-eabi/lib/thumb/v7e-m/fpv4-sp/hard/libcr_c.a(setvbuf.o)
                0x0000000000005838                setvbuf
 .text._sbrk    0x0000000000005878       0x3c /usr/local/mcuxpressoide-10.3.1_2233/ide/plugins/com.nxp.mcuxpresso.tools.linux_10.3.0.201811011841/tools/bin/../lib/gcc/arm-none-eabi/7.3.1/../../../../arm-none-eabi/lib/thumb/v7e-m/fpv4-sp/hard/libcr_c.a(_cr_sbrk.o)
                0x0000000000005878                _sbrk
 .text.fflush   0x00000000000058b4       0x44 /usr/local/mcuxpressoide-10.3.1_2233/ide/plugins/com.nxp.mcuxpresso.tools.linux_10.3.0.201811011841/tools/bin/../lib/gcc/arm-none-eabi/7.3.1/../../../../arm-none-eabi/lib/thumb/v7e-m/fpv4-sp/hard/libcr_c.a(fflush.o)
                0x00000000000058b4                fflush
 .text.__check_heap_overflow
                0x00000000000058f8       0x18 /usr/local/mcuxpressoide-10.3.1_2233/ide/plugins/com.nxp.mcuxpresso.tools.linux_10.3.0.201811011841/tools/bin/../lib/gcc/arm-none-eabi/7.3.1/../../../../arm-none-eabi/lib/thumb/v7e-m/fpv4-sp/hard/libcr_c.a(_cr_check_heap.o)
                0x00000000000058f8                __check_heap_overflow
 .text.WDT_BOD_IRQHandler
                0x0000000000005910        0x8 ./startup/startup_lpc5411x.o
                0x0000000000005910                WDT_BOD_IRQHandler
 .text.DMA0_IRQHandler
                0x0000000000005918        0x8 ./startup/startup_lpc5411x.o
                0x0000000000005918                DMA0_IRQHandler
 .text.GINT0_IRQHandler
                0x0000000000005920        0x8 ./startup/startup_lpc5411x.o
                0x0000000000005920                GINT0_IRQHandler
 .text.GINT1_IRQHandler
                0x0000000000005928        0x8 ./startup/startup_lpc5411x.o
                0x0000000000005928                GINT1_IRQHandler
 .text.PIN_INT0_IRQHandler
                0x0000000000005930        0x8 ./startup/startup_lpc5411x.o
                0x0000000000005930                PIN_INT0_IRQHandler
 .text.PIN_INT1_IRQHandler
                0x0000000000005938        0x8 ./startup/startup_lpc5411x.o
                0x0000000000005938                PIN_INT1_IRQHandler
 .text.PIN_INT2_IRQHandler
                0x0000000000005940        0x8 ./startup/startup_lpc5411x.o
                0x0000000000005940                PIN_INT2_IRQHandler
 .text.PIN_INT3_IRQHandler
                0x0000000000005948        0x8 ./startup/startup_lpc5411x.o
                0x0000000000005948                PIN_INT3_IRQHandler
 .text.UTICK0_IRQHandler
                0x0000000000005950        0x8 ./startup/startup_lpc5411x.o
                0x0000000000005950                UTICK0_IRQHandler
 .text.MRT0_IRQHandler
                0x0000000000005958        0x8 ./startup/startup_lpc5411x.o
                0x0000000000005958                MRT0_IRQHandler
 .text.CTIMER0_IRQHandler
                0x0000000000005960        0x8 ./startup/startup_lpc5411x.o
                0x0000000000005960                CTIMER0_IRQHandler
 .text.CTIMER1_IRQHandler
                0x0000000000005968        0x8 ./startup/startup_lpc5411x.o
                0x0000000000005968                CTIMER1_IRQHandler
 .text.SCT0_IRQHandler
                0x0000000000005970        0x8 ./startup/startup_lpc5411x.o
                0x0000000000005970                SCT0_IRQHandler
 .text.CTIMER3_IRQHandler
                0x0000000000005978        0x8 ./startup/startup_lpc5411x.o
                0x0000000000005978                CTIMER3_IRQHandler
 .text.FLEXCOMM0_IRQHandler
                0x0000000000005980        0x8 ./startup/startup_lpc5411x.o
                0x0000000000005980                FLEXCOMM0_IRQHandler
 .text.FLEXCOMM1_IRQHandler
                0x0000000000005988        0x8 ./startup/startup_lpc5411x.o
                0x0000000000005988                FLEXCOMM1_IRQHandler
 .text.FLEXCOMM2_IRQHandler
                0x0000000000005990        0x8 ./startup/startup_lpc5411x.o
                0x0000000000005990                FLEXCOMM2_IRQHandler
 .text.FLEXCOMM3_IRQHandler
                0x0000000000005998        0x8 ./startup/startup_lpc5411x.o
                0x0000000000005998                FLEXCOMM3_IRQHandler
 .text.FLEXCOMM4_IRQHandler
                0x00000000000059a0        0x8 ./startup/startup_lpc5411x.o
                0x00000000000059a0                FLEXCOMM4_IRQHandler
 .text.FLEXCOMM5_IRQHandler
                0x00000000000059a8        0x8 ./startup/startup_lpc5411x.o
                0x00000000000059a8                FLEXCOMM5_IRQHandler
 .text.FLEXCOMM6_IRQHandler
                0x00000000000059b0        0x8 ./startup/startup_lpc5411x.o
                0x00000000000059b0                FLEXCOMM6_IRQHandler
 .text.FLEXCOMM7_IRQHandler
                0x00000000000059b8        0x8 ./startup/startup_lpc5411x.o
                0x00000000000059b8                FLEXCOMM7_IRQHandler
 .text.ADC0_SEQA_IRQHandler
                0x00000000000059c0        0x8 ./startup/startup_lpc5411x.o
                0x00000000000059c0                ADC0_SEQA_IRQHandler
 .text.ADC0_SEQB_IRQHandler
                0x00000000000059c8        0x8 ./startup/startup_lpc5411x.o
                0x00000000000059c8                ADC0_SEQB_IRQHandler
 .text.ADC0_THCMP_IRQHandler
                0x00000000000059d0        0x8 ./startup/startup_lpc5411x.o
                0x00000000000059d0                ADC0_THCMP_IRQHandler
 .text.DMIC0_IRQHandler
                0x00000000000059d8        0x8 ./startup/startup_lpc5411x.o
                0x00000000000059d8                DMIC0_IRQHandler
 .text.HWVAD0_IRQHandler
                0x00000000000059e0        0x8 ./startup/startup_lpc5411x.o
                0x00000000000059e0                HWVAD0_IRQHandler
 .text.USB0_NEEDCLK_IRQHandler
                0x00000000000059e8        0x8 ./startup/startup_lpc5411x.o
                0x00000000000059e8                USB0_NEEDCLK_IRQHandler
 .text.USB0_IRQHandler
                0x00000000000059f0        0x8 ./startup/startup_lpc5411x.o
                0x00000000000059f0                USB0_IRQHandler
 .text.RTC_IRQHandler
                0x00000000000059f8        0x8 ./startup/startup_lpc5411x.o
                0x00000000000059f8                RTC_IRQHandler
 .text.IOH_IRQHandler
                0x0000000000005a00        0x8 ./startup/startup_lpc5411x.o
                0x0000000000005a00                IOH_IRQHandler
 .text.MAILBOX_IRQHandler
                0x0000000000005a08        0x8 ./startup/startup_lpc5411x.o
                0x0000000000005a08                MAILBOX_IRQHandler
 .text.PIN_INT4_IRQHandler
                0x0000000000005a10        0x8 ./startup/startup_lpc5411x.o
                0x0000000000005a10                PIN_INT4_IRQHandler
 .text.PIN_INT5_IRQHandler
                0x0000000000005a18        0x8 ./startup/startup_lpc5411x.o
                0x0000000000005a18                PIN_INT5_IRQHandler
 .text.PIN_INT6_IRQHandler
                0x0000000000005a20        0x8 ./startup/startup_lpc5411x.o
                0x0000000000005a20                PIN_INT6_IRQHandler
 .text.PIN_INT7_IRQHandler
                0x0000000000005a28        0x8 ./startup/startup_lpc5411x.o
                0x0000000000005a28                PIN_INT7_IRQHandler
 .text.CTIMER2_IRQHandler
                0x0000000000005a30        0x8 ./startup/startup_lpc5411x.o
                0x0000000000005a30                CTIMER2_IRQHandler
 .text.CTIMER4_IRQHandler
                0x0000000000005a38        0x8 ./startup/startup_lpc5411x.o
                0x0000000000005a38                CTIMER4_IRQHandler
 .text.Reserved54_IRQHandler
                0x0000000000005a40        0x8 ./startup/startup_lpc5411x.o
                0x0000000000005a40                Reserved54_IRQHandler
 .text.SPIFI0_IRQHandler
                0x0000000000005a48        0x8 ./startup/startup_lpc5411x.o
                0x0000000000005a48                SPIFI0_IRQHandler
 .text.CTIMER_StartTimer
                0x0000000000005a50       0x20 ./source/BB_LPC_code.o
 .text.HardFault_Handler
                0x0000000000005a70       0x2c ./source/semihost_hardfault.o
                0x0000000000005a70                HardFault_Handler
 .text.USART_RTOS_Receive
                0x0000000000005a9c      0x108 ./drivers/freertos/fsl_usart_freertos.o
                0x0000000000005a9c                USART_RTOS_Receive
 .text.CLOCK_GetExtClkFreq
                0x0000000000005ba4       0x10 ./drivers/fsl_clock.o
                0x0000000000005ba4                CLOCK_GetExtClkFreq
 .text.CLOCK_GetOsc32KFreq
                0x0000000000005bb4       0x12 ./drivers/fsl_clock.o
                0x0000000000005bb4                CLOCK_GetOsc32KFreq
 .text.CLOCK_GetCoreSysClkFreq
                0x0000000000005bc6       0x8c ./drivers/fsl_clock.o
                0x0000000000005bc6                CLOCK_GetCoreSysClkFreq
 .text.CLOCK_GetFrgClkFreq
                0x0000000000005c52       0x64 ./drivers/fsl_clock.o
                0x0000000000005c52                CLOCK_GetFrgClkFreq
 .text.CLOCK_GetUsbClkFreq
                0x0000000000005cb6       0x4a ./drivers/fsl_clock.o
                0x0000000000005cb6                CLOCK_GetUsbClkFreq
 .text.EnableIRQ
                0x0000000000005d00       0x2c ./drivers/fsl_ctimer.o
 .text.CTIMER_GetStatusFlags
                0x0000000000005d2c       0x18 ./drivers/fsl_ctimer.o
 .text.CTIMER_ClearStatusFlags
                0x0000000000005d44       0x1c ./drivers/fsl_ctimer.o
 .text.CTIMER0_DriverIRQHandler
                0x0000000000005d60       0x12 ./drivers/fsl_ctimer.o
                0x0000000000005d60                CTIMER0_DriverIRQHandler
 .text.CTIMER1_DriverIRQHandler
                0x0000000000005d72       0x12 ./drivers/fsl_ctimer.o
                0x0000000000005d72                CTIMER1_DriverIRQHandler
 .text.CTIMER2_DriverIRQHandler
                0x0000000000005d84       0x12 ./drivers/fsl_ctimer.o
                0x0000000000005d84                CTIMER2_DriverIRQHandler
 .text.CTIMER3_DriverIRQHandler
                0x0000000000005d96       0x12 ./drivers/fsl_ctimer.o
                0x0000000000005d96                CTIMER3_DriverIRQHandler
 .text.CTIMER4_DriverIRQHandler
                0x0000000000005da8       0x12 ./drivers/fsl_ctimer.o
                0x0000000000005da8                CTIMER4_DriverIRQHandler
 .text.FLEXCOMM_PeripheralIsPresent
                0x0000000000005dba       0x64 ./drivers/fsl_flexcomm.o
 .text.FLEXCOMM_SetPeriph
                0x0000000000005e1e       0x74 ./drivers/fsl_flexcomm.o
 .text.RESET_PeripheralReset
                0x0000000000005e92       0x1c ./drivers/fsl_reset.o
                0x0000000000005e92                RESET_PeripheralReset
 .text.EnableIRQ
                0x0000000000005eae       0x2c ./drivers/fsl_usart.o
 .text.DisableGlobalIRQ
                0x0000000000005eda       0x20 ./drivers/fsl_usart.o
 .text.EnableGlobalIRQ
                0x0000000000005efa       0x1e ./drivers/fsl_usart.o
 .text.USART_DisableInterrupts
                0x0000000000005f18       0x22 ./drivers/fsl_usart.o
 .text.SystemInitHook
                0x0000000000005f3a        0xe ./device/system_LPC54114_cm4.o
                0x0000000000005f3a                SystemInitHook
 .text.HAL_UartGetStatus
                0x0000000000005f48       0x22 ./component/uart/usart_adapter.o
 .text.BOARD_InitBootClocks
                0x0000000000005f6a        0xe ./board/clock_config.o
                0x0000000000005f6a                BOARD_InitBootClocks
 .text.BOARD_InitPeripherals
                0x0000000000005f78        0xe ./board/peripherals.o
                0x0000000000005f78                BOARD_InitPeripherals
 .text.BOARD_InitBootPeripherals
                0x0000000000005f86        0xc ./board/peripherals.o
                0x0000000000005f86                BOARD_InitBootPeripherals
 .text.IOCON_PinMuxSet
                0x0000000000005f92       0x2e ./board/pin_mux.o
 .text.BOARD_InitBootPins
                0x0000000000005fc0        0xc ./board/pin_mux.o
                0x0000000000005fc0                BOARD_InitBootPins
 .text.xEventGroupCreate
                0x0000000000005fcc       0x2e ./amazon-freertos/FreeRTOS/event_groups.o
                0x0000000000005fcc                xEventGroupCreate
 .text.xEventGroupClearBits
                0x0000000000005ffa       0x6c ./amazon-freertos/FreeRTOS/event_groups.o
                0x0000000000005ffa                xEventGroupClearBits
 .text.xEventGroupSetBits
                0x0000000000006066      0x112 ./amazon-freertos/FreeRTOS/event_groups.o
                0x0000000000006066                xEventGroupSetBits
 .text.vEventGroupDelete
                0x0000000000006178       0x60 ./amazon-freertos/FreeRTOS/event_groups.o
                0x0000000000006178                vEventGroupDelete
 .text.vEventGroupSetBitsCallback
                0x00000000000061d8       0x1a ./amazon-freertos/FreeRTOS/event_groups.o
                0x00000000000061d8                vEventGroupSetBitsCallback
 .text.prvTestWaitCondition
                0x00000000000061f2       0x44 ./amazon-freertos/FreeRTOS/event_groups.o
 .text.vListInitialise
                0x0000000000006236       0x40 ./amazon-freertos/FreeRTOS/list.o
                0x0000000000006236                vListInitialise
 .text.vListInitialiseItem
                0x0000000000006276       0x1a ./amazon-freertos/FreeRTOS/list.o
                0x0000000000006276                vListInitialiseItem
 .text.vListInsertEnd
                0x0000000000006290       0x48 ./amazon-freertos/FreeRTOS/list.o
                0x0000000000006290                vListInsertEnd
 .text.vListInsert
                0x00000000000062d8       0x72 ./amazon-freertos/FreeRTOS/list.o
                0x00000000000062d8                vListInsert
 .text.uxListRemove
                0x000000000000634a       0x54 ./amazon-freertos/FreeRTOS/list.o
                0x000000000000634a                uxListRemove
 .text.xQueueGenericCreate
                0x000000000000639e       0x72 ./amazon-freertos/FreeRTOS/queue.o
                0x000000000000639e                xQueueGenericCreate
 .text.prvInitialiseNewQueue
                0x0000000000006410       0x46 ./amazon-freertos/FreeRTOS/queue.o
 .text.prvInitialiseMutex
                0x0000000000006456       0x34 ./amazon-freertos/FreeRTOS/queue.o
 .text.xQueueCreateMutex
                0x000000000000648a       0x30 ./amazon-freertos/FreeRTOS/queue.o
                0x000000000000648a                xQueueCreateMutex
 .text.xQueueGenericSendFromISR
                0x00000000000064ba      0x128 ./amazon-freertos/FreeRTOS/queue.o
                0x00000000000064ba                xQueueGenericSendFromISR
 .text.vQueueDelete
                0x00000000000065e2       0x3a ./amazon-freertos/FreeRTOS/queue.o
                0x00000000000065e2                vQueueDelete
 .text.prvGetDisinheritPriorityAfterTimeout
                0x000000000000661c       0x30 ./amazon-freertos/FreeRTOS/queue.o
 .text.prvCopyDataToQueue
                0x000000000000664c       0xd4 ./amazon-freertos/FreeRTOS/queue.o
 .text.prvCopyDataFromQueue
                0x0000000000006720       0x4c ./amazon-freertos/FreeRTOS/queue.o
 .text.prvUnlockQueue
                0x000000000000676c       0xa4 ./amazon-freertos/FreeRTOS/queue.o
 .text.prvIsQueueEmpty
                0x0000000000006810       0x2c ./amazon-freertos/FreeRTOS/queue.o
 .text.prvIsQueueFull
                0x000000000000683c       0x30 ./amazon-freertos/FreeRTOS/queue.o
 .text.vQueueWaitForMessageRestricted
                0x000000000000686c       0x68 ./amazon-freertos/FreeRTOS/queue.o
                0x000000000000686c                vQueueWaitForMessageRestricted
 .text.xTaskCreate
                0x00000000000068d4       0x82 ./amazon-freertos/FreeRTOS/tasks.o
                0x00000000000068d4                xTaskCreate
 .text.prvInitialiseNewTask
                0x0000000000006956      0x132 ./amazon-freertos/FreeRTOS/tasks.o
 .text.prvDeleteTCB
                0x0000000000006a88       0x20 ./amazon-freertos/FreeRTOS/tasks.o
 .text.prvTimerTask
                0x0000000000006aa8       0x24 ./amazon-freertos/FreeRTOS/timers.o
 .text.__main   0x0000000000006acc        0xe /usr/local/mcuxpressoide-10.3.1_2233/ide/plugins/com.nxp.mcuxpresso.tools.linux_10.3.0.201811011841/tools/bin/../lib/gcc/arm-none-eabi/7.3.1/../../../../arm-none-eabi/lib/thumb/v7e-m/fpv4-sp/hard/libcr_semihost_nf.a(_cr__main.o)
                0x0000000000006acc                __main
                0x0000000000006acc                __CR_SEMIHOST
 .text.memcpy   0x0000000000006ada        0x4 /usr/local/mcuxpressoide-10.3.1_2233/ide/plugins/com.nxp.mcuxpresso.tools.linux_10.3.0.201811011841/tools/bin/../lib/gcc/arm-none-eabi/7.3.1/../../../../arm-none-eabi/lib/thumb/v7e-m/fpv4-sp/hard/libcr_c.a(memcpy.o)
                0x0000000000006ada                memcpy
 .text.memset   0x0000000000006ade        0x4 /usr/local/mcuxpressoide-10.3.1_2233/ide/plugins/com.nxp.mcuxpresso.tools.linux_10.3.0.201811011841/tools/bin/../lib/gcc/arm-none-eabi/7.3.1/../../../../arm-none-eabi/lib/thumb/v7e-m/fpv4-sp/hard/libcr_c.a(memset.o)
                0x0000000000006ade                memset
 .text._deferredlazyseek
                0x0000000000006ae2       0x40 /usr/local/mcuxpressoide-10.3.1_2233/ide/plugins/com.nxp.mcuxpresso.tools.linux_10.3.0.201811011841/tools/bin/../lib/gcc/arm-none-eabi/7.3.1/../../../../arm-none-eabi/lib/thumb/v7e-m/fpv4-sp/hard/libcr_c.a(_deferredlazyseek.o)
                0x0000000000006ae2                _deferredlazyseek
 .text.__flsbuf
                0x0000000000006b22      0x140 /usr/local/mcuxpressoide-10.3.1_2233/ide/plugins/com.nxp.mcuxpresso.tools.linux_10.3.0.201811011841/tools/bin/../lib/gcc/arm-none-eabi/7.3.1/../../../../arm-none-eabi/lib/thumb/v7e-m/fpv4-sp/hard/libcr_c.a(_deferredlazyseek.o)
                0x0000000000006b22                __flsbuf
 .text._fflush  0x0000000000006c62       0x52 /usr/local/mcuxpressoide-10.3.1_2233/ide/plugins/com.nxp.mcuxpresso.tools.linux_10.3.0.201811011841/tools/bin/../lib/gcc/arm-none-eabi/7.3.1/../../../../arm-none-eabi/lib/thumb/v7e-m/fpv4-sp/hard/libcr_c.a(_fflush.o)
                0x0000000000006c62                _fflush
 .text.free     0x0000000000006cb4       0x30 /usr/local/mcuxpressoide-10.3.1_2233/ide/plugins/com.nxp.mcuxpresso.tools.linux_10.3.0.201811011841/tools/bin/../lib/gcc/arm-none-eabi/7.3.1/../../../../arm-none-eabi/lib/thumb/v7e-m/fpv4-sp/hard/libcr_c.a(alloc.o)
                0x0000000000006cb4                free
 .text.fputs    0x0000000000006ce4       0x2c /usr/local/mcuxpressoide-10.3.1_2233/ide/plugins/com.nxp.mcuxpresso.tools.linux_10.3.0.201811011841/tools/bin/../lib/gcc/arm-none-eabi/7.3.1/../../../../arm-none-eabi/lib/thumb/v7e-m/fpv4-sp/hard/libcr_c.a(fputs.o)
                0x0000000000006ce4                fputs
 .text.no_fp_display
                0x0000000000006d10        0x4 /usr/local/mcuxpressoide-10.3.1_2233/ide/plugins/com.nxp.mcuxpresso.tools.linux_10.3.0.201811011841/tools/bin/../lib/gcc/arm-none-eabi/7.3.1/../../../../arm-none-eabi/lib/thumb/v7e-m/fpv4-sp/hard/libcr_c.a(printf.o)
 .text.strlen   0x0000000000006d14       0x4a /usr/local/mcuxpressoide-10.3.1_2233/ide/plugins/com.nxp.mcuxpresso.tools.linux_10.3.0.201811011841/tools/bin/../lib/gcc/arm-none-eabi/7.3.1/../../../../arm-none-eabi/lib/thumb/v7e-m/fpv4-sp/hard/libcr_c.a(strlen.o)
                0x0000000000006d14                strlen
 .text._fdopen  0x0000000000006d5e       0x68 /usr/local/mcuxpressoide-10.3.1_2233/ide/plugins/com.nxp.mcuxpresso.tools.linux_10.3.0.201811011841/tools/bin/../lib/gcc/arm-none-eabi/7.3.1/../../../../arm-none-eabi/lib/thumb/v7e-m/fpv4-sp/hard/libcr_c.a(_fdopen.o)
                0x0000000000006d5e                _fdopen
 .text.fclose   0x0000000000006dc6       0x58 /usr/local/mcuxpressoide-10.3.1_2233/ide/plugins/com.nxp.mcuxpresso.tools.linux_10.3.0.201811011841/tools/bin/../lib/gcc/arm-none-eabi/7.3.1/../../../../arm-none-eabi/lib/thumb/v7e-m/fpv4-sp/hard/libcr_c.a(fclose.o)
                0x0000000000006dc6                fclose
 .text.remove   0x0000000000006e1e       0x14 /usr/local/mcuxpressoide-10.3.1_2233/ide/plugins/com.nxp.mcuxpresso.tools.linux_10.3.0.201811011841/tools/bin/../lib/gcc/arm-none-eabi/7.3.1/../../../../arm-none-eabi/lib/thumb/v7e-m/fpv4-sp/hard/libcr_c.a(remove.o)
                0x0000000000006e1e                remove
 .text._do_fflush
                0x0000000000006e32       0x40 /usr/local/mcuxpressoide-10.3.1_2233/ide/plugins/com.nxp.mcuxpresso.tools.linux_10.3.0.201811011841/tools/bin/../lib/gcc/arm-none-eabi/7.3.1/../../../../arm-none-eabi/lib/thumb/v7e-m/fpv4-sp/hard/libcr_c.a(_do_fflush.o)
                0x0000000000006e32                _do_fflush
 .text.__aeabi_division_uldivmod
                0x0000000000006e72      0x174 /usr/local/mcuxpressoide-10.3.1_2233/ide/plugins/com.nxp.mcuxpresso.tools.linux_10.3.0.201811011841/tools/bin/../lib/gcc/arm-none-eabi/7.3.1/thumb/v7e-m/fpv4-sp/hard/libcr_eabihelpers.a(division_64.o)
                0x0000000000006e72                __aeabi_uldivmod
                0x0000000000006e76                __bhs_ldivmod1
 .text.__aeabi_division_idiv0
                0x0000000000006fe6        0x2 /usr/local/mcuxpressoide-10.3.1_2233/ide/plugins/com.nxp.mcuxpresso.tools.linux_10.3.0.201811011841/tools/bin/../lib/gcc/arm-none-eabi/7.3.1/thumb/v7e-m/fpv4-sp/hard/libcr_eabihelpers.a(division_idiv0.o)
                0x0000000000006fe6                __aeabi_idiv0
 .text.__aeabi_memcpy
                0x0000000000006fe8       0x34 /usr/local/mcuxpressoide-10.3.1_2233/ide/plugins/com.nxp.mcuxpresso.tools.linux_10.3.0.201811011841/tools/bin/../lib/gcc/arm-none-eabi/7.3.1/thumb/v7e-m/fpv4-sp/hard/libcr_eabihelpers.a(memcpy.o)
                0x0000000000006fe8                __aeabi_memcpy
                0x0000000000006ff2                __aeabi_memcpy4
                0x0000000000006ff2                __aeabi_memcpy8
 .text.__aeabi_memset_lowlevel
                0x000000000000701c       0x32 /usr/local/mcuxpressoide-10.3.1_2233/ide/plugins/com.nxp.mcuxpresso.tools.linux_10.3.0.201811011841/tools/bin/../lib/gcc/arm-none-eabi/7.3.1/thumb/v7e-m/fpv4-sp/hard/libcr_eabihelpers.a(memcpy.o)
                0x000000000000701c                __aeabi_lowlevel_memset
 .text.__sys_close
                0x000000000000704e        0xc /usr/local/mcuxpressoide-10.3.1_2233/ide/plugins/com.nxp.mcuxpresso.tools.linux_10.3.0.201811011841/tools/bin/../lib/gcc/arm-none-eabi/7.3.1/../../../../arm-none-eabi/lib/thumb/v7e-m/fpv4-sp/hard/libcr_semihost_nf.a(__sys_close.o)
                0x000000000000704e                __sys_close
 .text.__sys_flen
                0x000000000000705a        0xc /usr/local/mcuxpressoide-10.3.1_2233/ide/plugins/com.nxp.mcuxpresso.tools.linux_10.3.0.201811011841/tools/bin/../lib/gcc/arm-none-eabi/7.3.1/../../../../arm-none-eabi/lib/thumb/v7e-m/fpv4-sp/hard/libcr_semihost_nf.a(__sys_flen.o)
                0x000000000000705a                __sys_flen
 .text.__sys_istty
                0x0000000000007066        0xc /usr/local/mcuxpressoide-10.3.1_2233/ide/plugins/com.nxp.mcuxpresso.tools.linux_10.3.0.201811011841/tools/bin/../lib/gcc/arm-none-eabi/7.3.1/../../../../arm-none-eabi/lib/thumb/v7e-m/fpv4-sp/hard/libcr_semihost_nf.a(__sys_istty.o)
                0x0000000000007066                __sys_istty
 .text.__sys_remove
                0x0000000000007072        0xc /usr/local/mcuxpressoide-10.3.1_2233/ide/plugins/com.nxp.mcuxpresso.tools.linux_10.3.0.201811011841/tools/bin/../lib/gcc/arm-none-eabi/7.3.1/../../../../arm-none-eabi/lib/thumb/v7e-m/fpv4-sp/hard/libcr_semihost_nf.a(__sys_remove.o)
                0x0000000000007072                __sys_remove
 .text.__sys_seek
                0x000000000000707e        0xc /usr/local/mcuxpressoide-10.3.1_2233/ide/plugins/com.nxp.mcuxpresso.tools.linux_10.3.0.201811011841/tools/bin/../lib/gcc/arm-none-eabi/7.3.1/../../../../arm-none-eabi/lib/thumb/v7e-m/fpv4-sp/hard/libcr_semihost_nf.a(__sys_seek.o)
                0x000000000000707e                __sys_seek
 .text.__sys_tmpnam
                0x000000000000708a        0xc /usr/local/mcuxpressoide-10.3.1_2233/ide/plugins/com.nxp.mcuxpresso.tools.linux_10.3.0.201811011841/tools/bin/../lib/gcc/arm-none-eabi/7.3.1/../../../../arm-none-eabi/lib/thumb/v7e-m/fpv4-sp/hard/libcr_semihost_nf.a(__sys_tmpnam.o)
                0x000000000000708a                __sys_tmpnam
 .text.__sys_write
                0x0000000000007096        0xc /usr/local/mcuxpressoide-10.3.1_2233/ide/plugins/com.nxp.mcuxpresso.tools.linux_10.3.0.201811011841/tools/bin/../lib/gcc/arm-none-eabi/7.3.1/../../../../arm-none-eabi/lib/thumb/v7e-m/fpv4-sp/hard/libcr_semihost_nf.a(__sys_write.o)
                0x0000000000007096                __sys_write
 *(SORT_BY_ALIGNMENT(.rodata) SORT_BY_ALIGNMENT(.rodata.*) SORT_BY_ALIGNMENT(.constdata) SORT_BY_ALIGNMENT(.constdata.*))
 *fill*         0x00000000000070a2        0x2 ff
 .rodata        0x00000000000070a4      0x1b7 ./utilities/fsl_debug_console.o
 *fill*         0x000000000000725b        0x1 ff
 .rodata        0x000000000000725c       0x65 ./source/BB_LPC_code.o
 *fill*         0x00000000000072c1        0x3 ff
 .rodata.wdtFreqLookup
                0x00000000000072c4       0x20 ./drivers/fsl_clock.o
 .rodata.s_ctimerBases
                0x00000000000072e4       0x14 ./drivers/fsl_ctimer.o
 .rodata.s_ctimerClocks
                0x00000000000072f8        0xa ./drivers/fsl_ctimer.o
 *fill*         0x0000000000007302        0x2 ff
 .rodata.s_ctimerResets
                0x0000000000007304       0x14 ./drivers/fsl_ctimer.o
 .rodata.s_ctimerIRQ
                0x0000000000007318        0x5 ./drivers/fsl_ctimer.o
 *fill*         0x000000000000731d        0x3 ff
 .rodata        0x0000000000007320       0xb5 ./drivers/fsl_ctimer.o
 *fill*         0x00000000000073d5        0x3 ff
 .rodata.s_flexcommBaseAddrs
                0x00000000000073d8       0x20 ./drivers/fsl_flexcomm.o
 .rodata.s_flexcommClocks
                0x00000000000073f8       0x10 ./drivers/fsl_flexcomm.o
 .rodata.s_flexcommResets
                0x0000000000007408       0x20 ./drivers/fsl_flexcomm.o
 .rodata        0x0000000000007428      0x1e8 ./drivers/fsl_flexcomm.o
 .rodata        0x0000000000007610       0x55 ./drivers/fsl_reset.o
 *fill*         0x0000000000007665        0x3 ff
 .rodata.s_usartIRQ
                0x0000000000007668        0x8 ./drivers/fsl_usart.o
 .rodata.s_usartBaseAddrs
                0x0000000000007670       0x20 ./drivers/fsl_usart.o
 .rodata        0x0000000000007690      0x5d0 ./drivers/fsl_usart.o
 .rodata.s_UsartAdapterBase
                0x0000000000007c60       0x20 ./component/uart/usart_adapter.o
 .rodata        0x0000000000007c80      0x26f ./component/uart/usart_adapter.o
 *fill*         0x0000000000007eef        0x1 ff
 .rodata        0x0000000000007ef0      0x521 ./component/serial_manager/serial_manager.o
 *fill*         0x0000000000008411        0x3 ff
 .rodata        0x0000000000008414      0x244 ./component/serial_manager/serial_port_uart.o
 .rodata        0x0000000000008658       0x60 ./board/board.o
 .rodata        0x00000000000086b8       0x18 ./amazon-freertos/FreeRTOS/tasks.o
                0x00000000000086c0                FreeRTOSDebugConfig
 .rodata        0x00000000000086d0        0xd ./amazon-freertos/FreeRTOS/timers.o
 *fill*         0x00000000000086dd        0x3 ff
 .rodata.__num_Ciob_streams
                0x00000000000086e0        0x4 /usr/local/mcuxpressoide-10.3.1_2233/ide/plugins/com.nxp.mcuxpresso.tools.linux_10.3.0.201811011841/tools/bin/../lib/gcc/arm-none-eabi/7.3.1/../../../../arm-none-eabi/lib/thumb/v7e-m/fpv4-sp/hard/libcr_semihost_nf.a(__ciob.o)
                0x00000000000086e0                __num_Ciob_streams
 .rodata.__assertion_failed.str1.1
                0x00000000000086e4       0x15 /usr/local/mcuxpressoide-10.3.1_2233/ide/plugins/com.nxp.mcuxpresso.tools.linux_10.3.0.201811011841/tools/bin/../lib/gcc/arm-none-eabi/7.3.1/../../../../arm-none-eabi/lib/thumb/v7e-m/fpv4-sp/hard/libcr_semihost_nf.a(_cr_assert.o)
 .rodata._Csys_alloc.str1.1
                0x00000000000086f9       0x18 /usr/local/mcuxpressoide-10.3.1_2233/ide/plugins/com.nxp.mcuxpresso.tools.linux_10.3.0.201811011841/tools/bin/../lib/gcc/arm-none-eabi/7.3.1/../../../../arm-none-eabi/lib/thumb/v7e-m/fpv4-sp/hard/libcr_c.a(alloc.o)
 .rodata._initio.str1.1
                0x0000000000008711        0x4 /usr/local/mcuxpressoide-10.3.1_2233/ide/plugins/com.nxp.mcuxpresso.tools.linux_10.3.0.201811011841/tools/bin/../lib/gcc/arm-none-eabi/7.3.1/../../../../arm-none-eabi/lib/thumb/v7e-m/fpv4-sp/hard/libcr_c.a(initio.o)
 .rodata.__vfprintf.str1.1
                0x0000000000008715       0x35 /usr/local/mcuxpressoide-10.3.1_2233/ide/plugins/com.nxp.mcuxpresso.tools.linux_10.3.0.201811011841/tools/bin/../lib/gcc/arm-none-eabi/7.3.1/../../../../arm-none-eabi/lib/thumb/v7e-m/fpv4-sp/hard/libcr_c.a(printf.o)
                                         0x38 (size before relaxing)
                0x000000000000874c                . = ALIGN (0x4)
 *fill*         0x000000000000874a        0x2 ff

.glue_7         0x000000000000874c        0x0
 .glue_7        0x000000000000874c        0x0 linker stubs

.glue_7t        0x000000000000874c        0x0
 .glue_7t       0x000000000000874c        0x0 linker stubs

.vfp11_veneer   0x000000000000874c        0x0
 .vfp11_veneer  0x000000000000874c        0x0 linker stubs

.v4_bx          0x000000000000874c        0x0
 .v4_bx         0x000000000000874c        0x0 linker stubs

.iplt           0x000000000000874c        0x0
 .iplt          0x000000000000874c        0x0 ./utilities/fsl_debug_console.o

.rel.dyn        0x000000000000874c        0x0
 .rel.iplt      0x000000000000874c        0x0 ./utilities/fsl_debug_console.o

.ARM.extab
 *(SORT_BY_ALIGNMENT(.ARM.extab*) SORT_BY_ALIGNMENT(.gnu.linkonce.armextab.*))
                0x000000000000874c                __exidx_start = .

.ARM.exidx
 *(SORT_BY_ALIGNMENT(.ARM.exidx*) SORT_BY_ALIGNMENT(.gnu.linkonce.armexidx.*))
                0x000000000000874c                __exidx_end = .
                0x000000000000874c                _etext = .

.data_RAM2      0x0000000020000000        0x0 load address 0x000000000000874c
 FILL mask 0xff
                [!provide]                        PROVIDE (__start_data_RAM2 = .)
 *(SORT_BY_ALIGNMENT(.ramfunc.$RAM2))
 *(SORT_BY_ALIGNMENT(.ramfunc.$SRAM0))
 *(SORT_BY_ALIGNMENT(.data.$RAM2*))
 *(SORT_BY_ALIGNMENT(.data.$SRAM0*))
                0x0000000020000000                . = ALIGN (0x4)
                [!provide]                        PROVIDE (__end_data_RAM2 = .)

.data_RAM3      0x0000000004000000        0x0 load address 0x000000000000874c
 FILL mask 0xff
                [!provide]                        PROVIDE (__start_data_RAM3 = .)
 *(SORT_BY_ALIGNMENT(.ramfunc.$RAM3))
 *(SORT_BY_ALIGNMENT(.ramfunc.$SRAMX))
 *(SORT_BY_ALIGNMENT(.data.$RAM3*))
 *(SORT_BY_ALIGNMENT(.data.$SRAMX*))
                0x0000000004000000                . = ALIGN (0x4)
                [!provide]                        PROVIDE (__end_data_RAM3 = .)

.data_RAM4      0x0000000020020000        0x0 load address 0x000000000000874c
 FILL mask 0xff
                [!provide]                        PROVIDE (__start_data_RAM4 = .)
 *(SORT_BY_ALIGNMENT(.ramfunc.$RAM4))
 *(SORT_BY_ALIGNMENT(.ramfunc.$SRAM2))
 *(SORT_BY_ALIGNMENT(.data.$RAM4*))
 *(SORT_BY_ALIGNMENT(.data.$SRAM2*))
                0x0000000020020000                . = ALIGN (0x4)
                [!provide]                        PROVIDE (__end_data_RAM4 = .)

.uninit_RESERVED
                0x0000000020010000        0x0
 *(SORT_BY_ALIGNMENT(.bss.$RESERVED*))
                0x0000000020010000                . = ALIGN (0x4)
                0x0000000020010000                _end_uninit_RESERVED = .

.data           0x0000000020010000       0x20 load address 0x000000000000874c
 FILL mask 0xff
                0x0000000020010000                _data = .
 *(SORT_BY_ALIGNMENT(vtable))
 *(SORT_BY_ALIGNMENT(.ramfunc*))
 *(SORT_BY_ALIGNMENT(.data*))
 .data.usart_config
                0x0000000020010000       0x18 ./source/BB_LPC_code.o
                0x0000000020010000                usart_config
 .data.SystemCoreClock
                0x0000000020010018        0x4 ./device/system_LPC54114_cm4.o
                0x0000000020010018                SystemCoreClock
 .data.uxCriticalNesting
                0x000000002001001c        0x4 ./amazon-freertos/FreeRTOS/portable/port.o
                0x0000000020010020                . = ALIGN (0x4)
                0x0000000020010020                _edata = .

.igot.plt       0x0000000020010020        0x0 load address 0x000000000000876c
 .igot.plt      0x0000000020010020        0x0 ./utilities/fsl_debug_console.o

.bss_RAM2       0x0000000020000000        0x0
                [!provide]                        PROVIDE (__start_bss_RAM2 = .)
 *(SORT_BY_ALIGNMENT(.bss.$RAM2*))
 *(SORT_BY_ALIGNMENT(.bss.$SRAM0*))
                0x0000000020000000                . = ALIGN ((. != 0x0)?0x4:0x1)
                [!provide]                        PROVIDE (__end_bss_RAM2 = .)

.bss_RAM3       0x0000000004000000        0x0
                [!provide]                        PROVIDE (__start_bss_RAM3 = .)
 *(SORT_BY_ALIGNMENT(.bss.$RAM3*))
 *(SORT_BY_ALIGNMENT(.bss.$SRAMX*))
                0x0000000004000000                . = ALIGN ((. != 0x0)?0x4:0x1)
                [!provide]                        PROVIDE (__end_bss_RAM3 = .)

.bss_RAM4       0x0000000020020000        0x0
                [!provide]                        PROVIDE (__start_bss_RAM4 = .)
 *(SORT_BY_ALIGNMENT(.bss.$RAM4*))
 *(SORT_BY_ALIGNMENT(.bss.$SRAM2*))
                0x0000000020020000                . = ALIGN ((. != 0x0)?0x4:0x1)
                [!provide]                        PROVIDE (__end_bss_RAM4 = .)

.bss            0x0000000020010020     0x2b68
                0x0000000020010020                _bss = .
 *(SORT_BY_ALIGNMENT(.bss*))
 .bss.s_debugConsoleState
                0x0000000020010020       0x1c ./utilities/fsl_debug_console.o
 .bss.g_serialHandle
                0x000000002001003c        0x4 ./utilities/fsl_debug_console.o
                0x000000002001003c                g_serialHandle
 .bss.__SWVtrace_Enabled
                0x0000000020010040        0x4 ./startup/startup_lpc5411x.o
                0x0000000020010040                __SWVtrace_Enabled
 .bss.background_buffer
                0x0000000020010044       0x20 ./source/BB_LPC_code.o
                0x0000000020010044                background_buffer
 .bss.recv_buffer
                0x0000000020010064        0x1 ./source/BB_LPC_code.o
                0x0000000020010064                recv_buffer
 *fill*         0x0000000020010065        0x3 
 .bss.handle    0x0000000020010068       0x28 ./source/BB_LPC_code.o
                0x0000000020010068                handle
 .bss.t_handle  0x0000000020010090       0x30 ./source/BB_LPC_code.o
                0x0000000020010090                t_handle
 .bss.xQueue1   0x00000000200100c0        0x4 ./source/BB_LPC_code.o
                0x00000000200100c0                xQueue1
 .bss.s_Pll_Freq
                0x00000000200100c4        0x4 ./drivers/fsl_clock.o
 .bss.s_I2S_Mclk_Freq
                0x00000000200100c8        0x4 ./drivers/fsl_clock.o
 .bss.s_ctimerCallback
                0x00000000200100cc       0x14 ./drivers/fsl_ctimer.o
 .bss.ctimerCallbackType
                0x00000000200100e0        0x5 ./drivers/fsl_ctimer.o
 *fill*         0x00000000200100e5        0x3 
 .bss.s_flexcommIrqHandler
                0x00000000200100e8       0x20 ./drivers/fsl_flexcomm.o
 .bss.s_flexcommHandle
                0x0000000020010108       0x20 ./drivers/fsl_flexcomm.o
 .bss.ucHeap    0x0000000020010128     0x2800 ./amazon-freertos/FreeRTOS/portable/heap_4.o
 .bss.xStart    0x0000000020012928        0x8 ./amazon-freertos/FreeRTOS/portable/heap_4.o
 .bss.pxEnd     0x0000000020012930        0x4 ./amazon-freertos/FreeRTOS/portable/heap_4.o
 .bss.xFreeBytesRemaining
                0x0000000020012934        0x4 ./amazon-freertos/FreeRTOS/portable/heap_4.o
 .bss.xMinimumEverFreeBytesRemaining
                0x0000000020012938        0x4 ./amazon-freertos/FreeRTOS/portable/heap_4.o
 .bss.xBlockAllocatedBit
                0x000000002001293c        0x4 ./amazon-freertos/FreeRTOS/portable/heap_4.o
 .bss.ulMaxPRIGROUPValue
                0x0000000020012940        0x4 ./amazon-freertos/FreeRTOS/portable/port.o
 .bss.xQueueRegistry
                0x0000000020012944       0x40 ./amazon-freertos/FreeRTOS/queue.o
                0x0000000020012944                xQueueRegistry
 .bss.pxCurrentTCB
                0x0000000020012984        0x4 ./amazon-freertos/FreeRTOS/tasks.o
                0x0000000020012984                pxCurrentTCB
 .bss.pxReadyTasksLists
                0x0000000020012988       0x64 ./amazon-freertos/FreeRTOS/tasks.o
 .bss.xDelayedTaskList1
                0x00000000200129ec       0x14 ./amazon-freertos/FreeRTOS/tasks.o
 .bss.xDelayedTaskList2
                0x0000000020012a00       0x14 ./amazon-freertos/FreeRTOS/tasks.o
 .bss.pxDelayedTaskList
                0x0000000020012a14        0x4 ./amazon-freertos/FreeRTOS/tasks.o
 .bss.pxOverflowDelayedTaskList
                0x0000000020012a18        0x4 ./amazon-freertos/FreeRTOS/tasks.o
 .bss.xPendingReadyList
                0x0000000020012a1c       0x14 ./amazon-freertos/FreeRTOS/tasks.o
 .bss.xTasksWaitingTermination
                0x0000000020012a30       0x14 ./amazon-freertos/FreeRTOS/tasks.o
 .bss.uxDeletedTasksWaitingCleanUp
                0x0000000020012a44        0x4 ./amazon-freertos/FreeRTOS/tasks.o
 .bss.xSuspendedTaskList
                0x0000000020012a48       0x14 ./amazon-freertos/FreeRTOS/tasks.o
 .bss.uxCurrentNumberOfTasks
                0x0000000020012a5c        0x4 ./amazon-freertos/FreeRTOS/tasks.o
 .bss.xTickCount
                0x0000000020012a60        0x4 ./amazon-freertos/FreeRTOS/tasks.o
 .bss.uxTopReadyPriority
                0x0000000020012a64        0x4 ./amazon-freertos/FreeRTOS/tasks.o
 .bss.xSchedulerRunning
                0x0000000020012a68        0x4 ./amazon-freertos/FreeRTOS/tasks.o
 .bss.uxPendedTicks
                0x0000000020012a6c        0x4 ./amazon-freertos/FreeRTOS/tasks.o
 .bss.xYieldPending
                0x0000000020012a70        0x4 ./amazon-freertos/FreeRTOS/tasks.o
 .bss.xNumOfOverflows
                0x0000000020012a74        0x4 ./amazon-freertos/FreeRTOS/tasks.o
 .bss.uxTaskNumber
                0x0000000020012a78        0x4 ./amazon-freertos/FreeRTOS/tasks.o
 .bss.xNextTaskUnblockTime
                0x0000000020012a7c        0x4 ./amazon-freertos/FreeRTOS/tasks.o
 .bss.xIdleTaskHandle
                0x0000000020012a80        0x4 ./amazon-freertos/FreeRTOS/tasks.o
 .bss.uxSchedulerSuspended
                0x0000000020012a84        0x4 ./amazon-freertos/FreeRTOS/tasks.o
 .bss.xActiveTimerList1
                0x0000000020012a88       0x14 ./amazon-freertos/FreeRTOS/timers.o
 .bss.xActiveTimerList2
                0x0000000020012a9c       0x14 ./amazon-freertos/FreeRTOS/timers.o
 .bss.pxCurrentTimerList
                0x0000000020012ab0        0x4 ./amazon-freertos/FreeRTOS/timers.o
 .bss.pxOverflowTimerList
                0x0000000020012ab4        0x4 ./amazon-freertos/FreeRTOS/timers.o
 .bss.xTimerQueue
                0x0000000020012ab8        0x4 ./amazon-freertos/FreeRTOS/timers.o
 .bss.xTimerTaskHandle
                0x0000000020012abc        0x4 ./amazon-freertos/FreeRTOS/timers.o
 .bss.xLastTime.5855
                0x0000000020012ac0        0x4 ./amazon-freertos/FreeRTOS/timers.o
 .bss.__Ciob    0x0000000020012ac4       0xb4 /usr/local/mcuxpressoide-10.3.1_2233/ide/plugins/com.nxp.mcuxpresso.tools.linux_10.3.0.201811011841/tools/bin/../lib/gcc/arm-none-eabi/7.3.1/../../../../arm-none-eabi/lib/thumb/v7e-m/fpv4-sp/hard/libcr_semihost_nf.a(__ciob.o)
                0x0000000020012ac4                __Ciob
 .bss.__end_of_heap
                0x0000000020012b78        0x4 /usr/local/mcuxpressoide-10.3.1_2233/ide/plugins/com.nxp.mcuxpresso.tools.linux_10.3.0.201811011841/tools/bin/../lib/gcc/arm-none-eabi/7.3.1/../../../../arm-none-eabi/lib/thumb/v7e-m/fpv4-sp/hard/libcr_c.a(__init_alloc.o)
                0x0000000020012b78                __end_of_heap
 .bss.__heaps   0x0000000020012b7c        0x4 /usr/local/mcuxpressoide-10.3.1_2233/ide/plugins/com.nxp.mcuxpresso.tools.linux_10.3.0.201811011841/tools/bin/../lib/gcc/arm-none-eabi/7.3.1/../../../../arm-none-eabi/lib/thumb/v7e-m/fpv4-sp/hard/libcr_c.a(__init_alloc.o)
                0x0000000020012b7c                __heaps
 .bss.errno     0x0000000020012b80        0x4 /usr/local/mcuxpressoide-10.3.1_2233/ide/plugins/com.nxp.mcuxpresso.tools.linux_10.3.0.201811011841/tools/bin/../lib/gcc/arm-none-eabi/7.3.1/../../../../arm-none-eabi/lib/thumb/v7e-m/fpv4-sp/hard/libcr_c.a(errno.o)
                0x0000000020012b80                errno
 .bss.ucMaxSysCallPriority
                0x0000000020012b84        0x1 ./amazon-freertos/FreeRTOS/portable/port.o
 *(SORT_BY_ALIGNMENT(COMMON))
                0x0000000020012b88                . = ALIGN (0x4)
 *fill*         0x0000000020012b85        0x3 
                0x0000000020012b88                _ebss = .
                [!provide]                        PROVIDE (end = .)

.noinit_RAM2    0x0000000020000000        0x0
 *(SORT_BY_ALIGNMENT(.noinit.$RAM2*))
 *(SORT_BY_ALIGNMENT(.noinit.$SRAM0*))
                0x0000000020000000                . = ALIGN (0x4)

.noinit_RAM3    0x0000000004000000        0x0
 *(SORT_BY_ALIGNMENT(.noinit.$RAM3*))
 *(SORT_BY_ALIGNMENT(.noinit.$SRAMX*))
                0x0000000004000000                . = ALIGN (0x4)

.noinit_RAM4    0x0000000020020000        0x0
 *(SORT_BY_ALIGNMENT(.noinit.$RAM4*))
 *(SORT_BY_ALIGNMENT(.noinit.$SRAM2*))
                0x0000000020020000                . = ALIGN (0x4)

.noinit         0x0000000020012b88        0x0
                0x0000000020012b88                _noinit = .
 *(SORT_BY_ALIGNMENT(.noinit*))
                0x0000000020012b88                . = ALIGN (0x4)
                0x0000000020012b88                _end_noinit = .
                0x0000000000001000                _HeapSize = 0x1000

.heap           0x0000000020012b88     0x1000
                0x0000000020012b88                _pvHeapStart = .
                0x0000000020013b88                . = (. + _HeapSize)
 *fill*         0x0000000020012b88     0x1000 
                0x0000000020013b88                . = ALIGN (0x4)
                0x0000000020013b88                _pvHeapLimit = .
                0x0000000000001000                _StackSize = 0x1000

.heap2stackfill
                0x0000000020013b88     0x1000
                0x0000000020014b88                . = (. + _StackSize)
 *fill*         0x0000000020013b88     0x1000 

.stack          0x000000002001f000        0x0
                0x000000002001f000                _vStackBase = .
                0x000000002001f000                . = ALIGN (0x4)
                0x0000000020020000                _vStackTop = (. + _StackSize)
                0xffffffffdffda2a5                PROVIDE (__valid_user_code_checksum = (0x0 - (((_vStackTop + (ResetISR + 0x1)) + (DEFINED (NMI_Handler)?NMI_Handler:M0_NMI_Handler + 0x1)) + (DEFINED (HardFault_Handler)?HardFault_Handler:M0_HardFault_Handler + 0x1))))
                0x0000000000000000                _image_start = LOADADDR (.text)
                0x000000000000876c                _image_end = (LOADADDR (.data) + SIZEOF (.data))
                0x000000000000876c                _image_size = (_image_end - _image_start)
OUTPUT(lpcxpresso54114_BB_LPC_code_freertos_usart.axf elf32-littlearm)

.debug_info     0x0000000000000000    0x13ea2
 .debug_info    0x0000000000000000      0x8ee ./utilities/fsl_debug_console.o
 .debug_info    0x00000000000008ee      0x596 ./startup/startup_lpc5411x.o
 .debug_info    0x0000000000000e84     0x11bb ./source/BB_LPC_code.o
 .debug_info    0x000000000000203f       0x3b ./source/semihost_hardfault.o
 .debug_info    0x000000000000207a      0x95e ./drivers/freertos/fsl_usart_freertos.o
 .debug_info    0x00000000000029d8     0x23e8 ./drivers/fsl_clock.o
 .debug_info    0x0000000000004dc0     0x1c01 ./drivers/fsl_ctimer.o
 .debug_info    0x00000000000069c1     0x14de ./drivers/fsl_flexcomm.o
 .debug_info    0x0000000000007e9f      0xb5b ./drivers/fsl_reset.o
 .debug_info    0x00000000000089fa     0x13af ./drivers/fsl_usart.o
 .debug_info    0x0000000000009da9      0xca2 ./device/system_LPC54114_cm4.o
 .debug_info    0x000000000000aa4b      0xbaa ./component/uart/usart_adapter.o
 .debug_info    0x000000000000b5f5      0x6ea ./component/serial_manager/serial_manager.o
 .debug_info    0x000000000000bcdf      0x4a9 ./component/serial_manager/serial_port_uart.o
 .debug_info    0x000000000000c188      0x934 ./board/board.o
 .debug_info    0x000000000000cabc      0xca6 ./board/clock_config.o
 .debug_info    0x000000000000d762       0x4c ./board/peripherals.o
 .debug_info    0x000000000000d7ae      0xc2a ./board/pin_mux.o
 .debug_info    0x000000000000e3d8       0xe5 ./amazon-freertos/FreeRTOS/portable/fsl_tickless_systick.o
 .debug_info    0x000000000000e4bd      0x3ea ./amazon-freertos/FreeRTOS/portable/heap_4.o
 .debug_info    0x000000000000e8a7      0x52e ./amazon-freertos/FreeRTOS/portable/port.o
 .debug_info    0x000000000000edd5      0x9cd ./amazon-freertos/FreeRTOS/event_groups.o
 .debug_info    0x000000000000f7a2      0x2c9 ./amazon-freertos/FreeRTOS/list.o
 .debug_info    0x000000000000fa6b     0x1690 ./amazon-freertos/FreeRTOS/queue.o
 .debug_info    0x00000000000110fb     0x2002 ./amazon-freertos/FreeRTOS/tasks.o
 .debug_info    0x00000000000130fd      0xda5 ./amazon-freertos/FreeRTOS/timers.o

.debug_abbrev   0x0000000000000000     0x3082
 .debug_abbrev  0x0000000000000000      0x19a ./utilities/fsl_debug_console.o
 .debug_abbrev  0x000000000000019a      0x158 ./startup/startup_lpc5411x.o
 .debug_abbrev  0x00000000000002f2      0x24a ./source/BB_LPC_code.o
 .debug_abbrev  0x000000000000053c       0x2f ./source/semihost_hardfault.o
 .debug_abbrev  0x000000000000056b      0x1f2 ./drivers/freertos/fsl_usart_freertos.o
 .debug_abbrev  0x000000000000075d      0x35e ./drivers/fsl_clock.o
 .debug_abbrev  0x0000000000000abb      0x30b ./drivers/fsl_ctimer.o
 .debug_abbrev  0x0000000000000dc6      0x293 ./drivers/fsl_flexcomm.o
 .debug_abbrev  0x0000000000001059      0x195 ./drivers/fsl_reset.o
 .debug_abbrev  0x00000000000011ee      0x327 ./drivers/fsl_usart.o
 .debug_abbrev  0x0000000000001515      0x1ec ./device/system_LPC54114_cm4.o
 .debug_abbrev  0x0000000000001701      0x1c0 ./component/uart/usart_adapter.o
 .debug_abbrev  0x00000000000018c1      0x163 ./component/serial_manager/serial_manager.o
 .debug_abbrev  0x0000000000001a24      0x148 ./component/serial_manager/serial_port_uart.o
 .debug_abbrev  0x0000000000001b6c      0x14f ./board/board.o
 .debug_abbrev  0x0000000000001cbb      0x189 ./board/clock_config.o
 .debug_abbrev  0x0000000000001e44       0x47 ./board/peripherals.o
 .debug_abbrev  0x0000000000001e8b      0x1e3 ./board/pin_mux.o
 .debug_abbrev  0x000000000000206e       0x92 ./amazon-freertos/FreeRTOS/portable/fsl_tickless_systick.o
 .debug_abbrev  0x0000000000002100      0x1e8 ./amazon-freertos/FreeRTOS/portable/heap_4.o
 .debug_abbrev  0x00000000000022e8      0x24c ./amazon-freertos/FreeRTOS/portable/port.o
 .debug_abbrev  0x0000000000002534      0x23e ./amazon-freertos/FreeRTOS/event_groups.o
 .debug_abbrev  0x0000000000002772      0x119 ./amazon-freertos/FreeRTOS/list.o
 .debug_abbrev  0x000000000000288b      0x2b6 ./amazon-freertos/FreeRTOS/queue.o
 .debug_abbrev  0x0000000000002b41      0x2eb ./amazon-freertos/FreeRTOS/tasks.o
 .debug_abbrev  0x0000000000002e2c      0x256 ./amazon-freertos/FreeRTOS/timers.o

.debug_aranges  0x0000000000000000      0xf08
 .debug_aranges
                0x0000000000000000       0x50 ./utilities/fsl_debug_console.o
 .debug_aranges
                0x0000000000000050      0x1c8 ./startup/startup_lpc5411x.o
 .debug_aranges
                0x0000000000000218       0x70 ./source/BB_LPC_code.o
 .debug_aranges
                0x0000000000000288       0x20 ./source/semihost_hardfault.o
 .debug_aranges
                0x00000000000002a8       0x40 ./drivers/freertos/fsl_usart_freertos.o
 .debug_aranges
                0x00000000000002e8      0x1b0 ./drivers/fsl_clock.o
 .debug_aranges
                0x0000000000000498       0xd8 ./drivers/fsl_ctimer.o
 .debug_aranges
                0x0000000000000570       0x88 ./drivers/fsl_flexcomm.o
 .debug_aranges
                0x00000000000005f8       0x48 ./drivers/fsl_reset.o
 .debug_aranges
                0x0000000000000640       0xd8 ./drivers/fsl_usart.o
 .debug_aranges
                0x0000000000000718       0x68 ./device/system_LPC54114_cm4.o
 .debug_aranges
                0x0000000000000780       0x40 ./component/uart/usart_adapter.o
 .debug_aranges
                0x00000000000007c0       0x88 ./component/serial_manager/serial_manager.o
 .debug_aranges
                0x0000000000000848       0x38 ./component/serial_manager/serial_port_uart.o
 .debug_aranges
                0x0000000000000880       0x28 ./board/board.o
 .debug_aranges
                0x00000000000008a8       0x40 ./board/clock_config.o
 .debug_aranges
                0x00000000000008e8       0x28 ./board/peripherals.o
 .debug_aranges
                0x0000000000000910       0x38 ./board/pin_mux.o
 .debug_aranges
                0x0000000000000948       0x20 ./amazon-freertos/FreeRTOS/portable/fsl_tickless_systick.o
 .debug_aranges
                0x0000000000000968       0x50 ./amazon-freertos/FreeRTOS/portable/heap_4.o
 .debug_aranges
                0x00000000000009b8       0x78 ./amazon-freertos/FreeRTOS/portable/port.o
 .debug_aranges
                0x0000000000000a30       0x88 ./amazon-freertos/FreeRTOS/event_groups.o
 .debug_aranges
                0x0000000000000ab8       0x40 ./amazon-freertos/FreeRTOS/list.o
 .debug_aranges
                0x0000000000000af8      0x130 ./amazon-freertos/FreeRTOS/queue.o
 .debug_aranges
                0x0000000000000c28      0x208 ./amazon-freertos/FreeRTOS/tasks.o
 .debug_aranges
                0x0000000000000e30       0xd8 ./amazon-freertos/FreeRTOS/timers.o

.debug_ranges   0x0000000000000000      0xd68
 .debug_ranges  0x0000000000000000       0x40 ./utilities/fsl_debug_console.o
 .debug_ranges  0x0000000000000040      0x1b8 ./startup/startup_lpc5411x.o
 .debug_ranges  0x00000000000001f8       0x60 ./source/BB_LPC_code.o
 .debug_ranges  0x0000000000000258       0x10 ./source/semihost_hardfault.o
 .debug_ranges  0x0000000000000268       0x30 ./drivers/freertos/fsl_usart_freertos.o
 .debug_ranges  0x0000000000000298      0x1a0 ./drivers/fsl_clock.o
 .debug_ranges  0x0000000000000438       0xc8 ./drivers/fsl_ctimer.o
 .debug_ranges  0x0000000000000500       0x78 ./drivers/fsl_flexcomm.o
 .debug_ranges  0x0000000000000578       0x38 ./drivers/fsl_reset.o
 .debug_ranges  0x00000000000005b0       0xc8 ./drivers/fsl_usart.o
 .debug_ranges  0x0000000000000678       0x58 ./device/system_LPC54114_cm4.o
 .debug_ranges  0x00000000000006d0       0x30 ./component/uart/usart_adapter.o
 .debug_ranges  0x0000000000000700       0x78 ./component/serial_manager/serial_manager.o
 .debug_ranges  0x0000000000000778       0x28 ./component/serial_manager/serial_port_uart.o
 .debug_ranges  0x00000000000007a0       0x18 ./board/board.o
 .debug_ranges  0x00000000000007b8       0x30 ./board/clock_config.o
 .debug_ranges  0x00000000000007e8       0x18 ./board/peripherals.o
 .debug_ranges  0x0000000000000800       0x28 ./board/pin_mux.o
 .debug_ranges  0x0000000000000828       0x10 ./amazon-freertos/FreeRTOS/portable/fsl_tickless_systick.o
 .debug_ranges  0x0000000000000838       0x40 ./amazon-freertos/FreeRTOS/portable/heap_4.o
 .debug_ranges  0x0000000000000878       0x68 ./amazon-freertos/FreeRTOS/portable/port.o
 .debug_ranges  0x00000000000008e0       0x78 ./amazon-freertos/FreeRTOS/event_groups.o
 .debug_ranges  0x0000000000000958       0x30 ./amazon-freertos/FreeRTOS/list.o
 .debug_ranges  0x0000000000000988      0x120 ./amazon-freertos/FreeRTOS/queue.o
 .debug_ranges  0x0000000000000aa8      0x1f8 ./amazon-freertos/FreeRTOS/tasks.o
 .debug_ranges  0x0000000000000ca0       0xc8 ./amazon-freertos/FreeRTOS/timers.o

.debug_macro    0x0000000000000000     0x3196
 .debug_macro   0x0000000000000000      0x242 ./utilities/fsl_debug_console.o
 .debug_macro   0x0000000000000242       0x16 ./utilities/fsl_debug_console.o
 .debug_macro   0x0000000000000258       0x10 ./utilities/fsl_debug_console.o
 .debug_macro   0x0000000000000268       0x28 ./utilities/fsl_debug_console.o
 .debug_macro   0x0000000000000290      0x197 ./utilities/fsl_debug_console.o
 .debug_macro   0x0000000000000427      0x15a ./utilities/fsl_debug_console.o
 .debug_macro   0x0000000000000581       0xdd ./utilities/fsl_debug_console.o
 .debug_macro   0x000000000000065e       0x10 ./utilities/fsl_debug_console.o
 .debug_macro   0x000000000000066e       0x1f ./utilities/fsl_debug_console.o
 .debug_macro   0x000000000000068d      0x353 ./utilities/fsl_debug_console.o
 .debug_macro   0x00000000000009e0       0xb5 ./utilities/fsl_debug_console.o
 .debug_macro   0x0000000000000a95       0x8c ./utilities/fsl_debug_console.o
 .debug_macro   0x0000000000000b21       0x86 ./utilities/fsl_debug_console.o
 .debug_macro   0x0000000000000ba7       0x7e ./utilities/fsl_debug_console.o
 .debug_macro   0x0000000000000c25       0x54 ./utilities/fsl_debug_console.o
 .debug_macro   0x0000000000000c79       0x1c ./utilities/fsl_debug_console.o
 .debug_macro   0x0000000000000c95       0x32 ./startup/startup_lpc5411x.o
 .debug_macro   0x0000000000000cc7       0x34 ./startup/startup_lpc5411x.o
 .debug_macro   0x0000000000000cfb      0x2c7 ./source/BB_LPC_code.o
 .debug_macro   0x0000000000000fc2       0xd8 ./source/BB_LPC_code.o
 .debug_macro   0x000000000000109a       0x22 ./source/BB_LPC_code.o
 .debug_macro   0x00000000000010bc      0x1a6 ./source/BB_LPC_code.o
 .debug_macro   0x0000000000001262       0x64 ./source/BB_LPC_code.o
 .debug_macro   0x00000000000012c6       0x2e ./source/BB_LPC_code.o
 .debug_macro   0x00000000000012f4      0x197 ./source/BB_LPC_code.o
 .debug_macro   0x000000000000148b       0x91 ./source/BB_LPC_code.o
 .debug_macro   0x000000000000151c       0x1c ./source/BB_LPC_code.o
 .debug_macro   0x0000000000001538       0x1c ./source/BB_LPC_code.o
 .debug_macro   0x0000000000001554       0x10 ./source/BB_LPC_code.o
 .debug_macro   0x0000000000001564       0x11 ./source/semihost_hardfault.o
 .debug_macro   0x0000000000001575      0x1f6 ./drivers/freertos/fsl_usart_freertos.o
 .debug_macro   0x000000000000176b       0x16 ./drivers/freertos/fsl_usart_freertos.o
 .debug_macro   0x0000000000001781      0x1e5 ./drivers/fsl_clock.o
 .debug_macro   0x0000000000001966       0x22 ./drivers/fsl_clock.o
 .debug_macro   0x0000000000001988      0x138 ./drivers/fsl_ctimer.o
 .debug_macro   0x0000000000001ac0      0x131 ./drivers/fsl_flexcomm.o
 .debug_macro   0x0000000000001bf1       0x10 ./drivers/fsl_flexcomm.o
 .debug_macro   0x0000000000001c01      0x128 ./drivers/fsl_reset.o
 .debug_macro   0x0000000000001d29      0x140 ./drivers/fsl_usart.o
 .debug_macro   0x0000000000001e69       0xdf ./device/system_LPC54114_cm4.o
 .debug_macro   0x0000000000001f48      0x147 ./component/uart/usart_adapter.o
 .debug_macro   0x000000000000208f       0x1c ./component/uart/usart_adapter.o
 .debug_macro   0x00000000000020ab      0x151 ./component/serial_manager/serial_manager.o
 .debug_macro   0x00000000000021fc      0x142 ./component/serial_manager/serial_port_uart.o
 .debug_macro   0x000000000000233e       0x1c ./component/serial_manager/serial_port_uart.o
 .debug_macro   0x000000000000235a      0x192 ./board/board.o
 .debug_macro   0x00000000000024ec       0x28 ./board/board.o
 .debug_macro   0x0000000000002514      0x148 ./board/clock_config.o
 .debug_macro   0x000000000000265c       0x1c ./board/clock_config.o
 .debug_macro   0x0000000000002678       0x1b ./board/peripherals.o
 .debug_macro   0x0000000000002693      0x13e ./board/pin_mux.o
 .debug_macro   0x00000000000027d1       0xbe ./board/pin_mux.o
 .debug_macro   0x000000000000288f       0xbc ./amazon-freertos/FreeRTOS/portable/fsl_tickless_systick.o
 .debug_macro   0x000000000000294b       0x16 ./amazon-freertos/FreeRTOS/portable/fsl_tickless_systick.o
 .debug_macro   0x0000000000002961       0x7c ./amazon-freertos/FreeRTOS/portable/fsl_tickless_systick.o
 .debug_macro   0x00000000000029dd       0xdf ./amazon-freertos/FreeRTOS/portable/heap_4.o
 .debug_macro   0x0000000000002abc      0x134 ./amazon-freertos/FreeRTOS/portable/port.o
 .debug_macro   0x0000000000002bf0      0x113 ./amazon-freertos/FreeRTOS/event_groups.o
 .debug_macro   0x0000000000002d03       0xb8 ./amazon-freertos/FreeRTOS/list.o
 .debug_macro   0x0000000000002dbb      0x121 ./amazon-freertos/FreeRTOS/queue.o
 .debug_macro   0x0000000000002edc      0x199 ./amazon-freertos/FreeRTOS/tasks.o
 .debug_macro   0x0000000000003075       0x10 ./amazon-freertos/FreeRTOS/tasks.o
 .debug_macro   0x0000000000003085       0x16 ./amazon-freertos/FreeRTOS/tasks.o
 .debug_macro   0x000000000000309b       0xfb ./amazon-freertos/FreeRTOS/timers.o

.debug_line     0x0000000000000000     0x8343
 .debug_line    0x0000000000000000      0x557 ./utilities/fsl_debug_console.o
 .debug_line    0x0000000000000557      0x43d ./startup/startup_lpc5411x.o
 .debug_line    0x0000000000000994      0x5f7 ./source/BB_LPC_code.o
 .debug_line    0x0000000000000f8b       0x54 ./source/semihost_hardfault.o
 .debug_line    0x0000000000000fdf      0x4c3 ./drivers/freertos/fsl_usart_freertos.o
 .debug_line    0x00000000000014a2      0xa43 ./drivers/fsl_clock.o
 .debug_line    0x0000000000001ee5      0x580 ./drivers/fsl_ctimer.o
 .debug_line    0x0000000000002465      0x490 ./drivers/fsl_flexcomm.o
 .debug_line    0x00000000000028f5      0x358 ./drivers/fsl_reset.o
 .debug_line    0x0000000000002c4d      0x7db ./drivers/fsl_usart.o
 .debug_line    0x0000000000003428      0x397 ./device/system_LPC54114_cm4.o
 .debug_line    0x00000000000037bf      0x3ac ./component/uart/usart_adapter.o
 .debug_line    0x0000000000003b6b      0x4df ./component/serial_manager/serial_manager.o
 .debug_line    0x000000000000404a      0x3a5 ./component/serial_manager/serial_port_uart.o
 .debug_line    0x00000000000043ef      0x371 ./board/board.o
 .debug_line    0x0000000000004760      0x338 ./board/clock_config.o
 .debug_line    0x0000000000004a98       0x69 ./board/peripherals.o
 .debug_line    0x0000000000004b01      0x334 ./board/pin_mux.o
 .debug_line    0x0000000000004e35      0x285 ./amazon-freertos/FreeRTOS/portable/fsl_tickless_systick.o
 .debug_line    0x00000000000050ba      0x39f ./amazon-freertos/FreeRTOS/portable/heap_4.o
 .debug_line    0x0000000000005459      0x465 ./amazon-freertos/FreeRTOS/portable/port.o
 .debug_line    0x00000000000058be      0x556 ./amazon-freertos/FreeRTOS/event_groups.o
 .debug_line    0x0000000000005e14      0x2e6 ./amazon-freertos/FreeRTOS/list.o
 .debug_line    0x00000000000060fa      0xc07 ./amazon-freertos/FreeRTOS/queue.o
 .debug_line    0x0000000000006d01      0xfe9 ./amazon-freertos/FreeRTOS/tasks.o
 .debug_line    0x0000000000007cea      0x659 ./amazon-freertos/FreeRTOS/timers.o

.debug_str      0x0000000000000000    0x54c0d
 .debug_str     0x0000000000000000    0x4a9e5 ./utilities/fsl_debug_console.o
                                      0x4aac9 (size before relaxing)
 .debug_str     0x000000000004a9e5      0x5fb ./startup/startup_lpc5411x.o
                                       0x345a (size before relaxing)
 .debug_str     0x000000000004afe0     0x2477 ./source/BB_LPC_code.o
                                      0x4c712 (size before relaxing)
 .debug_str     0x000000000004d457       0x1f ./source/semihost_hardfault.o
                                       0x2e14 (size before relaxing)
 .debug_str     0x000000000004d476      0x2a4 ./drivers/freertos/fsl_usart_freertos.o
                                      0x4a4d6 (size before relaxing)
 .debug_str     0x000000000004d71a     0x23f4 ./drivers/fsl_clock.o
                                      0x479c9 (size before relaxing)
 .debug_str     0x000000000004fb0e      0x7d8 ./drivers/fsl_ctimer.o