Archive member included to satisfy reference by file (symbol)

/home/abhishek/Documents/MCUXpresso_10.3.1_2233/workspace/lpcxpresso54114_BB_LPC_code2/libs/libpower_cm4_hardabi.a(fsl_power_lib.o)
                              ./drivers/fsl_clock.o (POWER_SetVoltageForFreq)
/usr/local/mcuxpressoide-10.3.1_2233/ide/plugins/com.nxp.mcuxpresso.tools.linux_10.3.0.201811011841/tools/bin/../lib/gcc/arm-none-eabi/7.3.1/../../../../arm-none-eabi/lib/thumb/v7e-m/fpv4-sp/hard/libcr_semihost_nf.a(_cr__main.o)
                              ./startup/startup_lpc5411x.o (__main)
/usr/local/mcuxpressoide-10.3.1_2233/ide/plugins/com.nxp.mcuxpresso.tools.linux_10.3.0.201811011841/tools/bin/../lib/gcc/arm-none-eabi/7.3.1/../../../../arm-none-eabi/lib/thumb/v7e-m/fpv4-sp/hard/libcr_semihost_nf.a(_cr_assert.o)
                              ./utilities/fsl_debug_console.o (__assertion_failed)
/usr/local/mcuxpressoide-10.3.1_2233/ide/plugins/com.nxp.mcuxpresso.tools.linux_10.3.0.201811011841/tools/bin/../lib/gcc/arm-none-eabi/7.3.1/../../../../arm-none-eabi/lib/thumb/v7e-m/fpv4-sp/hard/libcr_semihost_nf.a(__ciob.o)
                              /usr/local/mcuxpressoide-10.3.1_2233/ide/plugins/com.nxp.mcuxpresso.tools.linux_10.3.0.201811011841/tools/bin/../lib/gcc/arm-none-eabi/7.3.1/../../../../arm-none-eabi/lib/thumb/v7e-m/fpv4-sp/hard/libcr_semihost_nf.a(_cr_assert.o) (__Ciob)
/usr/local/mcuxpressoide-10.3.1_2233/ide/plugins/com.nxp.mcuxpresso.tools.linux_10.3.0.201811011841/tools/bin/../lib/gcc/arm-none-eabi/7.3.1/../../../../arm-none-eabi/lib/thumb/v7e-m/fpv4-sp/hard/libcr_semihost_nf.a(__sys_appexit.o)
                              /usr/local/mcuxpressoide-10.3.1_2233/ide/plugins/com.nxp.mcuxpresso.tools.linux_10.3.0.201811011841/tools/bin/../lib/gcc/arm-none-eabi/7.3.1/../../../../arm-none-eabi/lib/thumb/v7e-m/fpv4-sp/hard/libcr_semihost_nf.a(_cr_assert.o) (__sys_appexit)
/usr/local/mcuxpressoide-10.3.1_2233/ide/plugins/com.nxp.mcuxpresso.tools.linux_10.3.0.201811011841/tools/bin/../lib/gcc/arm-none-eabi/7.3.1/../../../../arm-none-eabi/lib/thumb/v7e-m/fpv4-sp/hard/libcr_c.a(memcpy.o)
                              ./amazon-freertos/FreeRTOS/queue.o (memcpy)
/usr/local/mcuxpressoide-10.3.1_2233/ide/plugins/com.nxp.mcuxpresso.tools.linux_10.3.0.201811011841/tools/bin/../lib/gcc/arm-none-eabi/7.3.1/../../../../arm-none-eabi/lib/thumb/v7e-m/fpv4-sp/hard/libcr_c.a(memset.o)
                              ./utilities/fsl_debug_console.o (memset)
/usr/local/mcuxpressoide-10.3.1_2233/ide/plugins/com.nxp.mcuxpresso.tools.linux_10.3.0.201811011841/tools/bin/../lib/gcc/arm-none-eabi/7.3.1/../../../../arm-none-eabi/lib/thumb/v7e-m/fpv4-sp/hard/libcr_c.a(_deferredlazyseek.o)
                              /usr/local/mcuxpressoide-10.3.1_2233/ide/plugins/com.nxp.mcuxpresso.tools.linux_10.3.0.201811011841/tools/bin/../lib/gcc/arm-none-eabi/7.3.1/../../../../arm-none-eabi/lib/thumb/v7e-m/fpv4-sp/hard/libcr_semihost_nf.a(_cr_assert.o) (__flsbuf)
/usr/local/mcuxpressoide-10.3.1_2233/ide/plugins/com.nxp.mcuxpresso.tools.linux_10.3.0.201811011841/tools/bin/../lib/gcc/arm-none-eabi/7.3.1/../../../../arm-none-eabi/lib/thumb/v7e-m/fpv4-sp/hard/libcr_c.a(_fflush.o)
                              /usr/local/mcuxpressoide-10.3.1_2233/ide/plugins/com.nxp.mcuxpresso.tools.linux_10.3.0.201811011841/tools/bin/../lib/gcc/arm-none-eabi/7.3.1/../../../../arm-none-eabi/lib/thumb/v7e-m/fpv4-sp/hard/libcr_c.a(_deferredlazyseek.o) (_fflush)
/usr/local/mcuxpressoide-10.3.1_2233/ide/plugins/com.nxp.mcuxpresso.tools.linux_10.3.0.201811011841/tools/bin/../lib/gcc/arm-none-eabi/7.3.1/../../../../arm-none-eabi/lib/thumb/v7e-m/fpv4-sp/hard/libcr_c.a(_writebuf.o)
                              /usr/local/mcuxpressoide-10.3.1_2233/ide/plugins/com.nxp.mcuxpresso.tools.linux_10.3.0.201811011841/tools/bin/../lib/gcc/arm-none-eabi/7.3.1/../../../../arm-none-eabi/lib/thumb/v7e-m/fpv4-sp/hard/libcr_c.a(_deferredlazyseek.o) (_Cwritebuf)
/usr/local/mcuxpressoide-10.3.1_2233/ide/plugins/com.nxp.mcuxpresso.tools.linux_10.3.0.201811011841/tools/bin/../lib/gcc/arm-none-eabi/7.3.1/../../../../arm-none-eabi/lib/thumb/v7e-m/fpv4-sp/hard/libcr_c.a(alloc.o)
                              ./drivers/fsl_common.o (malloc)
/usr/local/mcuxpressoide-10.3.1_2233/ide/plugins/com.nxp.mcuxpresso.tools.linux_10.3.0.201811011841/tools/bin/../lib/gcc/arm-none-eabi/7.3.1/../../../../arm-none-eabi/lib/thumb/v7e-m/fpv4-sp/hard/libcr_c.a(fputs.o)
                              /usr/local/mcuxpressoide-10.3.1_2233/ide/plugins/com.nxp.mcuxpresso.tools.linux_10.3.0.201811011841/tools/bin/../lib/gcc/arm-none-eabi/7.3.1/../../../../arm-none-eabi/lib/thumb/v7e-m/fpv4-sp/hard/libcr_semihost_nf.a(_cr_assert.o) (fputs)
/usr/local/mcuxpressoide-10.3.1_2233/ide/plugins/com.nxp.mcuxpresso.tools.linux_10.3.0.201811011841/tools/bin/../lib/gcc/arm-none-eabi/7.3.1/../../../../arm-none-eabi/lib/thumb/v7e-m/fpv4-sp/hard/libcr_c.a(fseek.o)
[...]
Memory Configuration

Name             Origin             Length             Attributes
PROGRAM_FLASH    0x0000000000000000 0x0000000000040000 xr
SRAM1            0x0000000020010000 0x0000000000010000 xrw
SRAM0            0x0000000020000000 0x0000000000010000 xrw
SRAMX            0x0000000004000000 0x0000000000008000 xrw
SRAM2            0x0000000020020000 0x0000000000008000 xrw
*default*        0x0000000000000000 0xffffffffffffffff

Linker script and memory map

LOAD ./utilities/fsl_assert.o
LOAD ./utilities/fsl_debug_console.o
LOAD ./utilities/fsl_str.o
LOAD ./startup/boot_multicore_slave.o
LOAD ./startup/startup_lpc5411x.o
LOAD ./source/BB_LPC_code2.o
LOAD ./source/semihost_hardfault.o
LOAD ./drivers/freertos/fsl_usart_freertos.o
LOAD ./drivers/fsl_clock.o
LOAD ./drivers/fsl_common.o
LOAD ./drivers/fsl_ctimer.o
LOAD ./drivers/fsl_flexcomm.o
LOAD ./drivers/fsl_gpio.o
LOAD ./drivers/fsl_inputmux.o
LOAD ./drivers/fsl_power.o
LOAD ./drivers/fsl_reset.o
LOAD ./drivers/fsl_usart.o
LOAD ./device/system_LPC54114_cm4.o
LOAD ./component/uart/usart_adapter.o
LOAD ./component/serial_manager/serial_manager.o
LOAD ./component/serial_manager/serial_port_uart.o
LOAD ./component/lists/generic_list.o
LOAD ./board/board.o
LOAD ./board/clock_config.o
LOAD ./board/peripherals.o
LOAD ./board/pin_mux.o
LOAD ./amazon-freertos/FreeRTOS/portable/fsl_tickless_systick.o
LOAD ./amazon-freertos/FreeRTOS/portable/heap_4.o
LOAD ./amazon-freertos/FreeRTOS/portable/port.o
LOAD ./amazon-freertos/FreeRTOS/event_groups.o
LOAD ./amazon-freertos/FreeRTOS/list.o
LOAD ./amazon-freertos/FreeRTOS/queue.o
LOAD ./amazon-freertos/FreeRTOS/stream_buffer.o
LOAD ./amazon-freertos/FreeRTOS/tasks.o
LOAD ./amazon-freertos/FreeRTOS/timers.o
LOAD /home/abhishek/Documents/MCUXpresso_10.3.1_2233/workspace/lpcxpresso54114_BB_LPC_code2/libs/libpower_cm4_hardabi.a
START GROUP
LOAD /usr/local/mcuxpressoide-10.3.1_2233/ide/plugins/com.nxp.mcuxpresso.tools.linux_10.3.0.201811011841/tools/bin/../lib/gcc/arm-none-eabi/7.3.1/../../../../arm-none-eabi/lib/thumb/v7e-m/fpv4-sp/hard/libcr_semihost_nf.a
LOAD /usr/local/mcuxpressoide-10.3.1_2233/ide/plugins/com.nxp.mcuxpresso.tools.linux_10.3.0.201811011841/tools/bin/../lib/gcc/arm-none-eabi/7.3.1/../../../../arm-none-eabi/lib/thumb/v7e-m/fpv4-sp/hard/libcr_c.a
LOAD /usr/local/mcuxpressoide-10.3.1_2233/ide/plugins/com.nxp.mcuxpresso.tools.linux_10.3.0.201811011841/tools/bin/../lib/gcc/arm-none-eabi/7.3.1/thumb/v7e-m/fpv4-sp/hard/libcr_eabihelpers.a
LOAD /usr/local/mcuxpressoide-10.3.1_2233/ide/plugins/com.nxp.mcuxpresso.tools.linux_10.3.0.201811011841/tools/bin/../lib/gcc/arm-none-eabi/7.3.1/thumb/v7e-m/fpv4-sp/hard/libgcc.a
END GROUP
                0x0000000000000000                __base_PROGRAM_FLASH = 0x0
                0x0000000000000000                __base_Flash = 0x0
                0x0000000000040000                __top_PROGRAM_FLASH = 0x40000
                0x0000000000040000                __top_Flash = 0x40000
                0x0000000020010000                __base_SRAM1 = 0x20010000
                0x0000000020010000                __base_RAM = 0x20010000
                0x0000000020020000                __top_SRAM1 = 0x20020000
                0x0000000020020000                __top_RAM = 0x20020000
                0x0000000020000000                __base_SRAM0 = 0x20000000
                0x0000000020000000                __base_RAM2 = 0x20000000
                0x0000000020010000                __top_SRAM0 = 0x20010000
                0x0000000020010000                __top_RAM2 = 0x20010000
                0x0000000004000000                __base_SRAMX = 0x4000000
                0x0000000004000000                __base_RAM3 = 0x4000000
                0x0000000004008000                __top_SRAMX = 0x4008000
                0x0000000004008000                __top_RAM3 = 0x4008000
                0x0000000020020000                __base_SRAM2 = 0x20020000
                0x0000000020020000                __base_RAM4 = 0x20020000
                0x0000000020028000                __top_SRAM2 = 0x20028000
                0x0000000020028000                __top_RAM4 = 0x20028000

.text           0x0000000000000000     0x774c
 FILL mask 0xff
                0x0000000000000000                __vectors_start__ = ABSOLUTE (.)
 *(SORT_BY_ALIGNMENT(.isr_vector))
 .isr_vector    0x0000000000000000       0xe0 ./startup/startup_lpc5411x.o
                0x0000000000000000                __Vectors
                0x0000000000000000                g_pfnVectors
                0x00000000000000e0                . = ALIGN (0x4)
                0x00000000000000e0                __section_table_start = .
                0x00000000000000e0                __data_section_table = .
                0x00000000000000e0        0x4 LONG 0x774c LOADADDR (.data)
                0x00000000000000e4        0x4 LONG 0x20010000 ADDR (.data)
                0x00000000000000e8        0x4 LONG 0x20 SIZEOF (.data)
                0x00000000000000ec        0x4 LONG 0x774c LOADADDR (.data_RAM2)
                0x00000000000000f0        0x4 LONG 0x20000000 ADDR (.data_RAM2)
                0x00000000000000f4        0x4 LONG 0x0 SIZEOF (.data_RAM2)
                0x00000000000000f8        0x4 LONG 0x774c LOADADDR (.data_RAM3)
                0x00000000000000fc        0x4 LONG 0x4000000 ADDR (.data_RAM3)
                0x0000000000000100        0x4 LONG 0x0 SIZEOF (.data_RAM3)
                0x0000000000000104        0x4 LONG 0x774c LOADADDR (.data_RAM4)
                0x0000000000000108        0x4 LONG 0x20020000 ADDR (.data_RAM4)
                0x000000000000010c        0x4 LONG 0x0 SIZEOF (.data_RAM4)
                0x0000000000000110                __data_section_table_end = .
                0x0000000000000110                __bss_section_table = .
                0x0000000000000110        0x4 LONG 0x20010020 ADDR (.bss)
                0x0000000000000114        0x4 LONG 0x2b48 SIZEOF (.bss)
                0x0000000000000118        0x4 LONG 0x20000000 ADDR (.bss_RAM2)
                0x000000000000011c        0x4 LONG 0x0 SIZEOF (.bss_RAM2)
                0x0000000000000120        0x4 LONG 0x4000000 ADDR (.bss_RAM3)
                0x0000000000000124        0x4 LONG 0x0 SIZEOF (.bss_RAM3)
                0x0000000000000128        0x4 LONG 0x20020000 ADDR (.bss_RAM4)
                0x000000000000012c        0x4 LONG 0x0 SIZEOF (.bss_RAM4)
                0x0000000000000130                __bss_section_table_end = .
                0x0000000000000130                __section_table_end = .
 *(SORT_BY_ALIGNMENT(.after_vectors*))
 .after_vectors.reset
                0x0000000000000130       0x58 ./startup/startup_lpc5411x.o
                0x0000000000000130                ResetISR
 .after_vectors.init_data
                0x0000000000000188       0x1e ./startup/startup_lpc5411x.o
                0x0000000000000188                data_init
 .after_vectors.init_bss
                0x00000000000001a6       0x12 ./startup/startup_lpc5411x.o
                0x00000000000001a6                bss_init
 .after_vectors
                0x00000000000001b8       0x14 ./startup/startup_lpc5411x.o
                0x00000000000001b8                NMI_Handler
                0x00000000000001c2                MemManage_Handler
                0x00000000000001c4                BusFault_Handler
                0x00000000000001c6                UsageFault_Handler
                0x00000000000001c8                DebugMon_Handler
                0x00000000000001ca                DMA0_DriverIRQHandler
                0x00000000000001ca                PIN_INT3_DriverIRQHandler
                0x00000000000001ca                PIN_INT2_DriverIRQHandler
                0x00000000000001ca                PIN_INT0_DriverIRQHandler
                0x00000000000001ca                SPIFI0_DriverIRQHandler
                0x00000000000001ca                IntDefaultHandler
                0x00000000000001ca                USB0_DriverIRQHandler
                0x00000000000001ca                MRT0_DriverIRQHandler
                0x00000000000001ca                UTICK0_DriverIRQHandler
                0x00000000000001ca                DMIC0_DriverIRQHandler
                0x00000000000001ca                PIN_INT4_DriverIRQHandler
                0x00000000000001ca                PIN_INT5_DriverIRQHandler
                0x00000000000001ca                ADC0_THCMP_DriverIRQHandler
                0x00000000000001ca                GINT1_DriverIRQHandler
                0x00000000000001ca                PIN_INT7_DriverIRQHandler
                0x00000000000001ca                IOH_DriverIRQHandler
                0x00000000000001ca                USB0_NEEDCLK_DriverIRQHandler
                0x00000000000001ca                ADC0_SEQB_DriverIRQHandler
                0x00000000000001ca                PIN_INT6_DriverIRQHandler
                0x00000000000001ca                MAILBOX_DriverIRQHandler
                0x00000000000001ca                PIN_INT1_DriverIRQHandler
                0x00000000000001ca                HWVAD0_DriverIRQHandler
                0x00000000000001ca                RTC_DriverIRQHandler
                0x00000000000001ca                Reserved54_DriverIRQHandler
                0x00000000000001ca                ADC0_SEQA_DriverIRQHandler
                0x00000000000001ca                GINT0_DriverIRQHandler
                0x00000000000001ca                WDT_BOD_DriverIRQHandler
                0x00000000000001ca                SCT0_DriverIRQHandler
 *(SORT_BY_ALIGNMENT(.text*))
 *fill*         0x00000000000001cc        0x4 ff
 .text.SVC_Handler
                0x00000000000001d0       0x28 ./amazon-freertos/FreeRTOS/portable/port.o
                0x00000000000001d0                SVC_Handler
 *fill*         0x00000000000001f8        0x8 ff
 .text.PendSV_Handler
                0x0000000000000200       0x68 ./amazon-freertos/FreeRTOS/portable/port.o
                0x0000000000000200                PendSV_Handler
 .text.ResetISR2
                0x0000000000000268       0x78 ./startup/startup_lpc5411x.o
                0x0000000000000268                ResetISR2
 .text.__NVIC_SetPriority
                0x00000000000002e0       0x54 ./source/BB_LPC_code2.o
 .text.main     0x0000000000000334       0xa8 ./source/BB_LPC_code2.o
                0x0000000000000334                main
 .text.uart_task
                0x00000000000003dc       0x74 ./source/BB_LPC_code2.o
 .text.Drive_task
                0x0000000000000450       0xa0 ./source/BB_LPC_code2.o
 .text.MotorsSetup
                0x00000000000004f0       0xa0 ./source/BB_LPC_code2.o
                0x00000000000004f0                MotorsSetup
 .text.Forward  0x0000000000000590       0x38 ./source/BB_LPC_code2.o
                0x0000000000000590                Forward
 .text.Turn_Left
                0x00000000000005c8       0x38 ./source/BB_LPC_code2.o
                0x00000000000005c8                Turn_Left
 .text.Turn_Right
                0x0000000000000600       0x38 ./source/BB_LPC_code2.o
                0x0000000000000600                Turn_Right
 .text.Stop     0x0000000000000638       0x38 ./source/BB_LPC_code2.o
                0x0000000000000638                Stop
 .text.Reverse  0x0000000000000670       0x38 ./source/BB_LPC_code2.o
                0x0000000000000670                Reverse
 .text.USART_RTOS_Callback
                0x00000000000006a8       0x9c ./drivers/freertos/fsl_usart_freertos.o
 .text.USART_RTOS_Init
                0x0000000000000744      0x158 ./drivers/freertos/fsl_usart_freertos.o
                0x0000000000000744                USART_RTOS_Init
 .text.CLOCK_GetAsyncApbClkSrc
                0x000000000000089c       0x20 ./drivers/fsl_clock.o
 .text.CLOCK_AttachClk
                0x00000000000008bc       0x88 ./drivers/fsl_clock.o
                0x00000000000008bc                CLOCK_AttachClk
 .text.CLOCK_GetFro12MFreq
                0x0000000000000944       0x28 ./drivers/fsl_clock.o
                0x0000000000000944                CLOCK_GetFro12MFreq
 .text.CLOCK_GetWdtOscFreq
                0x000000000000096c       0x68 ./drivers/fsl_clock.o
                0x000000000000096c                CLOCK_GetWdtOscFreq
 .text.CLOCK_GetFroHfFreq
                0x00000000000009d4       0x50 ./drivers/fsl_clock.o
                0x00000000000009d4                CLOCK_GetFroHfFreq
 .text.CLOCK_GetPllOutFreq
                0x0000000000000a24       0x18 ./drivers/fsl_clock.o
                0x0000000000000a24                CLOCK_GetPllOutFreq
 .text.CLOCK_GetI2SMClkFreq
                0x0000000000000a3c       0x18 ./drivers/fsl_clock.o
                0x0000000000000a3c                CLOCK_GetI2SMClkFreq
 .text.CLOCK_GetAsyncApbClkFreq
                0x0000000000000a54       0x3c ./drivers/fsl_clock.o
                0x0000000000000a54                CLOCK_GetAsyncApbClkFreq
 .text.CLOCK_GetFlexCommClkFreq
                0x0000000000000a90       0x6c ./drivers/fsl_clock.o
                0x0000000000000a90                CLOCK_GetFlexCommClkFreq
 .text.CLOCK_GetFRGInputClock
                0x0000000000000afc       0x58 ./drivers/fsl_clock.o
                0x0000000000000afc                CLOCK_GetFRGInputClock
 .text.CLOCK_GetDmicClkFreq
                0x0000000000000b54       0x80 ./drivers/fsl_clock.o
                0x0000000000000b54                CLOCK_GetDmicClkFreq
 .text.CLOCK_GetFreq
                0x0000000000000bd4      0x134 ./drivers/fsl_clock.o
                0x0000000000000bd4                CLOCK_GetFreq
 .text.__NVIC_EnableIRQ
                0x0000000000000d08       0x3c ./drivers/fsl_ctimer.o
 .text.CLOCK_EnableClock
                0x0000000000000d44       0x4c ./drivers/fsl_ctimer.o
 .text.CTIMER_GetInstance
                0x0000000000000d90       0x54 ./drivers/fsl_ctimer.o
 .text.CTIMER_Init
                0x0000000000000de4       0x74 ./drivers/fsl_ctimer.o
                0x0000000000000de4                CTIMER_Init
 .text.CTIMER_GetDefaultConfig
                0x0000000000000e58       0x3c ./drivers/fsl_ctimer.o
                0x0000000000000e58                CTIMER_GetDefaultConfig
 .text.CTIMER_SetupPwm
                0x0000000000000e94      0x11c ./drivers/fsl_ctimer.o
                0x0000000000000e94                CTIMER_SetupPwm
 .text.CTIMER_UpdatePwmDutycycle
                0x0000000000000fb0       0x70 ./drivers/fsl_ctimer.o
                0x0000000000000fb0                CTIMER_UpdatePwmDutycycle
 .text.CTIMER_GenericIRQHandler
                0x0000000000001020       0xb8 ./drivers/fsl_ctimer.o
                0x0000000000001020                CTIMER_GenericIRQHandler
 .text.CLOCK_EnableClock
                0x00000000000010d8       0x4c ./drivers/fsl_flexcomm.o
 .text.FLEXCOMM_GetInstance
                0x0000000000001124       0x44 ./drivers/fsl_flexcomm.o
                0x0000000000001124                FLEXCOMM_GetInstance
 .text.FLEXCOMM_Init
                0x0000000000001168       0x5c ./drivers/fsl_flexcomm.o
                0x0000000000001168                FLEXCOMM_Init
 .text.FLEXCOMM_SetIRQHandler
                0x00000000000011c4       0x48 ./drivers/fsl_flexcomm.o
                0x00000000000011c4                FLEXCOMM_SetIRQHandler
 .text.FLEXCOMM0_DriverIRQHandler
                0x000000000000120c       0x3c ./drivers/fsl_flexcomm.o
                0x000000000000120c                FLEXCOMM0_DriverIRQHandler
 .text.FLEXCOMM1_DriverIRQHandler
                0x0000000000001248       0x3c ./drivers/fsl_flexcomm.o
                0x0000000000001248                FLEXCOMM1_DriverIRQHandler
 .text.FLEXCOMM2_DriverIRQHandler
                0x0000000000001284       0x3c ./drivers/fsl_flexcomm.o
                0x0000000000001284                FLEXCOMM2_DriverIRQHandler
 .text.FLEXCOMM3_DriverIRQHandler
                0x00000000000012c0       0x3c ./drivers/fsl_flexcomm.o
                0x00000000000012c0                FLEXCOMM3_DriverIRQHandler
 .text.FLEXCOMM4_DriverIRQHandler
                0x00000000000012fc       0x3c ./drivers/fsl_flexcomm.o
                0x00000000000012fc                FLEXCOMM4_DriverIRQHandler
 .text.FLEXCOMM5_DriverIRQHandler
                0x0000000000001338       0x3c ./drivers/fsl_flexcomm.o
                0x0000000000001338                FLEXCOMM5_DriverIRQHandler
 .text.FLEXCOMM6_DriverIRQHandler
                0x0000000000001374       0x3c ./drivers/fsl_flexcomm.o
                0x0000000000001374                FLEXCOMM6_DriverIRQHandler
 .text.FLEXCOMM7_DriverIRQHandler
                0x00000000000013b0       0x3c ./drivers/fsl_flexcomm.o
                0x00000000000013b0                FLEXCOMM7_DriverIRQHandler
 .text.RESET_SetPeripheralReset
                0x00000000000013ec       0x7c ./drivers/fsl_reset.o
                0x00000000000013ec                RESET_SetPeripheralReset
 .text.RESET_ClearPeripheralReset
                0x0000000000001468       0x80 ./drivers/fsl_reset.o
                0x0000000000001468                RESET_ClearPeripheralReset
 .text.__NVIC_EnableIRQ
                0x00000000000014e8       0x3c ./drivers/fsl_usart.o
 .text.USART_GetInstance
                0x0000000000001524       0x44 ./drivers/fsl_usart.o
                0x0000000000001524                USART_GetInstance
 .text.USART_TransferGetRxRingBufferLength
                0x0000000000001568       0x60 ./drivers/fsl_usart.o
                0x0000000000001568                USART_TransferGetRxRingBufferLength
 .text.USART_TransferIsRxRingBufferFull
                0x00000000000015c8       0x40 ./drivers/fsl_usart.o
 .text.USART_TransferStartRingBuffer
                0x0000000000001608       0x70 ./drivers/fsl_usart.o
                0x0000000000001608                USART_TransferStartRingBuffer
 .text.USART_Init
                0x0000000000001678      0x14c ./drivers/fsl_usart.o
                0x0000000000001678                USART_Init
 .text.USART_GetDefaultConfig
                0x00000000000017c4       0x64 ./drivers/fsl_usart.o
                0x00000000000017c4                USART_GetDefaultConfig
 .text.USART_SetBaudRate
                0x0000000000001828       0xe4 ./drivers/fsl_usart.o
                0x0000000000001828                USART_SetBaudRate
 .text.USART_TransferCreateHandle
                0x000000000000190c       0xbc ./drivers/fsl_usart.o
                0x000000000000190c                USART_TransferCreateHandle
 .text.USART_TransferReceiveNonBlocking
                0x00000000000019c8      0x1ac ./drivers/fsl_usart.o
                0x00000000000019c8                USART_TransferReceiveNonBlocking
 .text.USART_TransferAbortReceive
                0x0000000000001b74       0x50 ./drivers/fsl_usart.o
                0x0000000000001b74                USART_TransferAbortReceive
 .text.USART_TransferHandleIRQ
                0x0000000000001bc4      0x304 ./drivers/fsl_usart.o
                0x0000000000001bc4                USART_TransferHandleIRQ
 .text.SystemInit
                0x0000000000001ec8       0x34 ./device/system_LPC54114_cm4.o
                0x0000000000001ec8                SystemInit
 .text.CLOCK_EnableClock
                0x0000000000001efc       0x4c ./board/pin_mux.o
 .text.BOARD_InitPins
                0x0000000000001f48       0x84 ./board/pin_mux.o
                0x0000000000001f48                BOARD_InitPins
 .text.vPortSetupTimerInterrupt
                0x0000000000001fcc       0x48 ./amazon-freertos/FreeRTOS/portable/fsl_tickless_systick.o
                0x0000000000001fcc                vPortSetupTimerInterrupt
 .text.pvPortMalloc
                0x0000000000002014      0x184 ./amazon-freertos/FreeRTOS/portable/heap_4.o
                0x0000000000002014                pvPortMalloc
 .text.vPortFree
                0x0000000000002198       0xb0 ./amazon-freertos/FreeRTOS/portable/heap_4.o
                0x0000000000002198                vPortFree
 .text.prvHeapInit
                0x0000000000002248       0xc4 ./amazon-freertos/FreeRTOS/portable/heap_4.o
 .text.prvInsertBlockIntoFreeList
                0x000000000000230c       0xb4 ./amazon-freertos/FreeRTOS/portable/heap_4.o
 .text.pxPortInitialiseStack
                0x00000000000023c0       0x68 ./amazon-freertos/FreeRTOS/portable/port.o
                0x00000000000023c0                pxPortInitialiseStack
 .text.prvTaskExitError
                0x0000000000002428       0x54 ./amazon-freertos/FreeRTOS/portable/port.o
 .text.prvPortStartFirstTask
                0x000000000000247c       0x28 ./amazon-freertos/FreeRTOS/portable/port.o
 .text.xPortStartScheduler
                0x00000000000024a4      0x13c ./amazon-freertos/FreeRTOS/portable/port.o
                0x00000000000024a4                xPortStartScheduler
 .text.vPortEnterCritical
                0x00000000000025e0       0x5c ./amazon-freertos/FreeRTOS/portable/port.o
                0x00000000000025e0                vPortEnterCritical
 .text.vPortExitCritical
                0x000000000000263c       0x50 ./amazon-freertos/FreeRTOS/portable/port.o
                0x000000000000263c                vPortExitCritical
 .text.SysTick_Handler
                0x000000000000268c       0x40 ./amazon-freertos/FreeRTOS/portable/port.o
                0x000000000000268c                SysTick_Handler
 .text.vPortEnableVFP
                0x00000000000026cc       0x14 ./amazon-freertos/FreeRTOS/portable/port.o
 .text.vPortValidateInterruptPriority
                0x00000000000026e0       0x7c ./amazon-freertos/FreeRTOS/portable/port.o
                0x00000000000026e0                vPortValidateInterruptPriority
 .text.xEventGroupWaitBits
                0x000000000000275c      0x194 ./amazon-freertos/FreeRTOS/event_groups.o
                0x000000000000275c                xEventGroupWaitBits
 .text.xEventGroupSetBitsFromISR
                0x00000000000028f0       0x28 ./amazon-freertos/FreeRTOS/event_groups.o
                0x00000000000028f0                xEventGroupSetBitsFromISR
 .text.xQueueGenericReset
                0x0000000000002918       0xd0 ./amazon-freertos/FreeRTOS/queue.o
                0x0000000000002918                xQueueGenericReset
 .text.xQueueGenericSend
                0x00000000000029e8      0x1f4 ./amazon-freertos/FreeRTOS/queue.o
                0x00000000000029e8                xQueueGenericSend
 .text.xQueueReceive
                0x0000000000002bdc      0x1b8 ./amazon-freertos/FreeRTOS/queue.o
                0x0000000000002bdc                xQueueReceive
 .text.xQueueSemaphoreTake
                0x0000000000002d94      0x214 ./amazon-freertos/FreeRTOS/queue.o
                0x0000000000002d94                xQueueSemaphoreTake
 .text.vQueueAddToRegistry
                0x0000000000002fa8       0x50 ./amazon-freertos/FreeRTOS/queue.o
                0x0000000000002fa8                vQueueAddToRegistry
 .text.vQueueUnregisterQueue
                0x0000000000002ff8       0x54 ./amazon-freertos/FreeRTOS/queue.o
                0x0000000000002ff8                vQueueUnregisterQueue
 .text.prvAddNewTaskToReadyList
                0x000000000000304c       0xdc ./amazon-freertos/FreeRTOS/tasks.o
 .text.vTaskStartScheduler
                0x0000000000003128       0x98 ./amazon-freertos/FreeRTOS/tasks.o
                0x0000000000003128                vTaskStartScheduler
 .text.vTaskSuspendAll
                0x00000000000031c0       0x1c ./amazon-freertos/FreeRTOS/tasks.o
                0x00000000000031c0                vTaskSuspendAll
 .text.xTaskResumeAll
                0x00000000000031dc      0x138 ./amazon-freertos/FreeRTOS/tasks.o
                0x00000000000031dc                xTaskResumeAll
 .text.xTaskGetTickCount
                0x0000000000003314       0x20 ./amazon-freertos/FreeRTOS/tasks.o
                0x0000000000003314                xTaskGetTickCount
 .text.xTaskIncrementTick
                0x0000000000003334      0x158 ./amazon-freertos/FreeRTOS/tasks.o
                0x0000000000003334                xTaskIncrementTick
 .text.vTaskSwitchContext
                0x000000000000348c       0xb4 ./amazon-freertos/FreeRTOS/tasks.o
                0x000000000000348c                vTaskSwitchContext
 .text.vTaskPlaceOnEventList
                0x0000000000003540       0x48 ./amazon-freertos/FreeRTOS/tasks.o
                0x0000000000003540                vTaskPlaceOnEventList
 .text.vTaskPlaceOnUnorderedEventList
                0x0000000000003588       0x74 ./amazon-freertos/FreeRTOS/tasks.o
                0x0000000000003588                vTaskPlaceOnUnorderedEventList
 .text.vTaskPlaceOnEventListRestricted
                0x00000000000035fc       0x54 ./amazon-freertos/FreeRTOS/tasks.o
                0x00000000000035fc                vTaskPlaceOnEventListRestricted
 .text.xTaskRemoveFromEventList
                0x0000000000003650       0xc4 ./amazon-freertos/FreeRTOS/tasks.o
                0x0000000000003650                xTaskRemoveFromEventList
 .text.vTaskRemoveFromUnorderedEventList
                0x0000000000003714       0xc0 ./amazon-freertos/FreeRTOS/tasks.o
                0x0000000000003714                vTaskRemoveFromUnorderedEventList
 .text.vTaskInternalSetTimeOutState
                0x00000000000037d4       0x2c ./amazon-freertos/FreeRTOS/tasks.o
                0x00000000000037d4                vTaskInternalSetTimeOutState
 .text.xTaskCheckForTimeOut
                0x0000000000003800       0xc0 ./amazon-freertos/FreeRTOS/tasks.o
                0x0000000000003800                xTaskCheckForTimeOut
 .text.vTaskMissedYield
                0x00000000000038c0       0x18 ./amazon-freertos/FreeRTOS/tasks.o
                0x00000000000038c0                vTaskMissedYield
 .text.prvIdleTask
                0x00000000000038d8       0x30 ./amazon-freertos/FreeRTOS/tasks.o
 .text.prvInitialiseTaskLists
                0x0000000000003908       0x80 ./amazon-freertos/FreeRTOS/tasks.o
 .text.prvCheckTasksWaitingTermination
                0x0000000000003988       0x58 ./amazon-freertos/FreeRTOS/tasks.o
 .text.prvResetNextTaskUnblockTime
                0x00000000000039e0       0x4c ./amazon-freertos/FreeRTOS/tasks.o
 .text.xTaskGetSchedulerState
                0x0000000000003a2c       0x3c ./amazon-freertos/FreeRTOS/tasks.o
                0x0000000000003a2c                xTaskGetSchedulerState
 .text.xTaskPriorityInherit
                0x0000000000003a68      0x10c ./amazon-freertos/FreeRTOS/tasks.o
                0x0000000000003a68                xTaskPriorityInherit
 .text.xTaskPriorityDisinherit
                0x0000000000003b74      0x108 ./amazon-freertos/FreeRTOS/tasks.o
                0x0000000000003b74                xTaskPriorityDisinherit
 .text.vTaskPriorityDisinheritAfterTimeout
                0x0000000000003c7c      0x13c ./amazon-freertos/FreeRTOS/tasks.o
                0x0000000000003c7c                vTaskPriorityDisinheritAfterTimeout
 .text.uxTaskResetEventItemValue
                0x0000000000003db8       0x30 ./amazon-freertos/FreeRTOS/tasks.o
                0x0000000000003db8                uxTaskResetEventItemValue
 .text.pvTaskIncrementMutexHeldCount
                0x0000000000003de8       0x28 ./amazon-freertos/FreeRTOS/tasks.o
                0x0000000000003de8                pvTaskIncrementMutexHeldCount
 .text.prvAddCurrentTaskToDelayedList
                0x0000000000003e10       0xcc ./amazon-freertos/FreeRTOS/tasks.o
 .text.xTimerCreateTimerTask
                0x0000000000003edc       0x60 ./amazon-freertos/FreeRTOS/timers.o
                0x0000000000003edc                xTimerCreateTimerTask
 .text.xTimerGenericCommand
                0x0000000000003f3c       0x98 ./amazon-freertos/FreeRTOS/timers.o
                0x0000000000003f3c                xTimerGenericCommand
 .text.prvProcessExpiredTimer
                0x0000000000003fd4       0x80 ./amazon-freertos/FreeRTOS/timers.o
 .text.prvProcessTimerOrBlockTask
                0x0000000000004054       0x9c ./amazon-freertos/FreeRTOS/timers.o
 .text.prvGetNextExpireTime
                0x00000000000040f0       0x48 ./amazon-freertos/FreeRTOS/timers.o
 .text.prvSampleTimeNow
                0x0000000000004138       0x40 ./amazon-freertos/FreeRTOS/timers.o
 .text.prvInsertTimerInActiveList
                0x0000000000004178       0x84 ./amazon-freertos/FreeRTOS/timers.o
 .text.prvProcessReceivedCommands
                0x00000000000041fc      0x154 ./amazon-freertos/FreeRTOS/timers.o
 .text.prvSwitchTimerLists
                0x0000000000004350       0xc0 ./amazon-freertos/FreeRTOS/timers.o
 .text.prvCheckForValidListAndQueue
                0x0000000000004410       0x6c ./amazon-freertos/FreeRTOS/timers.o
 .text.xTimerPendFunctionCallFromISR
                0x000000000000447c       0x40 ./amazon-freertos/FreeRTOS/timers.o
                0x000000000000447c                xTimerPendFunctionCallFromISR
 .text.__assertion_failed
                0x00000000000044bc       0x4c /usr/local/mcuxpressoide-10.3.1_2233/ide/plugins/com.nxp.mcuxpresso.tools.linux_10.3.0.201811011841/tools/bin/../lib/gcc/arm-none-eabi/7.3.1/../../../../arm-none-eabi/lib/thumb/v7e-m/fpv4-sp/hard/libcr_semihost_nf.a(_cr_assert.o)
                0x00000000000044bc                __assertion_failed
 .text.__sys_appexit
                0x0000000000004508        0xc /usr/local/mcuxpressoide-10.3.1_2233/ide/plugins/com.nxp.mcuxpresso.tools.linux_10.3.0.201811011841/tools/bin/../lib/gcc/arm-none-eabi/7.3.1/../../../../arm-none-eabi/lib/thumb/v7e-m/fpv4-sp/hard/libcr_semihost_nf.a(__sys_appexit.o)
                0x0000000000004508                __exit
                0x0000000000004508                __sys_appexit
 .text._Cwritebuf
                0x0000000000004514       0x6c /usr/local/mcuxpressoide-10.3.1_2233/ide/plugins/com.nxp.mcuxpresso.tools.linux_10.3.0.201811011841/tools/bin/../lib/gcc/arm-none-eabi/7.3.1/../../../../arm-none-eabi/lib/thumb/v7e-m/fpv4-sp/hard/libcr_c.a(_writebuf.o)
                0x0000000000004514                _Cwritebuf
 .text.malloc   0x0000000000004580       0xc8 /usr/local/mcuxpressoide-10.3.1_2233/ide/plugins/com.nxp.mcuxpresso.tools.linux_10.3.0.201811011841/tools/bin/../lib/gcc/arm-none-eabi/7.3.1/../../../../arm-none-eabi/lib/thumb/v7e-m/fpv4-sp/hard/libcr_c.a(alloc.o)
                0x0000000000004580                malloc
 .text._Csys_alloc
                0x0000000000004648       0x20 /usr/local/mcuxpressoide-10.3.1_2233/ide/plugins/com.nxp.mcuxpresso.tools.linux_10.3.0.201811011841/tools/bin/../lib/gcc/arm-none-eabi/7.3.1/../../../../arm-none-eabi/lib/thumb/v7e-m/fpv4-sp/hard/libcr_c.a(alloc.o)
                0x0000000000004648                _Csys_alloc
 .text.fseek    0x0000000000004668      0x100 /usr/local/mcuxpressoide-10.3.1_2233/ide/plugins/com.nxp.mcuxpresso.tools.linux_10.3.0.201811011841/tools/bin/../lib/gcc/arm-none-eabi/7.3.1/../../../../arm-none-eabi/lib/thumb/v7e-m/fpv4-sp/hard/libcr_c.a(fseek.o)
                0x0000000000004668                fseek
 .text.ftell    0x0000000000004768       0x44 /usr/local/mcuxpressoide-10.3.1_2233/ide/plugins/com.nxp.mcuxpresso.tools.linux_10.3.0.201811011841/tools/bin/../lib/gcc/arm-none-eabi/7.3.1/../../../../arm-none-eabi/lib/thumb/v7e-m/fpv4-sp/hard/libcr_c.a(ftell.o)
                0x0000000000004768                ftell
 .text._initio  0x00000000000047ac       0x78 /usr/local/mcuxpressoide-10.3.1_2233/ide/plugins/com.nxp.mcuxpresso.tools.linux_10.3.0.201811011841/tools/bin/../lib/gcc/arm-none-eabi/7.3.1/../../../../arm-none-eabi/lib/thumb/v7e-m/fpv4-sp/hard/libcr_c.a(initio.o)
                0x00000000000047ac                _initio
 .text.__vfprintf
                0x0000000000004824      0xb8c /usr/local/mcuxpressoide-10.3.1_2233/ide/plugins/com.nxp.mcuxpresso.tools.linux_10.3.0.201811011841/tools/bin/../lib/gcc/arm-none-eabi/7.3.1/../../../../arm-none-eabi/lib/thumb/v7e-m/fpv4-sp/hard/libcr_c.a(printf.o)
                0x0000000000004824                __vfprintf
 .text._vsnprintf
                0x00000000000053b0       0x68 /usr/local/mcuxpressoide-10.3.1_2233/ide/plugins/com.nxp.mcuxpresso.tools.linux_10.3.0.201811011841/tools/bin/../lib/gcc/arm-none-eabi/7.3.1/../../../../arm-none-eabi/lib/thumb/v7e-m/fpv4-sp/hard/libcr_c.a(printf.o)
                0x00000000000053b0                _vsnprintf
 .text._printf  0x0000000000005418       0x54 /usr/local/mcuxpressoide-10.3.1_2233/ide/plugins/com.nxp.mcuxpresso.tools.linux_10.3.0.201811011841/tools/bin/../lib/gcc/arm-none-eabi/7.3.1/../../../../arm-none-eabi/lib/thumb/v7e-m/fpv4-sp/hard/libcr_c.a(printf.o)
                0x0000000000005418                _printf
 .text.setvbuf  0x000000000000546c       0x40 /usr/local/mcuxpressoide-10.3.1_2233/ide/plugins/com.nxp.mcuxpresso.tools.linux_10.3.0.201811011841/tools/bin/../lib/gcc/arm-none-eabi/7.3.1/../../../../arm-none-eabi/lib/thumb/v7e-m/fpv4-sp/hard/libcr_c.a(setvbuf.o)
                0x000000000000546c                setvbuf
 .text._sbrk    0x00000000000054ac       0x3c /usr/local/mcuxpressoide-10.3.1_2233/ide/plugins/com.nxp.mcuxpresso.tools.linux_10.3.0.201811011841/tools/bin/../lib/gcc/arm-none-eabi/7.3.1/../../../../arm-none-eabi/lib/thumb/v7e-m/fpv4-sp/hard/libcr_c.a(_cr_sbrk.o)
                0x00000000000054ac                _sbrk
 .text.fflush   0x00000000000054e8       0x44 /usr/local/mcuxpressoide-10.3.1_2233/ide/plugins/com.nxp.mcuxpresso.tools.linux_10.3.0.201811011841/tools/bin/../lib/gcc/arm-none-eabi/7.3.1/../../../../arm-none-eabi/lib/thumb/v7e-m/fpv4-sp/hard/libcr_c.a(fflush.o)
                0x00000000000054e8                fflush
 .text.__check_heap_overflow
                0x000000000000552c       0x18 /usr/local/mcuxpressoide-10.3.1_2233/ide/plugins/com.nxp.mcuxpresso.tools.linux_10.3.0.201811011841/tools/bin/../lib/gcc/arm-none-eabi/7.3.1/../../../../arm-none-eabi/lib/thumb/v7e-m/fpv4-sp/hard/libcr_c.a(_cr_check_heap.o)
                0x000000000000552c                __check_heap_overflow
 .text.WDT_BOD_IRQHandler
                0x0000000000005544        0x8 ./startup/startup_lpc5411x.o
                0x0000000000005544                WDT_BOD_IRQHandler
 .text.DMA0_IRQHandler
                0x000000000000554c        0x8 ./startup/startup_lpc5411x.o
                0x000000000000554c                DMA0_IRQHandler
 .text.GINT0_IRQHandler
                0x0000000000005554        0x8 ./startup/startup_lpc5411x.o
                0x0000000000005554                GINT0_IRQHandler
 .text.GINT1_IRQHandler
                0x000000000000555c        0x8 ./startup/startup_lpc5411x.o
                0x000000000000555c                GINT1_IRQHandler
 .text.PIN_INT0_IRQHandler
                0x0000000000005564        0x8 ./startup/startup_lpc5411x.o
                0x0000000000005564                PIN_INT0_IRQHandler
 .text.PIN_INT1_IRQHandler
                0x000000000000556c        0x8 ./startup/startup_lpc5411x.o
                0x000000000000556c                PIN_INT1_IRQHandler
 .text.PIN_INT2_IRQHandler
                0x0000000000005574        0x8 ./startup/startup_lpc5411x.o
                0x0000000000005574                PIN_INT2_IRQHandler
 .text.PIN_INT3_IRQHandler
                0x000000000000557c        0x8 ./startup/startup_lpc5411x.o
                0x000000000000557c                PIN_INT3_IRQHandler
 .text.UTICK0_IRQHandler
                0x0000000000005584        0x8 ./startup/startup_lpc5411x.o
                0x0000000000005584                UTICK0_IRQHandler
 .text.MRT0_IRQHandler
                0x000000000000558c        0x8 ./startup/startup_lpc5411x.o
                0x000000000000558c                MRT0_IRQHandler
 .text.CTIMER0_IRQHandler
                0x0000000000005594        0x8 ./startup/startup_lpc5411x.o
                0x0000000000005594                CTIMER0_IRQHandler
 .text.CTIMER1_IRQHandler
                0x000000000000559c        0x8 ./startup/startup_lpc5411x.o
                0x000000000000559c                CTIMER1_IRQHandler
 .text.SCT0_IRQHandler
                0x00000000000055a4        0x8 ./startup/startup_lpc5411x.o
                0x00000000000055a4                SCT0_IRQHandler
 .text.CTIMER3_IRQHandler
                0x00000000000055ac        0x8 ./startup/startup_lpc5411x.o
                0x00000000000055ac                CTIMER3_IRQHandler
 .text.FLEXCOMM0_IRQHandler
                0x00000000000055b4        0x8 ./startup/startup_lpc5411x.o
                0x00000000000055b4                FLEXCOMM0_IRQHandler
 .text.FLEXCOMM1_IRQHandler
                0x00000000000055bc        0x8 ./startup/startup_lpc5411x.o
                0x00000000000055bc                FLEXCOMM1_IRQHandler
 .text.FLEXCOMM2_IRQHandler
                0x00000000000055c4        0x8 ./startup/startup_lpc5411x.o
                0x00000000000055c4                FLEXCOMM2_IRQHandler
 .text.FLEXCOMM3_IRQHandler
                0x00000000000055cc        0x8 ./startup/startup_lpc5411x.o
                0x00000000000055cc                FLEXCOMM3_IRQHandler
 .text.FLEXCOMM4_IRQHandler
                0x00000000000055d4        0x8 ./startup/startup_lpc5411x.o
                0x00000000000055d4                FLEXCOMM4_IRQHandler
 .text.FLEXCOMM5_IRQHandler
                0x00000000000055dc        0x8 ./startup/startup_lpc5411x.o
                0x00000000000055dc                FLEXCOMM5_IRQHandler
 .text.FLEXCOMM6_IRQHandler
                0x00000000000055e4        0x8 ./startup/startup_lpc5411x.o
                0x00000000000055e4                FLEXCOMM6_IRQHandler
 .text.FLEXCOMM7_IRQHandler
                0x00000000000055ec        0x8 ./startup/startup_lpc5411x.o
                0x00000000000055ec                FLEXCOMM7_IRQHandler
 .text.ADC0_SEQA_IRQHandler
                0x00000000000055f4        0x8 ./startup/startup_lpc5411x.o
                0x00000000000055f4                ADC0_SEQA_IRQHandler
 .text.ADC0_SEQB_IRQHandler
                0x00000000000055fc        0x8 ./startup/startup_lpc5411x.o
                0x00000000000055fc                ADC0_SEQB_IRQHandler
 .text.ADC0_THCMP_IRQHandler
                0x0000000000005604        0x8 ./startup/startup_lpc5411x.o
                0x0000000000005604                ADC0_THCMP_IRQHandler
 .text.DMIC0_IRQHandler
                0x000000000000560c        0x8 ./startup/startup_lpc5411x.o
                0x000000000000560c                DMIC0_IRQHandler
 .text.HWVAD0_IRQHandler
                0x0000000000005614        0x8 ./startup/startup_lpc5411x.o
                0x0000000000005614                HWVAD0_IRQHandler
 .text.USB0_NEEDCLK_IRQHandler
                0x000000000000561c        0x8 ./startup/startup_lpc5411x.o
                0x000000000000561c                USB0_NEEDCLK_IRQHandler
 .text.USB0_IRQHandler
                0x0000000000005624        0x8 ./startup/startup_lpc5411x.o
                0x0000000000005624                USB0_IRQHandler
 .text.RTC_IRQHandler
                0x000000000000562c        0x8 ./startup/startup_lpc5411x.o
                0x000000000000562c                RTC_IRQHandler
 .text.IOH_IRQHandler
                0x0000000000005634        0x8 ./startup/startup_lpc5411x.o
                0x0000000000005634                IOH_IRQHandler
 .text.MAILBOX_IRQHandler
                0x000000000000563c        0x8 ./startup/startup_lpc5411x.o
                0x000000000000563c                MAILBOX_IRQHandler
 .text.PIN_INT4_IRQHandler
                0x0000000000005644        0x8 ./startup/startup_lpc5411x.o
                0x0000000000005644                PIN_INT4_IRQHandler
 .text.PIN_INT5_IRQHandler
                0x000000000000564c        0x8 ./startup/startup_lpc5411x.o
                0x000000000000564c                PIN_INT5_IRQHandler
 .text.PIN_INT6_IRQHandler
                0x0000000000005654        0x8 ./startup/startup_lpc5411x.o
                0x0000000000005654                PIN_INT6_IRQHandler
 .text.PIN_INT7_IRQHandler
                0x000000000000565c        0x8 ./startup/startup_lpc5411x.o
                0x000000000000565c                PIN_INT7_IRQHandler
 .text.CTIMER2_IRQHandler
                0x0000000000005664        0x8 ./startup/startup_lpc5411x.o
                0x0000000000005664                CTIMER2_IRQHandler
 .text.CTIMER4_IRQHandler
                0x000000000000566c        0x8 ./startup/startup_lpc5411x.o
                0x000000000000566c                CTIMER4_IRQHandler
 .text.Reserved54_IRQHandler
                0x0000000000005674        0x8 ./startup/startup_lpc5411x.o
                0x0000000000005674                Reserved54_IRQHandler
 .text.SPIFI0_IRQHandler
                0x000000000000567c        0x8 ./startup/startup_lpc5411x.o
                0x000000000000567c                SPIFI0_IRQHandler
 .text.CTIMER_StartTimer
                0x0000000000005684       0x20 ./source/BB_LPC_code2.o
 .text.HardFault_Handler
                0x00000000000056a4       0x2c ./source/semihost_hardfault.o
                0x00000000000056a4                HardFault_Handler
 .text.USART_RTOS_Receive
                0x00000000000056d0      0x108 ./drivers/freertos/fsl_usart_freertos.o
                0x00000000000056d0                USART_RTOS_Receive
 .text.CLOCK_GetExtClkFreq
                0x00000000000057d8       0x10 ./drivers/fsl_clock.o
                0x00000000000057d8                CLOCK_GetExtClkFreq
 .text.CLOCK_GetOsc32KFreq
                0x00000000000057e8       0x12 ./drivers/fsl_clock.o
                0x00000000000057e8                CLOCK_GetOsc32KFreq
 .text.CLOCK_GetCoreSysClkFreq
                0x00000000000057fa       0x8c ./drivers/fsl_clock.o
                0x00000000000057fa                CLOCK_GetCoreSysClkFreq
 .text.CLOCK_GetFrgClkFreq
                0x0000000000005886       0x64 ./drivers/fsl_clock.o
                0x0000000000005886                CLOCK_GetFrgClkFreq
 .text.CLOCK_GetUsbClkFreq
                0x00000000000058ea       0x4a ./drivers/fsl_clock.o
                0x00000000000058ea                CLOCK_GetUsbClkFreq
 .text.EnableIRQ
                0x0000000000005934       0x2c ./drivers/fsl_ctimer.o
 .text.CTIMER_GetStatusFlags
                0x0000000000005960       0x18 ./drivers/fsl_ctimer.o
 .text.CTIMER_ClearStatusFlags
                0x0000000000005978       0x1c ./drivers/fsl_ctimer.o
 .text.CTIMER0_DriverIRQHandler
                0x0000000000005994       0x12 ./drivers/fsl_ctimer.o
                0x0000000000005994                CTIMER0_DriverIRQHandler
 .text.CTIMER1_DriverIRQHandler
                0x00000000000059a6       0x12 ./drivers/fsl_ctimer.o
                0x00000000000059a6                CTIMER1_DriverIRQHandler
 .text.CTIMER2_DriverIRQHandler
                0x00000000000059b8       0x12 ./drivers/fsl_ctimer.o
                0x00000000000059b8                CTIMER2_DriverIRQHandler
 .text.CTIMER3_DriverIRQHandler
                0x00000000000059ca       0x12 ./drivers/fsl_ctimer.o
                0x00000000000059ca                CTIMER3_DriverIRQHandler
 .text.CTIMER4_DriverIRQHandler
                0x00000000000059dc       0x12 ./drivers/fsl_ctimer.o
                0x00000000000059dc                CTIMER4_DriverIRQHandler
 .text.FLEXCOMM_PeripheralIsPresent
                0x00000000000059ee       0x64 ./drivers/fsl_flexcomm.o
 .text.FLEXCOMM_SetPeriph
                0x0000000000005a52       0x74 ./drivers/fsl_flexcomm.o
 .text.RESET_PeripheralReset
                0x0000000000005ac6       0x1c ./drivers/fsl_reset.o
                0x0000000000005ac6                RESET_PeripheralReset
 .text.EnableIRQ
                0x0000000000005ae2       0x2c ./drivers/fsl_usart.o
 .text.DisableGlobalIRQ
                0x0000000000005b0e       0x20 ./drivers/fsl_usart.o
 .text.EnableGlobalIRQ
                0x0000000000005b2e       0x1e ./drivers/fsl_usart.o
 .text.USART_DisableInterrupts
                0x0000000000005b4c       0x22 ./drivers/fsl_usart.o
 .text.SystemInitHook
                0x0000000000005b6e        0xe ./device/system_LPC54114_cm4.o
                0x0000000000005b6e                SystemInitHook
 .text.BOARD_InitBootClocks
                0x0000000000005b7c        0xe ./board/clock_config.o
                0x0000000000005b7c                BOARD_InitBootClocks
 .text.BOARD_InitPeripherals
                0x0000000000005b8a        0xe ./board/peripherals.o
                0x0000000000005b8a                BOARD_InitPeripherals
 .text.BOARD_InitBootPeripherals
                0x0000000000005b98        0xc ./board/peripherals.o
                0x0000000000005b98                BOARD_InitBootPeripherals
 .text.IOCON_PinMuxSet
                0x0000000000005ba4       0x2e ./board/pin_mux.o
 .text.BOARD_InitBootPins
                0x0000000000005bd2        0xc ./board/pin_mux.o
                0x0000000000005bd2                BOARD_InitBootPins
 .text.xEventGroupCreate
                0x0000000000005bde       0x2e ./amazon-freertos/FreeRTOS/event_groups.o
                0x0000000000005bde                xEventGroupCreate
 .text.xEventGroupClearBits
                0x0000000000005c0c       0x6c ./amazon-freertos/FreeRTOS/event_groups.o
                0x0000000000005c0c                xEventGroupClearBits
 .text.xEventGroupSetBits
                0x0000000000005c78      0x112 ./amazon-freertos/FreeRTOS/event_groups.o
                0x0000000000005c78                xEventGroupSetBits
 .text.vEventGroupDelete
                0x0000000000005d8a       0x60 ./amazon-freertos/FreeRTOS/event_groups.o
                0x0000000000005d8a                vEventGroupDelete
 .text.vEventGroupSetBitsCallback
                0x0000000000005dea       0x1a ./amazon-freertos/FreeRTOS/event_groups.o
                0x0000000000005dea                vEventGroupSetBitsCallback
 .text.prvTestWaitCondition
                0x0000000000005e04       0x44 ./amazon-freertos/FreeRTOS/event_groups.o
 .text.vListInitialise
                0x0000000000005e48       0x40 ./amazon-freertos/FreeRTOS/list.o
                0x0000000000005e48                vListInitialise
 .text.vListInitialiseItem
                0x0000000000005e88       0x1a ./amazon-freertos/FreeRTOS/list.o
                0x0000000000005e88                vListInitialiseItem
 .text.vListInsertEnd
                0x0000000000005ea2       0x48 ./amazon-freertos/FreeRTOS/list.o
                0x0000000000005ea2                vListInsertEnd
 .text.vListInsert
                0x0000000000005eea       0x72 ./amazon-freertos/FreeRTOS/list.o
                0x0000000000005eea                vListInsert
 .text.uxListRemove
                0x0000000000005f5c       0x54 ./amazon-freertos/FreeRTOS/list.o
                0x0000000000005f5c                uxListRemove
 .text.xQueueGenericCreate
                0x0000000000005fb0       0x72 ./amazon-freertos/FreeRTOS/queue.o
                0x0000000000005fb0                xQueueGenericCreate
 .text.prvInitialiseNewQueue
                0x0000000000006022       0x46 ./amazon-freertos/FreeRTOS/queue.o
 .text.prvInitialiseMutex
                0x0000000000006068       0x34 ./amazon-freertos/FreeRTOS/queue.o
 .text.xQueueCreateMutex
                0x000000000000609c       0x30 ./amazon-freertos/FreeRTOS/queue.o
                0x000000000000609c                xQueueCreateMutex
 .text.xQueueGenericSendFromISR
                0x00000000000060cc      0x128 ./amazon-freertos/FreeRTOS/queue.o
                0x00000000000060cc                xQueueGenericSendFromISR
 .text.vQueueDelete
                0x00000000000061f4       0x3a ./amazon-freertos/FreeRTOS/queue.o
                0x00000000000061f4                vQueueDelete
 .text.prvGetDisinheritPriorityAfterTimeout
                0x000000000000622e       0x30 ./amazon-freertos/FreeRTOS/queue.o
 .text.prvCopyDataToQueue
                0x000000000000625e       0xd4 ./amazon-freertos/FreeRTOS/queue.o
 .text.prvCopyDataFromQueue
                0x0000000000006332       0x4c ./amazon-freertos/FreeRTOS/queue.o
 .text.prvUnlockQueue
                0x000000000000637e       0xa4 ./amazon-freertos/FreeRTOS/queue.o
 .text.prvIsQueueEmpty
                0x0000000000006422       0x2c ./amazon-freertos/FreeRTOS/queue.o
 .text.prvIsQueueFull
                0x000000000000644e       0x30 ./amazon-freertos/FreeRTOS/queue.o
 .text.vQueueWaitForMessageRestricted
                0x000000000000647e       0x68 ./amazon-freertos/FreeRTOS/queue.o
                0x000000000000647e                vQueueWaitForMessageRestricted
 .text.xTaskCreate
                0x00000000000064e6       0x82 ./amazon-freertos/FreeRTOS/tasks.o
                0x00000000000064e6                xTaskCreate
 .text.prvInitialiseNewTask
                0x0000000000006568      0x132 ./amazon-freertos/FreeRTOS/tasks.o
 .text.prvDeleteTCB
                0x000000000000669a       0x20 ./amazon-freertos/FreeRTOS/tasks.o
 .text.prvTimerTask
                0x00000000000066ba       0x24 ./amazon-freertos/FreeRTOS/timers.o
 .text.__main   0x00000000000066de        0xe /usr/local/mcuxpressoide-10.3.1_2233/ide/plugins/com.nxp.mcuxpresso.tools.linux_10.3.0.201811011841/tools/bin/../lib/gcc/arm-none-eabi/7.3.1/../../../../arm-none-eabi/lib/thumb/v7e-m/fpv4-sp/hard/libcr_semihost_nf.a(_cr__main.o)
                0x00000000000066de                __main
                0x00000000000066de                __CR_SEMIHOST
 .text.memcpy   0x00000000000066ec        0x4 /usr/local/mcuxpressoide-10.3.1_2233/ide/plugins/com.nxp.mcuxpresso.tools.linux_10.3.0.201811011841/tools/bin/../lib/gcc/arm-none-eabi/7.3.1/../../../../arm-none-eabi/lib/thumb/v7e-m/fpv4-sp/hard/libcr_c.a(memcpy.o)
                0x00000000000066ec                memcpy
 .text.memset   0x00000000000066f0        0x4 /usr/local/mcuxpressoide-10.3.1_2233/ide/plugins/com.nxp.mcuxpresso.tools.linux_10.3.0.201811011841/tools/bin/../lib/gcc/arm-none-eabi/7.3.1/../../../../arm-none-eabi/lib/thumb/v7e-m/fpv4-sp/hard/libcr_c.a(memset.o)
                0x00000000000066f0                memset
 .text._deferredlazyseek
                0x00000000000066f4       0x40 /usr/local/mcuxpressoide-10.3.1_2233/ide/plugins/com.nxp.mcuxpresso.tools.linux_10.3.0.201811011841/tools/bin/../lib/gcc/arm-none-eabi/7.3.1/../../../../arm-none-eabi/lib/thumb/v7e-m/fpv4-sp/hard/libcr_c.a(_deferredlazyseek.o)
                0x00000000000066f4                _deferredlazyseek
 .text.__flsbuf
                0x0000000000006734      0x140 /usr/local/mcuxpressoide-10.3.1_2233/ide/plugins/com.nxp.mcuxpresso.tools.linux_10.3.0.201811011841/tools/bin/../lib/gcc/arm-none-eabi/7.3.1/../../../../arm-none-eabi/lib/thumb/v7e-m/fpv4-sp/hard/libcr_c.a(_deferredlazyseek.o)
                0x0000000000006734                __flsbuf
 .text._fflush  0x0000000000006874       0x52 /usr/local/mcuxpressoide-10.3.1_2233/ide/plugins/com.nxp.mcuxpresso.tools.linux_10.3.0.201811011841/tools/bin/../lib/gcc/arm-none-eabi/7.3.1/../../../../arm-none-eabi/lib/thumb/v7e-m/fpv4-sp/hard/libcr_c.a(_fflush.o)
                0x0000000000006874                _fflush
 .text.free     0x00000000000068c6       0x30 /usr/local/mcuxpressoide-10.3.1_2233/ide/plugins/com.nxp.mcuxpresso.tools.linux_10.3.0.201811011841/tools/bin/../lib/gcc/arm-none-eabi/7.3.1/../../../../arm-none-eabi/lib/thumb/v7e-m/fpv4-sp/hard/libcr_c.a(alloc.o)
                0x00000000000068c6                free
 .text.fputs    0x00000000000068f6       0x2c /usr/local/mcuxpressoide-10.3.1_2233/ide/plugins/com.nxp.mcuxpresso.tools.linux_10.3.0.201811011841/tools/bin/../lib/gcc/arm-none-eabi/7.3.1/../../../../arm-none-eabi/lib/thumb/v7e-m/fpv4-sp/hard/libcr_c.a(fputs.o)
                0x00000000000068f6                fputs
 .text.no_fp_display
                0x0000000000006922        0x4 /usr/local/mcuxpressoide-10.3.1_2233/ide/plugins/com.nxp.mcuxpresso.tools.linux_10.3.0.201811011841/tools/bin/../lib/gcc/arm-none-eabi/7.3.1/../../../../arm-none-eabi/lib/thumb/v7e-m/fpv4-sp/hard/libcr_c.a(printf.o)
 .text.strlen   0x0000000000006926       0x4a /usr/local/mcuxpressoide-10.3.1_2233/ide/plugins/com.nxp.mcuxpresso.tools.linux_10.3.0.201811011841/tools/bin/../lib/gcc/arm-none-eabi/7.3.1/../../../../arm-none-eabi/lib/thumb/v7e-m/fpv4-sp/hard/libcr_c.a(strlen.o)
                0x0000000000006926                strlen
 .text._fdopen  0x0000000000006970       0x68 /usr/local/mcuxpressoide-10.3.1_2233/ide/plugins/com.nxp.mcuxpresso.tools.linux_10.3.0.201811011841/tools/bin/../lib/gcc/arm-none-eabi/7.3.1/../../../../arm-none-eabi/lib/thumb/v7e-m/fpv4-sp/hard/libcr_c.a(_fdopen.o)
                0x0000000000006970                _fdopen
 .text.fclose   0x00000000000069d8       0x58 /usr/local/mcuxpressoide-10.3.1_2233/ide/plugins/com.nxp.mcuxpresso.tools.linux_10.3.0.201811011841/tools/bin/../lib/gcc/arm-none-eabi/7.3.1/../../../../arm-none-eabi/lib/thumb/v7e-m/fpv4-sp/hard/libcr_c.a(fclose.o)
                0x00000000000069d8                fclose
 .text.remove   0x0000000000006a30       0x14 /usr/local/mcuxpressoide-10.3.1_2233/ide/plugins/com.nxp.mcuxpresso.tools.linux_10.3.0.201811011841/tools/bin/../lib/gcc/arm-none-eabi/7.3.1/../../../../arm-none-eabi/lib/thumb/v7e-m/fpv4-sp/hard/libcr_c.a(remove.o)
                0x0000000000006a30                remove
 .text._do_fflush
                0x0000000000006a44       0x40 /usr/local/mcuxpressoide-10.3.1_2233/ide/plugins/com.nxp.mcuxpresso.tools.linux_10.3.0.201811011841/tools/bin/../lib/gcc/arm-none-eabi/7.3.1/../../../../arm-none-eabi/lib/thumb/v7e-m/fpv4-sp/hard/libcr_c.a(_do_fflush.o)
                0x0000000000006a44                _do_fflush
 .text.__aeabi_division_uldivmod
                0x0000000000006a84      0x174 /usr/local/mcuxpressoide-10.3.1_2233/ide/plugins/com.nxp.mcuxpresso.tools.linux_10.3.0.201811011841/tools/bin/../lib/gcc/arm-none-eabi/7.3.1/thumb/v7e-m/fpv4-sp/hard/libcr_eabihelpers.a(division_64.o)
                0x0000000000006a84                __aeabi_uldivmod
                0x0000000000006a88                __bhs_ldivmod1
 .text.__aeabi_division_idiv0
                0x0000000000006bf8        0x2 /usr/local/mcuxpressoide-10.3.1_2233/ide/plugins/com.nxp.mcuxpresso.tools.linux_10.3.0.201811011841/tools/bin/../lib/gcc/arm-none-eabi/7.3.1/thumb/v7e-m/fpv4-sp/hard/libcr_eabihelpers.a(division_idiv0.o)
                0x0000000000006bf8                __aeabi_idiv0
 .text.__aeabi_memcpy
                0x0000000000006bfa       0x34 /usr/local/mcuxpressoide-10.3.1_2233/ide/plugins/com.nxp.mcuxpresso.tools.linux_10.3.0.201811011841/tools/bin/../lib/gcc/arm-none-eabi/7.3.1/thumb/v7e-m/fpv4-sp/hard/libcr_eabihelpers.a(memcpy.o)
                0x0000000000006bfa                __aeabi_memcpy
                0x0000000000006c04                __aeabi_memcpy4
                0x0000000000006c04                __aeabi_memcpy8
 .text.__aeabi_memset_lowlevel
                0x0000000000006c2e       0x32 /usr/local/mcuxpressoide-10.3.1_2233/ide/plugins/com.nxp.mcuxpresso.tools.linux_10.3.0.201811011841/tools/bin/../lib/gcc/arm-none-eabi/7.3.1/thumb/v7e-m/fpv4-sp/hard/libcr_eabihelpers.a(memcpy.o)
                0x0000000000006c2e                __aeabi_lowlevel_memset
 .text.__sys_close
                0x0000000000006c60        0xc /usr/local/mcuxpressoide-10.3.1_2233/ide/plugins/com.nxp.mcuxpresso.tools.linux_10.3.0.201811011841/tools/bin/../lib/gcc/arm-none-eabi/7.3.1/../../../../arm-none-eabi/lib/thumb/v7e-m/fpv4-sp/hard/libcr_semihost_nf.a(__sys_close.o)
                0x0000000000006c60                __sys_close
 .text.__sys_flen
                0x0000000000006c6c        0xc /usr/local/mcuxpressoide-10.3.1_2233/ide/plugins/com.nxp.mcuxpresso.tools.linux_10.3.0.201811011841/tools/bin/../lib/gcc/arm-none-eabi/7.3.1/../../../../arm-none-eabi/lib/thumb/v7e-m/fpv4-sp/hard/libcr_semihost_nf.a(__sys_flen.o)
                0x0000000000006c6c                __sys_flen
 .text.__sys_istty
                0x0000000000006c78        0xc /usr/local/mcuxpressoide-10.3.1_2233/ide/plugins/com.nxp.mcuxpresso.tools.linux_10.3.0.201811011841/tools/bin/../lib/gcc/arm-none-eabi/7.3.1/../../../../arm-none-eabi/lib/thumb/v7e-m/fpv4-sp/hard/libcr_semihost_nf.a(__sys_istty.o)
                0x0000000000006c78                __sys_istty
 .text.__sys_remove
                0x0000000000006c84        0xc /usr/local/mcuxpressoide-10.3.1_2233/ide/plugins/com.nxp.mcuxpresso.tools.linux_10.3.0.201811011841/tools/bin/../lib/gcc/arm-none-eabi/7.3.1/../../../../arm-none-eabi/lib/thumb/v7e-m/fpv4-sp/hard/libcr_semihost_nf.a(__sys_remove.o)
                0x0000000000006c84                __sys_remove
 .text.__sys_seek
                0x0000000000006c90        0xc /usr/local/mcuxpressoide-10.3.1_2233/ide/plugins/com.nxp.mcuxpresso.tools.linux_10.3.0.201811011841/tools/bin/../lib/gcc/arm-none-eabi/7.3.1/../../../../arm-none-eabi/lib/thumb/v7e-m/fpv4-sp/hard/libcr_semihost_nf.a(__sys_seek.o)
                0x0000000000006c90                __sys_seek
 .text.__sys_tmpnam
                0x0000000000006c9c        0xc /usr/local/mcuxpressoide-10.3.1_2233/ide/plugins/com.nxp.mcuxpresso.tools.linux_10.3.0.201811011841/tools/bin/../lib/gcc/arm-none-eabi/7.3.1/../../../../arm-none-eabi/lib/thumb/v7e-m/fpv4-sp/hard/libcr_semihost_nf.a(__sys_tmpnam.o)
                0x0000000000006c9c                __sys_tmpnam
 .text.__sys_write
                0x0000000000006ca8        0xc /usr/local/mcuxpressoide-10.3.1_2233/ide/plugins/com.nxp.mcuxpresso.tools.linux_10.3.0.201811011841/tools/bin/../lib/gcc/arm-none-eabi/7.3.1/../../../../arm-none-eabi/lib/thumb/v7e-m/fpv4-sp/hard/libcr_semihost_nf.a(__sys_write.o)
                0x0000000000006ca8                __sys_write
 *(SORT_BY_ALIGNMENT(.rodata) SORT_BY_ALIGNMENT(.rodata.*) SORT_BY_ALIGNMENT(.constdata) SORT_BY_ALIGNMENT(.constdata.*))
 .rodata        0x0000000000006cb4       0x65 ./source/BB_LPC_code2.o
 *fill*         0x0000000000006d19        0x3 ff
 .rodata.wdtFreqLookup
                0x0000000000006d1c       0x20 ./drivers/fsl_clock.o
 .rodata.s_ctimerBases
                0x0000000000006d3c       0x14 ./drivers/fsl_ctimer.o
 .rodata.s_ctimerClocks
                0x0000000000006d50        0xa ./drivers/fsl_ctimer.o
 *fill*         0x0000000000006d5a        0x2 ff
 .rodata.s_ctimerResets
                0x0000000000006d5c       0x14 ./drivers/fsl_ctimer.o
 .rodata.s_ctimerIRQ
                0x0000000000006d70        0x5 ./drivers/fsl_ctimer.o
 *fill*         0x0000000000006d75        0x3 ff
 .rodata        0x0000000000006d78       0xb5 ./drivers/fsl_ctimer.o
 *fill*         0x0000000000006e2d        0x3 ff
 .rodata.s_flexcommBaseAddrs
                0x0000000000006e30       0x20 ./drivers/fsl_flexcomm.o
 .rodata.s_flexcommClocks
                0x0000000000006e50       0x10 ./drivers/fsl_flexcomm.o
 .rodata.s_flexcommResets
                0x0000000000006e60       0x20 ./drivers/fsl_flexcomm.o
 .rodata        0x0000000000006e80      0x1e8 ./drivers/fsl_flexcomm.o
 .rodata        0x0000000000007068       0x55 ./drivers/fsl_reset.o
 *fill*         0x00000000000070bd        0x3 ff
 .rodata.s_usartIRQ
                0x00000000000070c0        0x8 ./drivers/fsl_usart.o
 .rodata.s_usartBaseAddrs
                0x00000000000070c8       0x20 ./drivers/fsl_usart.o
 .rodata        0x00000000000070e8      0x5d0 ./drivers/fsl_usart.o
 .rodata        0x00000000000076b8       0x18 ./amazon-freertos/FreeRTOS/tasks.o
                0x00000000000076c0                FreeRTOSDebugConfig
 .rodata        0x00000000000076d0        0xd ./amazon-freertos/FreeRTOS/timers.o
 *fill*         0x00000000000076dd        0x3 ff
 .rodata.__num_Ciob_streams
                0x00000000000076e0        0x4 /usr/local/mcuxpressoide-10.3.1_2233/ide/plugins/com.nxp.mcuxpresso.tools.linux_10.3.0.201811011841/tools/bin/../lib/gcc/arm-none-eabi/7.3.1/../../../../arm-none-eabi/lib/thumb/v7e-m/fpv4-sp/hard/libcr_semihost_nf.a(__ciob.o)
                0x00000000000076e0                __num_Ciob_streams
 .rodata.__assertion_failed.str1.1
                0x00000000000076e4       0x15 /usr/local/mcuxpressoide-10.3.1_2233/ide/plugins/com.nxp.mcuxpresso.tools.linux_10.3.0.201811011841/tools/bin/../lib/gcc/arm-none-eabi/7.3.1/../../../../arm-none-eabi/lib/thumb/v7e-m/fpv4-sp/hard/libcr_semihost_nf.a(_cr_assert.o)
 .rodata._Csys_alloc.str1.1
                0x00000000000076f9       0x18 /usr/local/mcuxpressoide-10.3.1_2233/ide/plugins/com.nxp.mcuxpresso.tools.linux_10.3.0.201811011841/tools/bin/../lib/gcc/arm-none-eabi/7.3.1/../../../../arm-none-eabi/lib/thumb/v7e-m/fpv4-sp/hard/libcr_c.a(alloc.o)
 .rodata._initio.str1.1
                0x0000000000007711        0x4 /usr/local/mcuxpressoide-10.3.1_2233/ide/plugins/com.nxp.mcuxpresso.tools.linux_10.3.0.201811011841/tools/bin/../lib/gcc/arm-none-eabi/7.3.1/../../../../arm-none-eabi/lib/thumb/v7e-m/fpv4-sp/hard/libcr_c.a(initio.o)
 .rodata.__vfprintf.str1.1
                0x0000000000007715       0x35 /usr/local/mcuxpressoide-10.3.1_2233/ide/plugins/com.nxp.mcuxpresso.tools.linux_10.3.0.201811011841/tools/bin/../lib/gcc/arm-none-eabi/7.3.1/../../../../arm-none-eabi/lib/thumb/v7e-m/fpv4-sp/hard/libcr_c.a(printf.o)
                                         0x38 (size before relaxing)
                0x000000000000774c                . = ALIGN (0x4)
 *fill*         0x000000000000774a        0x2 ff

.glue_7         0x000000000000774c        0x0
 .glue_7        0x000000000000774c        0x0 linker stubs

.glue_7t        0x000000000000774c        0x0
 .glue_7t       0x000000000000774c        0x0 linker stubs

.vfp11_veneer   0x000000000000774c        0x0
 .vfp11_veneer  0x000000000000774c        0x0 linker stubs

.v4_bx          0x000000000000774c        0x0
 .v4_bx         0x000000000000774c        0x0 linker stubs

.iplt           0x000000000000774c        0x0
 .iplt          0x000000000000774c        0x0 ./startup/startup_lpc5411x.o

.rel.dyn        0x000000000000774c        0x0
 .rel.iplt      0x000000000000774c        0x0 ./startup/startup_lpc5411x.o

.ARM.extab
 *(SORT_BY_ALIGNMENT(.ARM.extab*) SORT_BY_ALIGNMENT(.gnu.linkonce.armextab.*))
                0x000000000000774c                __exidx_start = .

.ARM.exidx
 *(SORT_BY_ALIGNMENT(.ARM.exidx*) SORT_BY_ALIGNMENT(.gnu.linkonce.armexidx.*))
                0x000000000000774c                __exidx_end = .
                0x000000000000774c                _etext = .

.data_RAM2      0x0000000020000000        0x0 load address 0x000000000000774c
 FILL mask 0xff
                [!provide]                        PROVIDE (__start_data_RAM2 = .)
 *(SORT_BY_ALIGNMENT(.ramfunc.$RAM2))
 *(SORT_BY_ALIGNMENT(.ramfunc.$SRAM0))
 *(SORT_BY_ALIGNMENT(.data.$RAM2*))
 *(SORT_BY_ALIGNMENT(.data.$SRAM0*))
                0x0000000020000000                . = ALIGN (0x4)
                [!provide]                        PROVIDE (__end_data_RAM2 = .)

.data_RAM3      0x0000000004000000        0x0 load address 0x000000000000774c
 FILL mask 0xff
                [!provide]                        PROVIDE (__start_data_RAM3 = .)
 *(SORT_BY_ALIGNMENT(.ramfunc.$RAM3))
 *(SORT_BY_ALIGNMENT(.ramfunc.$SRAMX))
 *(SORT_BY_ALIGNMENT(.data.$RAM3*))
 *(SORT_BY_ALIGNMENT(.data.$SRAMX*))
                0x0000000004000000                . = ALIGN (0x4)
                [!provide]                        PROVIDE (__end_data_RAM3 = .)

.data_RAM4      0x0000000020020000        0x0 load address 0x000000000000774c
 FILL mask 0xff
                [!provide]                        PROVIDE (__start_data_RAM4 = .)
 *(SORT_BY_ALIGNMENT(.ramfunc.$RAM4))
 *(SORT_BY_ALIGNMENT(.ramfunc.$SRAM2))
 *(SORT_BY_ALIGNMENT(.data.$RAM4*))
 *(SORT_BY_ALIGNMENT(.data.$SRAM2*))
                0x0000000020020000                . = ALIGN (0x4)
                [!provide]                        PROVIDE (__end_data_RAM4 = .)

.uninit_RESERVED
                0x0000000020010000        0x0
 *(SORT_BY_ALIGNMENT(.bss.$RESERVED*))
                0x0000000020010000                . = ALIGN (0x4)
                0x0000000020010000                _end_uninit_RESERVED = .

.data           0x0000000020010000       0x20 load address 0x000000000000774c
 FILL mask 0xff
                0x0000000020010000                _data = .
 *(SORT_BY_ALIGNMENT(vtable))
 *(SORT_BY_ALIGNMENT(.ramfunc*))
 *(SORT_BY_ALIGNMENT(.data*))
 .data.usart_config
                0x0000000020010000       0x18 ./source/BB_LPC_code2.o
                0x0000000020010000                usart_config
 .data.SystemCoreClock
                0x0000000020010018        0x4 ./device/system_LPC54114_cm4.o
                0x0000000020010018                SystemCoreClock
 .data.uxCriticalNesting
                0x000000002001001c        0x4 ./amazon-freertos/FreeRTOS/portable/port.o
                0x0000000020010020                . = ALIGN (0x4)
                0x0000000020010020                _edata = .

.igot.plt       0x0000000020010020        0x0 load address 0x000000000000776c
 .igot.plt      0x0000000020010020        0x0 ./startup/startup_lpc5411x.o

.bss_RAM2       0x0000000020000000        0x0
                [!provide]                        PROVIDE (__start_bss_RAM2 = .)
 *(SORT_BY_ALIGNMENT(.bss.$RAM2*))
 *(SORT_BY_ALIGNMENT(.bss.$SRAM0*))
                0x0000000020000000                . = ALIGN ((. != 0x0)?0x4:0x1)
                [!provide]                        PROVIDE (__end_bss_RAM2 = .)

.bss_RAM3       0x0000000004000000        0x0
                [!provide]                        PROVIDE (__start_bss_RAM3 = .)
 *(SORT_BY_ALIGNMENT(.bss.$RAM3*))
 *(SORT_BY_ALIGNMENT(.bss.$SRAMX*))
                0x0000000004000000                . = ALIGN ((. != 0x0)?0x4:0x1)
                [!provide]                        PROVIDE (__end_bss_RAM3 = .)

.bss_RAM4       0x0000000020020000        0x0
                [!provide]                        PROVIDE (__start_bss_RAM4 = .)
 *(SORT_BY_ALIGNMENT(.bss.$RAM4*))
 *(SORT_BY_ALIGNMENT(.bss.$SRAM2*))
                0x0000000020020000                . = ALIGN ((. != 0x0)?0x4:0x1)
                [!provide]                        PROVIDE (__end_bss_RAM4 = .)

.bss            0x0000000020010020     0x2b48
                0x0000000020010020                _bss = .
 *(SORT_BY_ALIGNMENT(.bss*))
 .bss.__SWVtrace_Enabled
                0x0000000020010020        0x4 ./startup/startup_lpc5411x.o
                0x0000000020010020                __SWVtrace_Enabled
 .bss.background_buffer
                0x0000000020010024       0x20 ./source/BB_LPC_code2.o
                0x0000000020010024                background_buffer
 .bss.recv_buffer
                0x0000000020010044        0x1 ./source/BB_LPC_code2.o
                0x0000000020010044                recv_buffer
 *fill*         0x0000000020010045        0x3 
 .bss.handle    0x0000000020010048       0x28 ./source/BB_LPC_code2.o
                0x0000000020010048                handle
 .bss.t_handle  0x0000000020010070       0x30 ./source/BB_LPC_code2.o
                0x0000000020010070                t_handle
 .bss.xQueue1   0x00000000200100a0        0x4 ./source/BB_LPC_code2.o
                0x00000000200100a0                xQueue1
 .bss.s_Pll_Freq
                0x00000000200100a4        0x4 ./drivers/fsl_clock.o
 .bss.s_I2S_Mclk_Freq
                0x00000000200100a8        0x4 ./drivers/fsl_clock.o
 .bss.s_ctimerCallback
                0x00000000200100ac       0x14 ./drivers/fsl_ctimer.o
 .bss.ctimerCallbackType
                0x00000000200100c0        0x5 ./drivers/fsl_ctimer.o
 *fill*         0x00000000200100c5        0x3 
 .bss.s_flexcommIrqHandler
                0x00000000200100c8       0x20 ./drivers/fsl_flexcomm.o
 .bss.s_flexcommHandle
                0x00000000200100e8       0x20 ./drivers/fsl_flexcomm.o
 .bss.ucHeap    0x0000000020010108     0x2800 ./amazon-freertos/FreeRTOS/portable/heap_4.o
 .bss.xStart    0x0000000020012908        0x8 ./amazon-freertos/FreeRTOS/portable/heap_4.o
 .bss.pxEnd     0x0000000020012910        0x4 ./amazon-freertos/FreeRTOS/portable/heap_4.o
 .bss.xFreeBytesRemaining
                0x0000000020012914        0x4 ./amazon-freertos/FreeRTOS/portable/heap_4.o
 .bss.xMinimumEverFreeBytesRemaining
                0x0000000020012918        0x4 ./amazon-freertos/FreeRTOS/portable/heap_4.o
 .bss.xBlockAllocatedBit
                0x000000002001291c        0x4 ./amazon-freertos/FreeRTOS/portable/heap_4.o
 .bss.ulMaxPRIGROUPValue
                0x0000000020012920        0x4 ./amazon-freertos/FreeRTOS/portable/port.o
 .bss.xQueueRegistry
                0x0000000020012924       0x40 ./amazon-freertos/FreeRTOS/queue.o
                0x0000000020012924                xQueueRegistry
 .bss.pxCurrentTCB
                0x0000000020012964        0x4 ./amazon-freertos/FreeRTOS/tasks.o
                0x0000000020012964                pxCurrentTCB
 .bss.pxReadyTasksLists
                0x0000000020012968       0x64 ./amazon-freertos/FreeRTOS/tasks.o
 .bss.xDelayedTaskList1
                0x00000000200129cc       0x14 ./amazon-freertos/FreeRTOS/tasks.o
 .bss.xDelayedTaskList2
                0x00000000200129e0       0x14 ./amazon-freertos/FreeRTOS/tasks.o
 .bss.pxDelayedTaskList
                0x00000000200129f4        0x4 ./amazon-freertos/FreeRTOS/tasks.o
 .bss.pxOverflowDelayedTaskList
                0x00000000200129f8        0x4 ./amazon-freertos/FreeRTOS/tasks.o
 .bss.xPendingReadyList
                0x00000000200129fc       0x14 ./amazon-freertos/FreeRTOS/tasks.o
 .bss.xTasksWaitingTermination
                0x0000000020012a10       0x14 ./amazon-freertos/FreeRTOS/tasks.o
 .bss.uxDeletedTasksWaitingCleanUp
                0x0000000020012a24        0x4 ./amazon-freertos/FreeRTOS/tasks.o
 .bss.xSuspendedTaskList
                0x0000000020012a28       0x14 ./amazon-freertos/FreeRTOS/tasks.o
 .bss.uxCurrentNumberOfTasks
                0x0000000020012a3c        0x4 ./amazon-freertos/FreeRTOS/tasks.o
 .bss.xTickCount
                0x0000000020012a40        0x4 ./amazon-freertos/FreeRTOS/tasks.o
 .bss.uxTopReadyPriority
                0x0000000020012a44        0x4 ./amazon-freertos/FreeRTOS/tasks.o
 .bss.xSchedulerRunning
                0x0000000020012a48        0x4 ./amazon-freertos/FreeRTOS/tasks.o
 .bss.uxPendedTicks
                0x0000000020012a4c        0x4 ./amazon-freertos/FreeRTOS/tasks.o
 .bss.xYieldPending
                0x0000000020012a50        0x4 ./amazon-freertos/FreeRTOS/tasks.o
 .bss.xNumOfOverflows
                0x0000000020012a54        0x4 ./amazon-freertos/FreeRTOS/tasks.o
 .bss.uxTaskNumber
                0x0000000020012a58        0x4 ./amazon-freertos/FreeRTOS/tasks.o
 .bss.xNextTaskUnblockTime
                0x0000000020012a5c        0x4 ./amazon-freertos/FreeRTOS/tasks.o
 .bss.xIdleTaskHandle
                0x0000000020012a60        0x4 ./amazon-freertos/FreeRTOS/tasks.o
 .bss.uxSchedulerSuspended
                0x0000000020012a64        0x4 ./amazon-freertos/FreeRTOS/tasks.o
 .bss.xActiveTimerList1
                0x0000000020012a68       0x14 ./amazon-freertos/FreeRTOS/timers.o
 .bss.xActiveTimerList2
                0x0000000020012a7c       0x14 ./amazon-freertos/FreeRTOS/timers.o
 .bss.pxCurrentTimerList
                0x0000000020012a90        0x4 ./amazon-freertos/FreeRTOS/timers.o
 .bss.pxOverflowTimerList
                0x0000000020012a94        0x4 ./amazon-freertos/FreeRTOS/timers.o
 .bss.xTimerQueue
                0x0000000020012a98        0x4 ./amazon-freertos/FreeRTOS/timers.o
 .bss.xTimerTaskHandle
                0x0000000020012a9c        0x4 ./amazon-freertos/FreeRTOS/timers.o
 .bss.xLastTime.5855
                0x0000000020012aa0        0x4 ./amazon-freertos/FreeRTOS/timers.o
 .bss.__Ciob    0x0000000020012aa4       0xb4 /usr/local/mcuxpressoide-10.3.1_2233/ide/plugins/com.nxp.mcuxpresso.tools.linux_10.3.0.201811011841/tools/bin/../lib/gcc/arm-none-eabi/7.3.1/../../../../arm-none-eabi/lib/thumb/v7e-m/fpv4-sp/hard/libcr_semihost_nf.a(__ciob.o)
                0x0000000020012aa4                __Ciob
 .bss.__end_of_heap
                0x0000000020012b58        0x4 /usr/local/mcuxpressoide-10.3.1_2233/ide/plugins/com.nxp.mcuxpresso.tools.linux_10.3.0.201811011841/tools/bin/../lib/gcc/arm-none-eabi/7.3.1/../../../../arm-none-eabi/lib/thumb/v7e-m/fpv4-sp/hard/libcr_c.a(__init_alloc.o)
                0x0000000020012b58                __end_of_heap
 .bss.__heaps   0x0000000020012b5c        0x4 /usr/local/mcuxpressoide-10.3.1_2233/ide/plugins/com.nxp.mcuxpresso.tools.linux_10.3.0.201811011841/tools/bin/../lib/gcc/arm-none-eabi/7.3.1/../../../../arm-none-eabi/lib/thumb/v7e-m/fpv4-sp/hard/libcr_c.a(__init_alloc.o)
                0x0000000020012b5c                __heaps
 .bss.errno     0x0000000020012b60        0x4 /usr/local/mcuxpressoide-10.3.1_2233/ide/plugins/com.nxp.mcuxpresso.tools.linux_10.3.0.201811011841/tools/bin/../lib/gcc/arm-none-eabi/7.3.1/../../../../arm-none-eabi/lib/thumb/v7e-m/fpv4-sp/hard/libcr_c.a(errno.o)
                0x0000000020012b60                errno
 .bss.ucMaxSysCallPriority
                0x0000000020012b64        0x1 ./amazon-freertos/FreeRTOS/portable/port.o
 *(SORT_BY_ALIGNMENT(COMMON))
                0x0000000020012b68                . = ALIGN (0x4)
 *fill*         0x0000000020012b65        0x3 
                0x0000000020012b68                _ebss = .
                [!provide]                        PROVIDE (end = .)

.noinit_RAM2    0x0000000020000000        0x0
 *(SORT_BY_ALIGNMENT(.noinit.$RAM2*))
 *(SORT_BY_ALIGNMENT(.noinit.$SRAM0*))
                0x0000000020000000                . = ALIGN (0x4)

.noinit_RAM3    0x0000000004000000        0x0
 *(SORT_BY_ALIGNMENT(.noinit.$RAM3*))
 *(SORT_BY_ALIGNMENT(.noinit.$SRAMX*))
                0x0000000004000000                . = ALIGN (0x4)

.noinit_RAM4    0x0000000020020000        0x0
 *(SORT_BY_ALIGNMENT(.noinit.$RAM4*))
 *(SORT_BY_ALIGNMENT(.noinit.$SRAM2*))
                0x0000000020020000                . = ALIGN (0x4)

.noinit         0x0000000020012b68        0x0
                0x0000000020012b68                _noinit = .
 *(SORT_BY_ALIGNMENT(.noinit*))
                0x0000000020012b68                . = ALIGN (0x4)
                0x0000000020012b68                _end_noinit = .
                0x0000000000001000                _HeapSize = 0x1000

.heap           0x0000000020012b68     0x1000
                0x0000000020012b68                _pvHeapStart = .
                0x0000000020013b68                . = (. + _HeapSize)
 *fill*         0x0000000020012b68     0x1000 
                0x0000000020013b68                . = ALIGN (0x4)
                0x0000000020013b68                _pvHeapLimit = .
                0x0000000000001000                _StackSize = 0x1000

.heap2stackfill
                0x0000000020013b68     0x1000
                0x0000000020014b68                . = (. + _StackSize)
 *fill*         0x0000000020013b68     0x1000 

.stack          0x000000002001f000        0x0
                0x000000002001f000                _vStackBase = .
                0x000000002001f000                . = ALIGN (0x4)
                0x0000000020020000                _vStackTop = (. + _StackSize)
                0xffffffffdffda671                PROVIDE (__valid_user_code_checksum = (0x0 - (((_vStackTop + (ResetISR + 0x1)) + (DEFINED (NMI_Handler)?NMI_Handler:M0_NMI_Handler + 0x1)) + (DEFINED (HardFault_Handler)?HardFault_Handler:M0_HardFault_Handler + 0x1))))
                0x0000000000000000                _image_start = LOADADDR (.text)
                0x000000000000776c                _image_end = (LOADADDR (.data) + SIZEOF (.data))
                0x000000000000776c                _image_size = (_image_end - _image_start)
OUTPUT(lpcxpresso54114_BB_LPC_code2.axf elf32-littlearm)

.debug_info     0x0000000000000000    0x11f2b
 .debug_info    0x0000000000000000      0x596 ./startup/startup_lpc5411x.o
 .debug_info    0x0000000000000596     0x1ba3 ./source/BB_LPC_code2.o
 .debug_info    0x0000000000002139       0x3b ./source/semihost_hardfault.o
 .debug_info    0x0000000000002174      0x95e ./drivers/freertos/fsl_usart_freertos.o
 .debug_info    0x0000000000002ad2     0x23e8 ./drivers/fsl_clock.o
 .debug_info    0x0000000000004eba     0x1c01 ./drivers/fsl_ctimer.o
 .debug_info    0x0000000000006abb     0x14de ./drivers/fsl_flexcomm.o
 .debug_info    0x0000000000007f99      0xb5b ./drivers/fsl_reset.o
 .debug_info    0x0000000000008af4     0x13af ./drivers/fsl_usart.o
 .debug_info    0x0000000000009ea3      0xca2 ./device/system_LPC54114_cm4.o
 .debug_info    0x000000000000ab45      0xca6 ./board/clock_config.o
 .debug_info    0x000000000000b7eb       0x4c ./board/peripherals.o
 .debug_info    0x000000000000b837      0xc2a ./board/pin_mux.o
 .debug_info    0x000000000000c461       0xe5 ./amazon-freertos/FreeRTOS/portable/fsl_tickless_systick.o
 .debug_info    0x000000000000c546      0x3ea ./amazon-freertos/FreeRTOS/portable/heap_4.o
 .debug_info    0x000000000000c930      0x52e ./amazon-freertos/FreeRTOS/portable/port.o
 .debug_info    0x000000000000ce5e      0x9cd ./amazon-freertos/FreeRTOS/event_groups.o
 .debug_info    0x000000000000d82b      0x2c9 ./amazon-freertos/FreeRTOS/list.o
 .debug_info    0x000000000000daf4     0x1690 ./amazon-freertos/FreeRTOS/queue.o
 .debug_info    0x000000000000f184     0x2002 ./amazon-freertos/FreeRTOS/tasks.o
 .debug_info    0x0000000000011186      0xda5 ./amazon-freertos/FreeRTOS/timers.o

.debug_abbrev   0x0000000000000000     0x2976
 .debug_abbrev  0x0000000000000000      0x158 ./startup/startup_lpc5411x.o
 .debug_abbrev  0x0000000000000158      0x292 ./source/BB_LPC_code2.o
 .debug_abbrev  0x00000000000003ea       0x2f ./source/semihost_hardfault.o
 .debug_abbrev  0x0000000000000419      0x1f2 ./drivers/freertos/fsl_usart_freertos.o
 .debug_abbrev  0x000000000000060b      0x35e ./drivers/fsl_clock.o
 .debug_abbrev  0x0000000000000969      0x30b ./drivers/fsl_ctimer.o
 .debug_abbrev  0x0000000000000c74      0x293 ./drivers/fsl_flexcomm.o
 .debug_abbrev  0x0000000000000f07      0x195 ./drivers/fsl_reset.o
 .debug_abbrev  0x000000000000109c      0x327 ./drivers/fsl_usart.o
 .debug_abbrev  0x00000000000013c3      0x1ec ./device/system_LPC54114_cm4.o
 .debug_abbrev  0x00000000000015af      0x189 ./board/clock_config.o
 .debug_abbrev  0x0000000000001738       0x47 ./board/peripherals.o
 .debug_abbrev  0x000000000000177f      0x1e3 ./board/pin_mux.o
 .debug_abbrev  0x0000000000001962       0x92 ./amazon-freertos/FreeRTOS/portable/fsl_tickless_systick.o
 .debug_abbrev  0x00000000000019f4      0x1e8 ./amazon-freertos/FreeRTOS/portable/heap_4.o
 .debug_abbrev  0x0000000000001bdc      0x24c ./amazon-freertos/FreeRTOS/portable/port.o
 .debug_abbrev  0x0000000000001e28      0x23e ./amazon-freertos/FreeRTOS/event_groups.o
 .debug_abbrev  0x0000000000002066      0x119 ./amazon-freertos/FreeRTOS/list.o
 .debug_abbrev  0x000000000000217f      0x2b6 ./amazon-freertos/FreeRTOS/queue.o
 .debug_abbrev  0x0000000000002435      0x2eb ./amazon-freertos/FreeRTOS/tasks.o
 .debug_abbrev  0x0000000000002720      0x256 ./amazon-freertos/FreeRTOS/timers.o

.debug_aranges  0x0000000000000000      0xd90
 .debug_aranges
                0x0000000000000000      0x1c8 ./startup/startup_lpc5411x.o
 .debug_aranges
                0x00000000000001c8       0x70 ./source/BB_LPC_code2.o
 .debug_aranges
                0x0000000000000238       0x20 ./source/semihost_hardfault.o
 .debug_aranges
                0x0000000000000258       0x40 ./drivers/freertos/fsl_usart_freertos.o
 .debug_aranges
                0x0000000000000298      0x1b0 ./drivers/fsl_clock.o
 .debug_aranges
                0x0000000000000448       0xd8 ./drivers/fsl_ctimer.o
 .debug_aranges
                0x0000000000000520       0x88 ./drivers/fsl_flexcomm.o
 .debug_aranges
                0x00000000000005a8       0x48 ./drivers/fsl_reset.o
 .debug_aranges
                0x00000000000005f0       0xd8 ./drivers/fsl_usart.o
 .debug_aranges
                0x00000000000006c8       0x68 ./device/system_LPC54114_cm4.o
 .debug_aranges
                0x0000000000000730       0x40 ./board/clock_config.o
 .debug_aranges
                0x0000000000000770       0x28 ./board/peripherals.o
 .debug_aranges
                0x0000000000000798       0x38 ./board/pin_mux.o
 .debug_aranges
                0x00000000000007d0       0x20 ./amazon-freertos/FreeRTOS/portable/fsl_tickless_systick.o
 .debug_aranges
                0x00000000000007f0       0x50 ./amazon-freertos/FreeRTOS/portable/heap_4.o
 .debug_aranges
                0x0000000000000840       0x78 ./amazon-freertos/FreeRTOS/portable/port.o
 .debug_aranges
                0x00000000000008b8       0x88 ./amazon-freertos/FreeRTOS/event_groups.o
 .debug_aranges
                0x0000000000000940       0x40 ./amazon-freertos/FreeRTOS/list.o
 .debug_aranges
                0x0000000000000980      0x130 ./amazon-freertos/FreeRTOS/queue.o
 .debug_aranges
                0x0000000000000ab0      0x208 ./amazon-freertos/FreeRTOS/tasks.o
 .debug_aranges
                0x0000000000000cb8       0xd8 ./amazon-freertos/FreeRTOS/timers.o

.debug_ranges   0x0000000000000000      0xc40
 .debug_ranges  0x0000000000000000      0x1b8 ./startup/startup_lpc5411x.o
 .debug_ranges  0x00000000000001b8       0x60 ./source/BB_LPC_code2.o
 .debug_ranges  0x0000000000000218       0x10 ./source/semihost_hardfault.o
 .debug_ranges  0x0000000000000228       0x30 ./drivers/freertos/fsl_usart_freertos.o
 .debug_ranges  0x0000000000000258      0x1a0 ./drivers/fsl_clock.o
 .debug_ranges  0x00000000000003f8       0xc8 ./drivers/fsl_ctimer.o
 .debug_ranges  0x00000000000004c0       0x78 ./drivers/fsl_flexcomm.o
 .debug_ranges  0x0000000000000538       0x38 ./drivers/fsl_reset.o
 .debug_ranges  0x0000000000000570       0xc8 ./drivers/fsl_usart.o
 .debug_ranges  0x0000000000000638       0x58 ./device/system_LPC54114_cm4.o
 .debug_ranges  0x0000000000000690       0x30 ./board/clock_config.o
 .debug_ranges  0x00000000000006c0       0x18 ./board/peripherals.o
 .debug_ranges  0x00000000000006d8       0x28 ./board/pin_mux.o
 .debug_ranges  0x0000000000000700       0x10 ./amazon-freertos/FreeRTOS/portable/fsl_tickless_systick.o
 .debug_ranges  0x0000000000000710       0x40 ./amazon-freertos/FreeRTOS/portable/heap_4.o
 .debug_ranges  0x0000000000000750       0x68 ./amazon-freertos/FreeRTOS/portable/port.o
 .debug_ranges  0x00000000000007b8       0x78 ./amazon-freertos/FreeRTOS/event_groups.o
 .debug_ranges  0x0000000000000830       0x30 ./amazon-freertos/FreeRTOS/list.o
 .debug_ranges  0x0000000000000860      0x120 ./amazon-freertos/FreeRTOS/queue.o
 .debug_ranges  0x0000000000000980      0x1f8 ./amazon-freertos/FreeRTOS/tasks.o
 .debug_ranges  0x0000000000000b78       0xc8 ./amazon-freertos/FreeRTOS/timers.o

.debug_macro    0x0000000000000000     0x1f2f
 .debug_macro   0x0000000000000000       0x32 ./startup/startup_lpc5411x.o
 .debug_macro   0x0000000000000032       0x34 ./startup/startup_lpc5411x.o
 .debug_macro   0x0000000000000066      0x2c1 ./source/BB_LPC_code2.o
 .debug_macro   0x0000000000000327       0xd8 ./source/BB_LPC_code2.o
 .debug_macro   0x00000000000003ff       0x22 ./source/BB_LPC_code2.o
 .debug_macro   0x0000000000000421      0x1a6 ./source/BB_LPC_code2.o
 .debug_macro   0x00000000000005c7       0x64 ./source/BB_LPC_code2.o
 .debug_macro   0x000000000000062b       0x2e ./source/BB_LPC_code2.o
 .debug_macro   0x0000000000000659      0x197 ./source/BB_LPC_code2.o
 .debug_macro   0x00000000000007f0       0x91 ./source/BB_LPC_code2.o
 .debug_macro   0x0000000000000881       0x1c ./source/BB_LPC_code2.o
 .debug_macro   0x000000000000089d       0x1c ./source/BB_LPC_code2.o
 .debug_macro   0x00000000000008b9       0x10 ./source/BB_LPC_code2.o
 .debug_macro   0x00000000000008c9       0x11 ./source/semihost_hardfault.o
 .debug_macro   0x00000000000008da      0x1f6 ./drivers/freertos/fsl_usart_freertos.o
 .debug_macro   0x0000000000000ad0       0x16 ./drivers/freertos/fsl_usart_freertos.o
 .debug_macro   0x0000000000000ae6      0x1e5 ./drivers/fsl_clock.o
 .debug_macro   0x0000000000000ccb       0x22 ./drivers/fsl_clock.o
 .debug_macro   0x0000000000000ced      0x138 ./drivers/fsl_ctimer.o
 .debug_macro   0x0000000000000e25      0x131 ./drivers/fsl_flexcomm.o
 .debug_macro   0x0000000000000f56       0x10 ./drivers/fsl_flexcomm.o
 .debug_macro   0x0000000000000f66      0x128 ./drivers/fsl_reset.o
 .debug_macro   0x000000000000108e      0x140 ./drivers/fsl_usart.o
 .debug_macro   0x00000000000011ce       0xdf ./device/system_LPC54114_cm4.o
 .debug_macro   0x00000000000012ad      0x148 ./board/clock_config.o
 .debug_macro   0x00000000000013f5       0x1c ./board/clock_config.o
 .debug_macro   0x0000000000001411       0x1b ./board/peripherals.o
 .debug_macro   0x000000000000142c      0x13e ./board/pin_mux.o
 .debug_macro   0x000000000000156a       0xbe ./board/pin_mux.o
 .debug_macro   0x0000000000001628       0xbc ./amazon-freertos/FreeRTOS/portable/fsl_tickless_systick.o
 .debug_macro   0x00000000000016e4       0x16 ./amazon-freertos/FreeRTOS/portable/fsl_tickless_systick.o
 .debug_macro   0x00000000000016fa       0x7c ./amazon-freertos/FreeRTOS/portable/fsl_tickless_systick.o
 .debug_macro   0x0000000000001776       0xdf ./amazon-freertos/FreeRTOS/portable/heap_4.o
 .debug_macro   0x0000000000001855      0x134 ./amazon-freertos/FreeRTOS/portable/port.o
 .debug_macro   0x0000000000001989      0x113 ./amazon-freertos/FreeRTOS/event_groups.o
 .debug_macro   0x0000000000001a9c       0xb8 ./amazon-freertos/FreeRTOS/list.o
 .debug_macro   0x0000000000001b54      0x121 ./amazon-freertos/FreeRTOS/queue.o
 .debug_macro   0x0000000000001c75      0x199 ./amazon-freertos/FreeRTOS/tasks.o
 .debug_macro   0x0000000000001e0e       0x10 ./amazon-freertos/FreeRTOS/tasks.o
 .debug_macro   0x0000000000001e1e       0x16 ./amazon-freertos/FreeRTOS/tasks.o
 .debug_macro   0x0000000000001e34       0xfb ./amazon-freertos/FreeRTOS/timers.o

.debug_line     0x0000000000000000     0x6e47
 .debug_line    0x0000000000000000      0x43d ./startup/startup_lpc5411x.o
 .debug_line    0x000000000000043d      0x5f3 ./source/BB_LPC_code2.o
 .debug_line    0x0000000000000a30       0x54 ./source/semihost_hardfault.o
 .debug_line    0x0000000000000a84      0x4c3 ./drivers/freertos/fsl_usart_freertos.o
 .debug_line    0x0000000000000f47      0xa43 ./drivers/fsl_clock.o
 .debug_line    0x000000000000198a      0x580 ./drivers/fsl_ctimer.o
 .debug_line    0x0000000000001f0a      0x490 ./drivers/fsl_flexcomm.o
 .debug_line    0x000000000000239a      0x358 ./drivers/fsl_reset.o
 .debug_line    0x00000000000026f2      0x7db ./drivers/fsl_usart.o
 .debug_line    0x0000000000002ecd      0x397 ./device/system_LPC54114_cm4.o
 .debug_line    0x0000000000003264      0x338 ./board/clock_config.o
 .debug_line    0x000000000000359c       0x69 ./board/peripherals.o
 .debug_line    0x0000000000003605      0x334 ./board/pin_mux.o
 .debug_line    0x0000000000003939      0x285 ./amazon-freertos/FreeRTOS/portable/fsl_tickless_systick.o
 .debug_line    0x0000000000003bbe      0x39f ./amazon-freertos/FreeRTOS/portable/heap_4.o
 .debug_line    0x0000000000003f5d      0x465 ./amazon-freertos/FreeRTOS/portable/port.o
 .debug_line    0x00000000000043c2      0x556 ./amazon-freertos/FreeRTOS/event_groups.o
 .debug_line    0x0000000000004918      0x2e6 ./amazon-freertos/FreeRTOS/list.o
 .debug_line    0x0000000000004bfe      0xc07 ./amazon-freertos/FreeRTOS/queue.o
 .debug_line    0x0000000000005805      0xfe9 ./amazon-freertos/FreeRTOS/tasks.o
 .debug_line    0x00000000000067ee      0x659 ./amazon-freertos/FreeRTOS/timers.o

.debug_str      0x0000000000000000    0x53bd1
 .debug_str     0x0000000000000000     0x33de ./startup/startup_lpc5411x.o
                                       0x345a (size before relaxing)
 .debug_str     0x00000000000033de    0x4a306 ./source/BB_LPC_code2.o
                                      0x4d28d (size before relaxing)
 .debug_str     0x000000000004d6e4       0x1f ./source/semihost_hardfault.o
                                       0x2e14 (size before relaxing)
 .debug_str     0x000000000004d703      0x2ce ./drivers/freertos/fsl_usart_freertos.o
                                      0x4a4d6 (size before relaxing)
 .debug_str     0x000000000004d9d1     0x189a ./drivers/fsl_clock.o
                                      0x479c9 (size before relaxing)
 .debug_str     0x000000000004f26b      0x7e1 ./drivers/fsl_ctimer.o
                                      0x46be4 (size before relaxing)
 .debug_str     0x000000000004fa4c      0x307 ./drivers/fsl_flexcomm.o
                                      0x4670a (size before relaxing)
 .debug_str     0x000000000004fd53      0x117 ./drivers/fsl_reset.o
                                      0x454a5 (size before relaxing)
 .debug_str     0x000000000004fe6a      0x44e ./drivers/fsl_usart.o
                                      0x4649f (size before relaxing)
 .debug_str     0x00000000000502b8       0xea ./device/system_LPC54114_cm4.o
                                      0x43b4b (size before relaxing)
 .debug_str     0x00000000000503a2       0x73 ./board/clock_config.o
                                      0x45c5e (size before relaxing)
 .debug_str     0x0000000000050415       0x47 ./board/peripherals.o
                                       0x2e3b (size before relaxing)
 .debug_str     0x000000000005045c      0x3c7 ./board/pin_mux.o
                                      0x45ac1 (size before relaxing)
 .debug_str     0x0000000000050823      0x3e6 ./amazon-freertos/FreeRTOS/portable/fsl_tickless_systick.o
                                       0x815e (size before relaxing)
 .debug_str     0x0000000000050c09      0x2b6 ./amazon-freertos/FreeRTOS/portable/heap_4.o
                                       0x80a2 (size before relaxing)
 .debug_str     0x0000000000050ebf      0x58c ./amazon-freertos/FreeRTOS/portable/port.o
                                       0x8705 (size before relaxing)
 .debug_str     0x000000000005144b      0x453 ./amazon-freertos/FreeRTOS/event_groups.o
                                       0x8b4b (size before relaxing)
 .debug_str     0x000000000005189e       0xa5 ./amazon-freertos/FreeRTOS/list.o
                                       0x798c (size before relaxing)
 .debug_str     0x0000000000051943      0x7d9 ./amazon-freertos/FreeRTOS/queue.o
                                       0x8ef0 (size before relaxing)
 .debug_str     0x000000000005211c     0x155f ./amazon-freertos/FreeRTOS/tasks.o
                                       0x9db1 (size before relaxing)
 .debug_str     0x000000000005367b      0x556 ./amazon-freertos/FreeRTOS/timers.o
                                       0x93bb (size before relaxing)

.comment        0x0000000000000000       0x7f
 .comment       0x0000000000000000       0x7f ./startup/startup_lpc5411x.o
                                         0x80 (size before relaxing)
 .comment       0x000000000000007f       0x80 ./source/BB_LPC_code2.o
 .comment       0x000000000000007f       0x80 ./source/semihost_hardfault.o
 .comment       0x000000000000007f       0x80 ./drivers/freertos/fsl_usart_freertos.o
 .comment       0x000000000000007f       0x80 ./drivers/fsl_clock.o
 .comment       0x000000000000007f       0x80 ./drivers/fsl_ctimer.o
 .comment       0x000000000000007f       0x80 ./drivers/fsl_flexcomm.o
 .comment       0x000000000000007f       0x80 ./drivers/fsl_reset.o
 .comment       0x000000000000007f       0x80 ./drivers/fsl_usart.o
 .comment       0x000000000000007f       0x80 ./device/system_LPC54114_cm4.o
 .comment       0x000000000000007f       0x80 ./board/clock_config.o
 .comment       0x000000000000007f       0x80 ./board/peripherals.o
 .comment       0x000000000000007f       0x80 ./board/pin_mux.o
 .comment       0x000000000000007f       0x80 ./amazon-freertos/FreeRTOS/portable/fsl_tickless_systick.o
 .comment       0x000000000000007f       0x80 ./amazon-freertos/FreeRTOS/portable/heap_4.o
 .comment       0x000000000000007f       0x80 ./amazon-freertos/FreeRTOS/portable/port.o
 .comment       0x000000000000007f       0x80 ./amazon-freertos/FreeRTOS/event_groups.o
 .comment       0x000000000000007f       0x80 ./amazon-freertos/FreeRTOS/list.o
 .comment       0x000000000000007f       0x80 ./amazon-freertos/FreeRTOS/queue.o
 .comment       0x000000000000007f       0x80 ./amazon-freertos/FreeRTOS/tasks.o
 .comment       0x000000000000007f       0x80 ./amazon-freertos/FreeRTOS/timers.o
 .comment       0x000000000000007f       0x80 /usr/local/mcuxpressoide-10.3.1_2233/ide/plugins/com.nxp.mcuxpresso.tools.linux_10.3.0.201811011841/tools/bin/../lib/gcc/arm-none-eabi/7.3.1/../../../../arm-none-eabi/lib/thumb/v7e-m/fpv4-sp/hard/libcr_semihost_nf.a(_cr__main.o)
 .comment       0x000000000000007f       0x80 /usr/local/mcuxpressoide-10.3.1_2233/ide/plugins/com.nxp.mcuxpresso.tools.linux_10.3.0.201811011841/tools/bin/../lib/gcc/arm-none-eabi/7.3.1/../../../../arm-none-eabi/lib/thumb/v7e-m/fpv4-sp/hard/libcr_semihost_nf.a(_cr_assert.o)
 .comment       0x000000000000007f       0x80 /usr/local/mcuxpressoide-10.3.1_2233/ide/plugins/com.nxp.mcuxpresso.tools.linux_10.3.0.201811011841/tools/bin/../lib/gcc/arm-none-eabi/7.3.1/../../../../arm-none-eabi/lib/thumb/v7e-m/fpv4-sp/hard/libcr_semihost_nf.a(__ciob.o)
 .comment       0x000000000000007f       0x80 /usr/local/mcuxpressoide-10.3.1_2233/ide/plugins/com.nxp.mcuxpresso.tools.linux_10.3.0.201811011841/tools/bin/../lib/gcc/arm-none-eabi/7.3.1/../../../../arm-none-eabi/lib/thumb/v7e-m/fpv4-sp/hard/libcr_c.a(memcpy.o)
 .comment       0x000000000000007f       0x80 /usr/local/mcuxpressoide-10.3.1_2233/ide/plugins/com.nxp.mcuxpresso.tools.linux_10.3.0.201811011841/tools/bin/../lib/gcc/arm-none-eabi/7.3.1/../../../../arm-none-eabi/lib/thumb/v7e-m/fpv4-sp/hard/libcr_c.a(memset.o)
 .comment       0x000000000000007f       0x80 /usr/local/mcuxpressoide-10.3.1_2233/ide/plugins/com.nxp.mcuxpresso.tools.linux_10.3.0.201811011841/tools/bin/../lib/gcc/arm-none-eabi/7.3.1/../../../../arm-none-eabi/lib/thumb/v7e-m/fpv4-sp/hard/libcr_c.a(_deferredlazyseek.o)
 .comment       0x000000000000007f       0x80 /usr/local/mcuxpressoide-10.3.1_2233/ide/plugins/com.nxp.mcuxpresso.tools.linux_10.3.0.201811011841/tools/bin/../lib/gcc/arm-none-eabi/7.3.1/../../../../arm-none-eabi/lib/thumb/v7e-m/fpv4-sp/hard/libcr_c.a(_fflush.o)
 .comment       0x000000000000007f       0x80 /usr/local/mcuxpressoide-10.3.1_2233/ide/plugins/com.nxp.mcuxpresso.tools.linux_10.3.0.201811011841/tools/bin/../lib/gcc/arm-none-eabi/7.3.1/../../../../arm-none-eabi/lib/thumb/v7e-m/fpv4-sp/hard/libcr_c.a(_writebuf.o)